[0.006s] Invoking command in '/home/danivm/TR-Autonomy-0.5-Daniel-Ticau/build/cpp_pubsub': CMAKE_PREFIX_PATH=/opt/ros/humble /usr/bin/cmake /home/danivm/TR-Autonomy-0.5-Daniel-Ticau/src/cpp_pubsub -DCMAKE_INSTALL_PREFIX=/home/danivm/TR-Autonomy-0.5-Daniel-Ticau/install/cpp_pubsub
[0.289s] -- The C compiler identification is GNU 11.4.0
[0.372s] -- The CXX compiler identification is GNU 11.4.0
[0.382s] -- Detecting C compiler ABI info
[0.430s] -- Detecting C compiler ABI info - done
[0.433s] -- Check for working C compiler: /usr/bin/cc - skipped
[0.433s] -- Detecting C compile features
[0.434s] -- Detecting C compile features - done
[0.436s] -- Detecting CXX compiler ABI info
[0.467s] -- Detecting CXX compiler ABI info - done
[0.469s] -- Check for working CXX compiler: /usr/bin/c++ - skipped
[0.470s] -- Detecting CXX compile features
[0.470s] -- Detecting CXX compile features - done
[0.475s] -- Found ament_cmake: 1.3.14 (/opt/ros/humble/share/ament_cmake/cmake)
[0.538s] -- Found Python3: /usr/bin/python3 (found version "3.10.12") found components: Interpreter 
[0.587s] -- Found rclcpp: 16.0.19 (/opt/ros/humble/share/rclcpp/cmake)
[0.628s] -- Found rosidl_generator_c: 3.1.9 (/opt/ros/humble/share/rosidl_generator_c/cmake)
[0.632s] -- Found rosidl_adapter: 3.1.9 (/opt/ros/humble/share/rosidl_adapter/cmake)
[0.639s] -- Found rosidl_generator_cpp: 3.1.9 (/opt/ros/humble/share/rosidl_generator_cpp/cmake)
[0.650s] -- Using all available rosidl_typesupport_c: rosidl_typesupport_fastrtps_c;rosidl_typesupport_introspection_c
[0.662s] -- Using all available rosidl_typesupport_cpp: rosidl_typesupport_fastrtps_cpp;rosidl_typesupport_introspection_cpp
[0.696s] -- Found rmw_implementation_cmake: 6.1.3 (/opt/ros/humble/share/rmw_implementation_cmake/cmake)
[0.697s] -- Found rmw_fastrtps_cpp: 6.2.10 (/opt/ros/humble/share/rmw_fastrtps_cpp/cmake)
[0.762s] -- Found OpenSSL: /usr/lib/aarch64-linux-gnu/libcrypto.so (found version "3.0.2")  
[0.774s] -- Found FastRTPS: /opt/ros/humble/include  
[0.789s] -- Using RMW implementation 'rmw_fastrtps_cpp' as default
[0.797s] -- Looking for pthread.h
[0.833s] -- Looking for pthread.h - found
[0.833s] -- Performing Test CMAKE_HAVE_LIBC_PTHREAD
[0.871s] -- Performing Test CMAKE_HAVE_LIBC_PTHREAD - Success
[0.871s] -- Found Threads: TRUE  
[0.930s] -- Configuring done
[0.931s] [31mCMake Error at CMakeLists.txt:17 (add_executable):
[0.931s]   Cannot find source file:
[0.931s] 
[0.931s]     src/publisher_member_function.cpp
[0.931s] 
[0.931s]   Tried extensions .c .C .c++ .cc .cpp .cxx .cu .mpp .m .M .mm .ixx .cppm .h
[0.931s]   .hh .h++ .hm .hpp .hxx .in .txx .f .F .for .f77 .f90 .f95 .f03 .hip .ispc
[0.932s] 
[0.932s] [0m
[0.932s] [31mCMake Error at CMakeLists.txt:17 (add_executable):
[0.932s]   No SOURCES given to target: talker
[0.932s] 
[0.932s] [0m
[0.932s] [0mCMake Generate step failed.  Build files cannot be regenerated correctly.[0m
[0.939s] Invoked command in '/home/danivm/TR-Autonomy-0.5-Daniel-Ticau/build/cpp_pubsub' returned '1': CMAKE_PREFIX_PATH=/opt/ros/humble /usr/bin/cmake /home/danivm/TR-Autonomy-0.5-Daniel-Ticau/src/cpp_pubsub -DCMAKE_INSTALL_PREFIX=/home/danivm/TR-Autonomy-0.5-Daniel-Ticau/install/cpp_pubsub
