[0.041s] DEBUG:colcon:Command line arguments: ['/usr/bin/colcon', 'build', '--packages-select', 'my_package']
[0.041s] DEBUG:colcon:Parsed command line arguments: Namespace(log_base=None, log_level=None, verb_name='build', build_base='build', install_base='install', merge_install=False, symlink_install=False, test_result_base=None, continue_on_error=False, executor='parallel', parallel_workers=5, event_handlers=None, ignore_user_meta=False, metas=['./colcon.meta'], base_paths=['.'], packages_ignore=None, packages_ignore_regex=None, paths=None, packages_up_to=None, packages_up_to_regex=None, packages_above=None, packages_above_and_dependencies=None, packages_above_depth=None, packages_select_by_dep=None, packages_skip_by_dep=None, packages_skip_up_to=None, packages_select_build_failed=False, packages_skip_build_finished=False, packages_select_test_failures=False, packages_skip_test_passed=False, packages_select=['my_package'], packages_skip=None, packages_select_regex=None, packages_skip_regex=None, packages_start=None, packages_end=None, allow_overriding=[], cmake_args=None, cmake_target=None, cmake_target_skip_unavailable=False, cmake_clean_cache=False, cmake_clean_first=False, cmake_force_configure=False, ament_cmake_args=None, catkin_cmake_args=None, catkin_skip_building_tests=False, mixin_files=None, mixin=None, verb_parser=<colcon_mixin.mixin.mixin_argument.MixinArgumentDecorator object at 0xffffaf7c5ed0>, verb_extension=<colcon_core.verb.build.BuildVerb object at 0xffffaf7c58d0>, main=<bound method BuildVerb.main of <colcon_core.verb.build.BuildVerb object at 0xffffaf7c58d0>>, mixin_verb=('build',))
[0.090s] Level 1:colcon.colcon_core.package_discovery:discover_packages(colcon_meta) check parameters
[0.090s] Level 1:colcon.colcon_core.package_discovery:discover_packages(recursive) check parameters
[0.090s] Level 1:colcon.colcon_core.package_discovery:discover_packages(ignore) check parameters
[0.090s] Level 1:colcon.colcon_core.package_discovery:discover_packages(path) check parameters
[0.090s] Level 1:colcon.colcon_core.package_discovery:discover_packages(colcon_meta) discover
[0.090s] Level 1:colcon.colcon_core.package_discovery:discover_packages(recursive) discover
[0.090s] INFO:colcon.colcon_core.package_discovery:Crawling recursively for packages in '/home/danivm/TR-Autonomy-0.5-Daniel-Ticau/src/my_package'
[0.090s] Level 1:colcon.colcon_core.package_identification:_identify(.) by extensions ['ignore', 'ignore_ament_install']
[0.090s] Level 1:colcon.colcon_core.package_identification:_identify(.) by extension 'ignore'
[0.090s] Level 1:colcon.colcon_core.package_identification:_identify(.) by extension 'ignore_ament_install'
[0.090s] Level 1:colcon.colcon_core.package_identification:_identify(.) by extensions ['colcon_pkg']
[0.090s] Level 1:colcon.colcon_core.package_identification:_identify(.) by extension 'colcon_pkg'
[0.090s] Level 1:colcon.colcon_core.package_identification:_identify(.) by extensions ['colcon_meta']
[0.090s] Level 1:colcon.colcon_core.package_identification:_identify(.) by extension 'colcon_meta'
[0.090s] Level 1:colcon.colcon_core.package_identification:_identify(.) by extensions ['ros']
[0.090s] Level 1:colcon.colcon_core.package_identification:_identify(.) by extension 'ros'
[0.095s] DEBUG:colcon.colcon_core.package_identification:Package '.' with type 'ros.ament_cmake' and name 'my_package'
[0.095s] Level 1:colcon.colcon_core.package_discovery:discover_packages(recursive) using defaults
[0.095s] Level 1:colcon.colcon_core.package_discovery:discover_packages(ignore) discover
[0.095s] Level 1:colcon.colcon_core.package_discovery:discover_packages(ignore) using defaults
[0.095s] Level 1:colcon.colcon_core.package_discovery:discover_packages(path) discover
[0.095s] Level 1:colcon.colcon_core.package_discovery:discover_packages(path) using defaults
[0.105s] Level 1:colcon.colcon_core.package_discovery:discover_packages(prefix_path) check parameters
[0.105s] Level 1:colcon.colcon_core.package_discovery:discover_packages(prefix_path) discover
[0.106s] DEBUG:colcon.colcon_installed_package_information.package_discovery:Found 2 installed packages in /home/danivm/TR-Autonomy-0.5-Daniel-Ticau/install
[0.106s] DEBUG:colcon.colcon_installed_package_information.package_discovery:Found 273 installed packages in /opt/ros/humble
[0.106s] Level 1:colcon.colcon_core.package_discovery:discover_packages(prefix_path) using defaults
[0.119s] Level 5:colcon.colcon_core.verb:set package 'my_package' build argument 'cmake_args' from command line to 'None'
[0.119s] Level 5:colcon.colcon_core.verb:set package 'my_package' build argument 'cmake_target' from command line to 'None'
[0.119s] Level 5:colcon.colcon_core.verb:set package 'my_package' build argument 'cmake_target_skip_unavailable' from command line to 'False'
[0.119s] Level 5:colcon.colcon_core.verb:set package 'my_package' build argument 'cmake_clean_cache' from command line to 'False'
[0.119s] Level 5:colcon.colcon_core.verb:set package 'my_package' build argument 'cmake_clean_first' from command line to 'False'
[0.119s] Level 5:colcon.colcon_core.verb:set package 'my_package' build argument 'cmake_force_configure' from command line to 'False'
[0.119s] Level 5:colcon.colcon_core.verb:set package 'my_package' build argument 'ament_cmake_args' from command line to 'None'
[0.119s] Level 5:colcon.colcon_core.verb:set package 'my_package' build argument 'catkin_cmake_args' from command line to 'None'
[0.119s] Level 5:colcon.colcon_core.verb:set package 'my_package' build argument 'catkin_skip_building_tests' from command line to 'False'
[0.119s] DEBUG:colcon.colcon_core.verb:Building package 'my_package' with the following arguments: {'ament_cmake_args': None, 'build_base': '/home/danivm/TR-Autonomy-0.5-Daniel-Ticau/src/my_package/build/my_package', 'catkin_cmake_args': None, 'catkin_skip_building_tests': False, 'cmake_args': None, 'cmake_clean_cache': False, 'cmake_clean_first': False, 'cmake_force_configure': False, 'cmake_target': None, 'cmake_target_skip_unavailable': False, 'install_base': '/home/danivm/TR-Autonomy-0.5-Daniel-Ticau/src/my_package/install/my_package', 'merge_install': False, 'path': '/home/danivm/TR-Autonomy-0.5-Daniel-Ticau/src/my_package', 'symlink_install': False, 'test_result_base': None}
[0.119s] INFO:colcon.colcon_core.executor:Executing jobs using 'parallel' executor
[0.120s] DEBUG:colcon.colcon_parallel_executor.executor.parallel:run_until_complete
[0.120s] INFO:colcon.colcon_ros.task.ament_cmake.build:Building ROS package in '/home/danivm/TR-Autonomy-0.5-Daniel-Ticau/src/my_package' with build type 'ament_cmake'
[0.120s] INFO:colcon.colcon_cmake.task.cmake.build:Building CMake package in '/home/danivm/TR-Autonomy-0.5-Daniel-Ticau/src/my_package'
[0.121s] INFO:colcon.colcon_core.plugin_system:Skipping extension 'colcon_core.shell.bat': Not used on non-Windows systems
[0.121s] INFO:colcon.colcon_core.shell:Skip shell extension 'powershell' for command environment: Not usable outside of PowerShell
[0.121s] DEBUG:colcon.colcon_core.shell:Skip shell extension 'dsv' for command environment
[0.124s] DEBUG:colcon.colcon_core.event_handler.log_command:Invoking command in '/home/danivm/TR-Autonomy-0.5-Daniel-Ticau/src/my_package/build/my_package': CMAKE_PREFIX_PATH=${CMAKE_PREFIX_PATH}:/opt/ros/humble /usr/bin/cmake --build /home/danivm/TR-Autonomy-0.5-Daniel-Ticau/src/my_package/build/my_package -- -j5 -l5
[0.143s] DEBUG:colcon.colcon_core.event_handler.log_command:Invoked command in '/home/danivm/TR-Autonomy-0.5-Daniel-Ticau/src/my_package/build/my_package' returned '0': CMAKE_PREFIX_PATH=${CMAKE_PREFIX_PATH}:/opt/ros/humble /usr/bin/cmake --build /home/danivm/TR-Autonomy-0.5-Daniel-Ticau/src/my_package/build/my_package -- -j5 -l5
[0.147s] DEBUG:colcon.colcon_core.event_handler.log_command:Invoking command in '/home/danivm/TR-Autonomy-0.5-Daniel-Ticau/src/my_package/build/my_package': CMAKE_PREFIX_PATH=${CMAKE_PREFIX_PATH}:/opt/ros/humble /usr/bin/cmake --install /home/danivm/TR-Autonomy-0.5-Daniel-Ticau/src/my_package/build/my_package
[0.151s] Level 1:colcon.colcon_core.environment:create_environment_scripts_only(my_package)
[0.152s] DEBUG:colcon.colcon_core.event_handler.log_command:Invoked command in '/home/danivm/TR-Autonomy-0.5-Daniel-Ticau/src/my_package/build/my_package' returned '0': CMAKE_PREFIX_PATH=${CMAKE_PREFIX_PATH}:/opt/ros/humble /usr/bin/cmake --install /home/danivm/TR-Autonomy-0.5-Daniel-Ticau/src/my_package/build/my_package
[0.152s] Level 1:colcon.colcon_core.environment:checking '/home/danivm/TR-Autonomy-0.5-Daniel-Ticau/src/my_package/install/my_package' for CMake module files
[0.152s] Level 1:colcon.colcon_core.environment:checking '/home/danivm/TR-Autonomy-0.5-Daniel-Ticau/src/my_package/install/my_package' for CMake config files
[0.152s] Level 1:colcon.colcon_core.shell:create_environment_hook('my_package', 'cmake_prefix_path')
[0.153s] INFO:colcon.colcon_core.shell:Creating environment hook '/home/danivm/TR-Autonomy-0.5-Daniel-Ticau/src/my_package/install/my_package/share/my_package/hook/cmake_prefix_path.ps1'
[0.153s] INFO:colcon.colcon_core.shell:Creating environment descriptor '/home/danivm/TR-Autonomy-0.5-Daniel-Ticau/src/my_package/install/my_package/share/my_package/hook/cmake_prefix_path.dsv'
[0.153s] INFO:colcon.colcon_core.shell:Creating environment hook '/home/danivm/TR-Autonomy-0.5-Daniel-Ticau/src/my_package/install/my_package/share/my_package/hook/cmake_prefix_path.sh'
[0.154s] Level 1:colcon.colcon_core.environment:checking '/home/danivm/TR-Autonomy-0.5-Daniel-Ticau/src/my_package/install/my_package/lib'
[0.154s] Level 1:colcon.colcon_core.environment:checking '/home/danivm/TR-Autonomy-0.5-Daniel-Ticau/src/my_package/install/my_package/bin'
[0.154s] Level 1:colcon.colcon_core.environment:checking '/home/danivm/TR-Autonomy-0.5-Daniel-Ticau/src/my_package/install/my_package/lib/pkgconfig/my_package.pc'
[0.154s] Level 1:colcon.colcon_core.environment:checking '/home/danivm/TR-Autonomy-0.5-Daniel-Ticau/src/my_package/install/my_package/lib/python3.10/site-packages'
[0.154s] Level 1:colcon.colcon_core.environment:checking '/home/danivm/TR-Autonomy-0.5-Daniel-Ticau/src/my_package/install/my_package/bin'
[0.154s] INFO:colcon.colcon_core.shell:Creating package script '/home/danivm/TR-Autonomy-0.5-Daniel-Ticau/src/my_package/install/my_package/share/my_package/package.ps1'
[0.155s] INFO:colcon.colcon_core.shell:Creating package descriptor '/home/danivm/TR-Autonomy-0.5-Daniel-Ticau/src/my_package/install/my_package/share/my_package/package.dsv'
[0.155s] INFO:colcon.colcon_core.shell:Creating package script '/home/danivm/TR-Autonomy-0.5-Daniel-Ticau/src/my_package/install/my_package/share/my_package/package.sh'
[0.155s] INFO:colcon.colcon_core.shell:Creating package script '/home/danivm/TR-Autonomy-0.5-Daniel-Ticau/src/my_package/install/my_package/share/my_package/package.bash'
[0.156s] INFO:colcon.colcon_core.shell:Creating package script '/home/danivm/TR-Autonomy-0.5-Daniel-Ticau/src/my_package/install/my_package/share/my_package/package.zsh'
[0.156s] Level 1:colcon.colcon_core.environment:create_file_with_runtime_dependencies(/home/danivm/TR-Autonomy-0.5-Daniel-Ticau/src/my_package/install/my_package/share/colcon-core/packages/my_package)
[0.156s] Level 1:colcon.colcon_core.environment:create_environment_scripts_only(my_package)
[0.156s] Level 1:colcon.colcon_core.environment:checking '/home/danivm/TR-Autonomy-0.5-Daniel-Ticau/src/my_package/install/my_package' for CMake module files
[0.156s] Level 1:colcon.colcon_core.environment:checking '/home/danivm/TR-Autonomy-0.5-Daniel-Ticau/src/my_package/install/my_package' for CMake config files
[0.156s] Level 1:colcon.colcon_core.shell:create_environment_hook('my_package', 'cmake_prefix_path')
[0.156s] INFO:colcon.colcon_core.shell:Creating environment hook '/home/danivm/TR-Autonomy-0.5-Daniel-Ticau/src/my_package/install/my_package/share/my_package/hook/cmake_prefix_path.ps1'
[0.157s] INFO:colcon.colcon_core.shell:Creating environment descriptor '/home/danivm/TR-Autonomy-0.5-Daniel-Ticau/src/my_package/install/my_package/share/my_package/hook/cmake_prefix_path.dsv'
[0.157s] INFO:colcon.colcon_core.shell:Creating environment hook '/home/danivm/TR-Autonomy-0.5-Daniel-Ticau/src/my_package/install/my_package/share/my_package/hook/cmake_prefix_path.sh'
[0.157s] Level 1:colcon.colcon_core.environment:checking '/home/danivm/TR-Autonomy-0.5-Daniel-Ticau/src/my_package/install/my_package/lib'
[0.157s] Level 1:colcon.colcon_core.environment:checking '/home/danivm/TR-Autonomy-0.5-Daniel-Ticau/src/my_package/install/my_package/bin'
[0.157s] Level 1:colcon.colcon_core.environment:checking '/home/danivm/TR-Autonomy-0.5-Daniel-Ticau/src/my_package/install/my_package/lib/pkgconfig/my_package.pc'
[0.157s] Level 1:colcon.colcon_core.environment:checking '/home/danivm/TR-Autonomy-0.5-Daniel-Ticau/src/my_package/install/my_package/lib/python3.10/site-packages'
[0.157s] Level 1:colcon.colcon_core.environment:checking '/home/danivm/TR-Autonomy-0.5-Daniel-Ticau/src/my_package/install/my_package/bin'
[0.157s] INFO:colcon.colcon_core.shell:Creating package script '/home/danivm/TR-Autonomy-0.5-Daniel-Ticau/src/my_package/install/my_package/share/my_package/package.ps1'
[0.158s] INFO:colcon.colcon_core.shell:Creating package descriptor '/home/danivm/TR-Autonomy-0.5-Daniel-Ticau/src/my_package/install/my_package/share/my_package/package.dsv'
[0.158s] INFO:colcon.colcon_core.shell:Creating package script '/home/danivm/TR-Autonomy-0.5-Daniel-Ticau/src/my_package/install/my_package/share/my_package/package.sh'
[0.158s] INFO:colcon.colcon_core.shell:Creating package script '/home/danivm/TR-Autonomy-0.5-Daniel-Ticau/src/my_package/install/my_package/share/my_package/package.bash'
[0.158s] INFO:colcon.colcon_core.shell:Creating package script '/home/danivm/TR-Autonomy-0.5-Daniel-Ticau/src/my_package/install/my_package/share/my_package/package.zsh'
[0.159s] Level 1:colcon.colcon_core.environment:create_file_with_runtime_dependencies(/home/danivm/TR-Autonomy-0.5-Daniel-Ticau/src/my_package/install/my_package/share/colcon-core/packages/my_package)
[0.159s] DEBUG:colcon.colcon_parallel_executor.executor.parallel:closing loop
[0.159s] DEBUG:colcon.colcon_parallel_executor.executor.parallel:loop closed
[0.159s] DEBUG:colcon.colcon_parallel_executor.executor.parallel:run_until_complete finished with '0'
[0.159s] DEBUG:colcon.colcon_core.event_reactor:joining thread
[0.159s] DEBUG:colcon.colcon_core.event_reactor:joined thread
[0.160s] INFO:colcon.colcon_core.shell:Creating prefix script '/home/danivm/TR-Autonomy-0.5-Daniel-Ticau/src/my_package/install/local_setup.ps1'
[0.160s] INFO:colcon.colcon_core.shell:Creating prefix util module '/home/danivm/TR-Autonomy-0.5-Daniel-Ticau/src/my_package/install/_local_setup_util_ps1.py'
[0.161s] INFO:colcon.colcon_core.shell:Creating prefix chain script '/home/danivm/TR-Autonomy-0.5-Daniel-Ticau/src/my_package/install/setup.ps1'
[0.161s] INFO:colcon.colcon_core.shell:Creating prefix script '/home/danivm/TR-Autonomy-0.5-Daniel-Ticau/src/my_package/install/local_setup.sh'
[0.161s] INFO:colcon.colcon_core.shell:Creating prefix util module '/home/danivm/TR-Autonomy-0.5-Daniel-Ticau/src/my_package/install/_local_setup_util_sh.py'
[0.161s] INFO:colcon.colcon_core.shell:Creating prefix chain script '/home/danivm/TR-Autonomy-0.5-Daniel-Ticau/src/my_package/install/setup.sh'
[0.162s] INFO:colcon.colcon_core.shell:Creating prefix script '/home/danivm/TR-Autonomy-0.5-Daniel-Ticau/src/my_package/install/local_setup.bash'
[0.162s] INFO:colcon.colcon_core.shell:Creating prefix chain script '/home/danivm/TR-Autonomy-0.5-Daniel-Ticau/src/my_package/install/setup.bash'
[0.163s] INFO:colcon.colcon_core.shell:Creating prefix script '/home/danivm/TR-Autonomy-0.5-Daniel-Ticau/src/my_package/install/local_setup.zsh'
[0.163s] INFO:colcon.colcon_core.shell:Creating prefix chain script '/home/danivm/TR-Autonomy-0.5-Daniel-Ticau/src/my_package/install/setup.zsh'
