[0.003s] Invoking command in '/home/danivm/TR-Autonomy-0.5-Daniel-Ticau/src/my_package/build/my_package': CMAKE_PREFIX_PATH=${CMAKE_PREFIX_PATH}:/opt/ros/humble /usr/bin/cmake /home/danivm/TR-Autonomy-0.5-Daniel-Ticau/src/my_package -DCMAKE_INSTALL_PREFIX=/home/danivm/TR-Autonomy-0.5-Daniel-Ticau/src/my_package/install/my_package
[0.031s] -- The C compiler identification is GNU 11.4.0
[0.053s] -- The CXX compiler identification is GNU 11.4.0
[0.056s] -- Detecting C compiler ABI info
[0.081s] -- Detecting C compiler ABI info - done
[0.084s] -- Check for working C compiler: /usr/bin/cc - skipped
[0.084s] -- Detecting C compile features
[0.084s] -- Detecting C compile features - done
[0.086s] -- Detecting CXX compiler ABI info
[0.113s] -- Detecting CXX compiler ABI info - done
[0.116s] -- Check for working CXX compiler: /usr/bin/c++ - skipped
[0.116s] -- Detecting CXX compile features
[0.116s] -- Detecting CXX compile features - done
[0.117s] -- Found ament_cmake: 1.3.14 (/opt/ros/humble/share/ament_cmake/cmake)
[0.170s] -- Found Python3: /usr/bin/python3 (found version "3.10.12") found components: Interpreter 
[0.202s] -- Found ament_lint_auto: 0.12.15 (/opt/ros/humble/share/ament_lint_auto/cmake)
[0.229s] -- Added test 'cppcheck' to perform static code analysis on C / C++ code
[0.229s] -- Configured cppcheck include dirs: $<BUILD_INTERFACE:/home/danivm/TR-Autonomy-0.5-Daniel-Ticau/src/my_package/include>
[0.229s] -- Configured cppcheck exclude dirs and/or files: 
[0.230s] -- Added test 'lint_cmake' to check CMake code style
[0.232s] -- Added test 'uncrustify' to check C / C++ code style
[0.232s] -- Configured uncrustify additional arguments: 
[0.232s] -- Added test 'xmllint' to check XML markup files
[0.233s] -- Configuring done
[0.235s] -- Generating done
[0.236s] -- Build files have been written to: /home/danivm/TR-Autonomy-0.5-Daniel-Ticau/src/my_package/build/my_package
[0.238s] Invoked command in '/home/danivm/TR-Autonomy-0.5-Daniel-Ticau/src/my_package/build/my_package' returned '0': CMAKE_PREFIX_PATH=${CMAKE_PREFIX_PATH}:/opt/ros/humble /usr/bin/cmake /home/danivm/TR-Autonomy-0.5-Daniel-Ticau/src/my_package -DCMAKE_INSTALL_PREFIX=/home/danivm/TR-Autonomy-0.5-Daniel-Ticau/src/my_package/install/my_package
[0.239s] Invoking command in '/home/danivm/TR-Autonomy-0.5-Daniel-Ticau/src/my_package/build/my_package': CMAKE_PREFIX_PATH=${CMAKE_PREFIX_PATH}:/opt/ros/humble /usr/bin/cmake --build /home/danivm/TR-Autonomy-0.5-Daniel-Ticau/src/my_package/build/my_package -- -j5 -l5
[0.253s] [ 50%] [32mBuilding CXX object CMakeFiles/my_node.dir/src/my_node.cpp.o[0m
[0.264s] [100%] [32m[1mLinking CXX executable my_node[0m
[0.281s] [100%] Built target my_node
[0.285s] Invoked command in '/home/danivm/TR-Autonomy-0.5-Daniel-Ticau/src/my_package/build/my_package' returned '0': CMAKE_PREFIX_PATH=${CMAKE_PREFIX_PATH}:/opt/ros/humble /usr/bin/cmake --build /home/danivm/TR-Autonomy-0.5-Daniel-Ticau/src/my_package/build/my_package -- -j5 -l5
[0.288s] Invoking command in '/home/danivm/TR-Autonomy-0.5-Daniel-Ticau/src/my_package/build/my_package': CMAKE_PREFIX_PATH=${CMAKE_PREFIX_PATH}:/opt/ros/humble /usr/bin/cmake --install /home/danivm/TR-Autonomy-0.5-Daniel-Ticau/src/my_package/build/my_package
[0.290s] -- Install configuration: ""
[0.291s] -- Installing: /home/danivm/TR-Autonomy-0.5-Daniel-Ticau/src/my_package/install/my_package/lib/my_package/my_node
[0.291s] -- Installing: /home/danivm/TR-Autonomy-0.5-Daniel-Ticau/src/my_package/install/my_package/share/ament_index/resource_index/package_run_dependencies/my_package
[0.291s] -- Installing: /home/danivm/TR-Autonomy-0.5-Daniel-Ticau/src/my_package/install/my_package/share/ament_index/resource_index/parent_prefix_path/my_package
[0.291s] -- Installing: /home/danivm/TR-Autonomy-0.5-Daniel-Ticau/src/my_package/install/my_package/share/my_package/environment/ament_prefix_path.sh
[0.291s] -- Installing: /home/danivm/TR-Autonomy-0.5-Daniel-Ticau/src/my_package/install/my_package/share/my_package/environment/ament_prefix_path.dsv
[0.291s] -- Installing: /home/danivm/TR-Autonomy-0.5-Daniel-Ticau/src/my_package/install/my_package/share/my_package/environment/path.sh
[0.291s] -- Installing: /home/danivm/TR-Autonomy-0.5-Daniel-Ticau/src/my_package/install/my_package/share/my_package/environment/path.dsv
[0.291s] -- Installing: /home/danivm/TR-Autonomy-0.5-Daniel-Ticau/src/my_package/install/my_package/share/my_package/local_setup.bash
[0.291s] -- Installing: /home/danivm/TR-Autonomy-0.5-Daniel-Ticau/src/my_package/install/my_package/share/my_package/local_setup.sh
[0.291s] -- Installing: /home/danivm/TR-Autonomy-0.5-Daniel-Ticau/src/my_package/install/my_package/share/my_package/local_setup.zsh
[0.291s] -- Installing: /home/danivm/TR-Autonomy-0.5-Daniel-Ticau/src/my_package/install/my_package/share/my_package/local_setup.dsv
[0.291s] -- Installing: /home/danivm/TR-Autonomy-0.5-Daniel-Ticau/src/my_package/install/my_package/share/my_package/package.dsv
[0.291s] -- Installing: /home/danivm/TR-Autonomy-0.5-Daniel-Ticau/src/my_package/install/my_package/share/ament_index/resource_index/packages/my_package
[0.291s] -- Installing: /home/danivm/TR-Autonomy-0.5-Daniel-Ticau/src/my_package/install/my_package/share/my_package/cmake/my_packageConfig.cmake
[0.292s] -- Installing: /home/danivm/TR-Autonomy-0.5-Daniel-Ticau/src/my_package/install/my_package/share/my_package/cmake/my_packageConfig-version.cmake
[0.292s] -- Installing: /home/danivm/TR-Autonomy-0.5-Daniel-Ticau/src/my_package/install/my_package/share/my_package/package.xml
[0.293s] Invoked command in '/home/danivm/TR-Autonomy-0.5-Daniel-Ticau/src/my_package/build/my_package' returned '0': CMAKE_PREFIX_PATH=${CMAKE_PREFIX_PATH}:/opt/ros/humble /usr/bin/cmake --install /home/danivm/TR-Autonomy-0.5-Daniel-Ticau/src/my_package/build/my_package
