[0.004s] Invoking command in '/home/danivm/TR-Autonomy-0.5-Daniel-Ticau/build/cpp_pubsub': CMAKE_PREFIX_PATH=/opt/ros/humble /usr/bin/cmake /home/danivm/TR-Autonomy-0.5-Daniel-Ticau/src/cpp_pubsub -DCMAKE_INSTALL_PREFIX=/home/danivm/TR-Autonomy-0.5-Daniel-Ticau/install/cpp_pubsub
[0.008s] -- Found ament_cmake: 1.3.14 (/opt/ros/humble/share/ament_cmake/cmake)
[0.054s] -- Found rclcpp: 16.0.19 (/opt/ros/humble/share/rclcpp/cmake)
[0.065s] -- Found rosidl_generator_c: 3.1.9 (/opt/ros/humble/share/rosidl_generator_c/cmake)
[0.065s] -- Found rosidl_adapter: 3.1.9 (/opt/ros/humble/share/rosidl_adapter/cmake)
[0.068s] -- Found rosidl_generator_cpp: 3.1.9 (/opt/ros/humble/share/rosidl_generator_cpp/cmake)
[0.071s] -- Using all available rosidl_typesupport_c: rosidl_typesupport_fastrtps_c;rosidl_typesupport_introspection_c
[0.075s] -- Using all available rosidl_typesupport_cpp: rosidl_typesupport_fastrtps_cpp;rosidl_typesupport_introspection_cpp
[0.085s] -- Found rmw_implementation_cmake: 6.1.3 (/opt/ros/humble/share/rmw_implementation_cmake/cmake)
[0.086s] -- Found rmw_fastrtps_cpp: 6.2.10 (/opt/ros/humble/share/rmw_fastrtps_cpp/cmake)
[0.125s] -- Using RMW implementation 'rmw_fastrtps_cpp' as default
[0.169s] -- Configuring done
[0.178s] -- Generating done
[0.182s] -- Build files have been written to: /home/danivm/TR-Autonomy-0.5-Daniel-Ticau/build/cpp_pubsub
[0.186s] Invoked command in '/home/danivm/TR-Autonomy-0.5-Daniel-Ticau/build/cpp_pubsub' returned '0': CMAKE_PREFIX_PATH=/opt/ros/humble /usr/bin/cmake /home/danivm/TR-Autonomy-0.5-Daniel-Ticau/src/cpp_pubsub -DCMAKE_INSTALL_PREFIX=/home/danivm/TR-Autonomy-0.5-Daniel-Ticau/install/cpp_pubsub
[0.187s] Invoking command in '/home/danivm/TR-Autonomy-0.5-Daniel-Ticau/build/cpp_pubsub': CMAKE_PREFIX_PATH=/opt/ros/humble /usr/bin/cmake --build /home/danivm/TR-Autonomy-0.5-Daniel-Ticau/build/cpp_pubsub -- -j5 -l5
[0.202s] [ 25%] [32mBuilding CXX object CMakeFiles/talker.dir/src/publisher_member_function.cpp.o[0m
[0.202s] [ 50%] [32mBuilding CXX object CMakeFiles/listener.dir/src/subscriber_member_function.cpp.o[0m
[3.328s] [ 75%] [32m[1mLinking CXX executable talker[0m
[3.417s] [ 75%] Built target talker
[4.613s] [100%] [32m[1mLinking CXX executable listener[0m
[4.761s] [100%] Built target listener
[4.765s] Invoked command in '/home/danivm/TR-Autonomy-0.5-Daniel-Ticau/build/cpp_pubsub' returned '0': CMAKE_PREFIX_PATH=/opt/ros/humble /usr/bin/cmake --build /home/danivm/TR-Autonomy-0.5-Daniel-Ticau/build/cpp_pubsub -- -j5 -l5
[4.768s] Invoking command in '/home/danivm/TR-Autonomy-0.5-Daniel-Ticau/build/cpp_pubsub': CMAKE_PREFIX_PATH=/opt/ros/humble /usr/bin/cmake --install /home/danivm/TR-Autonomy-0.5-Daniel-Ticau/build/cpp_pubsub
[4.770s] -- Install configuration: ""
[4.770s] -- Installing: /home/danivm/TR-Autonomy-0.5-Daniel-Ticau/install/cpp_pubsub/lib/cpp_pubsub/talker
[4.771s] -- Set runtime path of "/home/danivm/TR-Autonomy-0.5-Daniel-Ticau/install/cpp_pubsub/lib/cpp_pubsub/talker" to ""
[4.771s] -- Installing: /home/danivm/TR-Autonomy-0.5-Daniel-Ticau/install/cpp_pubsub/lib/cpp_pubsub/listener
[4.772s] -- Set runtime path of "/home/danivm/TR-Autonomy-0.5-Daniel-Ticau/install/cpp_pubsub/lib/cpp_pubsub/listener" to ""
[4.772s] -- Installing: /home/danivm/TR-Autonomy-0.5-Daniel-Ticau/install/cpp_pubsub/share/ament_index/resource_index/package_run_dependencies/cpp_pubsub
[4.772s] -- Installing: /home/danivm/TR-Autonomy-0.5-Daniel-Ticau/install/cpp_pubsub/share/ament_index/resource_index/parent_prefix_path/cpp_pubsub
[4.773s] -- Installing: /home/danivm/TR-Autonomy-0.5-Daniel-Ticau/install/cpp_pubsub/share/cpp_pubsub/environment/ament_prefix_path.sh
[4.773s] -- Installing: /home/danivm/TR-Autonomy-0.5-Daniel-Ticau/install/cpp_pubsub/share/cpp_pubsub/environment/ament_prefix_path.dsv
[4.773s] -- Installing: /home/danivm/TR-Autonomy-0.5-Daniel-Ticau/install/cpp_pubsub/share/cpp_pubsub/environment/path.sh
[4.773s] -- Installing: /home/danivm/TR-Autonomy-0.5-Daniel-Ticau/install/cpp_pubsub/share/cpp_pubsub/environment/path.dsv
[4.773s] -- Installing: /home/danivm/TR-Autonomy-0.5-Daniel-Ticau/install/cpp_pubsub/share/cpp_pubsub/local_setup.bash
[4.773s] -- Installing: /home/danivm/TR-Autonomy-0.5-Daniel-Ticau/install/cpp_pubsub/share/cpp_pubsub/local_setup.sh
[4.773s] -- Installing: /home/danivm/TR-Autonomy-0.5-Daniel-Ticau/install/cpp_pubsub/share/cpp_pubsub/local_setup.zsh
[4.773s] -- Installing: /home/danivm/TR-Autonomy-0.5-Daniel-Ticau/install/cpp_pubsub/share/cpp_pubsub/local_setup.dsv
[4.773s] -- Installing: /home/danivm/TR-Autonomy-0.5-Daniel-Ticau/install/cpp_pubsub/share/cpp_pubsub/package.dsv
[4.773s] -- Installing: /home/danivm/TR-Autonomy-0.5-Daniel-Ticau/install/cpp_pubsub/share/ament_index/resource_index/packages/cpp_pubsub
[4.773s] -- Installing: /home/danivm/TR-Autonomy-0.5-Daniel-Ticau/install/cpp_pubsub/share/cpp_pubsub/cmake/cpp_pubsubConfig.cmake
[4.773s] -- Installing: /home/danivm/TR-Autonomy-0.5-Daniel-Ticau/install/cpp_pubsub/share/cpp_pubsub/cmake/cpp_pubsubConfig-version.cmake
[4.773s] -- Installing: /home/danivm/TR-Autonomy-0.5-Daniel-Ticau/install/cpp_pubsub/share/cpp_pubsub/package.xml
[4.774s] Invoked command in '/home/danivm/TR-Autonomy-0.5-Daniel-Ticau/build/cpp_pubsub' returned '0': CMAKE_PREFIX_PATH=/opt/ros/humble /usr/bin/cmake --install /home/danivm/TR-Autonomy-0.5-Daniel-Ticau/build/cpp_pubsub
