[0.003s] Invoking command in '/home/danivm/TR-Autonomy-0.5-Daniel-Ticau/build/turtlesim': CMAKE_PREFIX_PATH=/opt/ros/humble /usr/bin/cmake /home/danivm/TR-Autonomy-0.5-Daniel-Ticau/ros_tutorials/turtlesim -DCMAKE_INSTALL_PREFIX=/home/danivm/TR-Autonomy-0.5-Daniel-Ticau/install/turtlesim
[0.072s] -- The C compiler identification is GNU 11.4.0
[0.106s] -- The CXX compiler identification is GNU 11.4.0
[0.112s] -- Detecting C compiler ABI info
[0.138s] -- Detecting C compiler ABI info - done
[0.141s] -- Check for working C compiler: /usr/bin/cc - skipped
[0.141s] -- Detecting C compile features
[0.142s] -- Detecting C compile features - done
[0.144s] -- Detecting CXX compiler ABI info
[0.170s] -- Detecting CXX compiler ABI info - done
[0.173s] -- Check for working CXX compiler: /usr/bin/c++ - skipped
[0.173s] -- Detecting CXX compile features
[0.173s] -- Detecting CXX compile features - done
[0.174s] -- Found ament_cmake: 1.3.14 (/opt/ros/humble/share/ament_cmake/cmake)
[0.225s] -- Found Python3: /usr/bin/python3 (found version "3.10.12") found components: Interpreter 
[0.256s] -- Found ament_index_cpp: 1.4.1 (/opt/ros/humble/share/ament_index_cpp/cmake)
[0.257s] -- Found geometry_msgs: 4.9.2 (/opt/ros/humble/share/geometry_msgs/cmake)
[0.270s] -- Found rosidl_generator_c: 3.1.9 (/opt/ros/humble/share/rosidl_generator_c/cmake)
[0.271s] -- Found rosidl_adapter: 3.1.9 (/opt/ros/humble/share/rosidl_adapter/cmake)
[0.274s] -- Found rosidl_generator_cpp: 3.1.9 (/opt/ros/humble/share/rosidl_generator_cpp/cmake)
[0.278s] -- Using all available rosidl_typesupport_c: rosidl_typesupport_fastrtps_c;rosidl_typesupport_introspection_c
[0.283s] -- Using all available rosidl_typesupport_cpp: rosidl_typesupport_fastrtps_cpp;rosidl_typesupport_introspection_cpp
[0.303s] -- Found rclcpp: 16.0.19 (/opt/ros/humble/share/rclcpp/cmake)
[0.315s] -- Found rmw_implementation_cmake: 6.1.3 (/opt/ros/humble/share/rmw_implementation_cmake/cmake)
[0.316s] -- Found rmw_fastrtps_cpp: 6.2.10 (/opt/ros/humble/share/rmw_fastrtps_cpp/cmake)
[0.342s] -- Found OpenSSL: /usr/lib/aarch64-linux-gnu/libcrypto.so (found version "3.0.2")  
[0.354s] -- Found FastRTPS: /opt/ros/humble/include  
[0.369s] -- Using RMW implementation 'rmw_fastrtps_cpp' as default
[0.373s] -- Looking for pthread.h
[0.401s] -- Looking for pthread.h - found
[0.401s] -- Performing Test CMAKE_HAVE_LIBC_PTHREAD
[0.426s] -- Performing Test CMAKE_HAVE_LIBC_PTHREAD - Success
[0.427s] -- Found Threads: TRUE  
[0.442s] -- Found rclcpp_action: 16.0.19 (/opt/ros/humble/share/rclcpp_action/cmake)
[0.454s] -- Found rosidl_default_generators: 1.2.1 (/opt/ros/humble/share/rosidl_default_generators/cmake)
[0.458s] -- Found std_srvs: 4.9.2 (/opt/ros/humble/share/std_srvs/cmake)
[0.565s] -- Found ament_cmake_ros: 0.10.0 (/opt/ros/humble/share/ament_cmake_ros/cmake)
[0.674s] -- Using all available rosidl_typesupport_c: rosidl_typesupport_fastrtps_c;rosidl_typesupport_introspection_c
[0.716s] -- Using all available rosidl_typesupport_cpp: rosidl_typesupport_fastrtps_cpp;rosidl_typesupport_introspection_cpp
[0.724s] -- Found PythonInterp: /usr/bin/python3 (found suitable version "3.10.12", minimum required is "3.6") 
[0.724s] -- Found python_cmake_module: 0.10.0 (/opt/ros/humble/share/python_cmake_module/cmake)
[0.735s] -- Found PythonLibs: /usr/lib/aarch64-linux-gnu/libpython3.10.so (found suitable version "3.10.12", minimum required is "3.5") 
[0.736s] -- Using PYTHON_EXECUTABLE: /usr/bin/python3
[0.736s] -- Using PYTHON_INCLUDE_DIRS: /usr/include/python3.10
[0.736s] -- Using PYTHON_LIBRARIES: /usr/lib/aarch64-linux-gnu/libpython3.10.so
[0.743s] -- Found PythonExtra: .so  
[0.783s] -- Configuring done
[0.810s] -- Generating done
[0.818s] -- Build files have been written to: /home/danivm/TR-Autonomy-0.5-Daniel-Ticau/build/turtlesim
[0.824s] Invoked command in '/home/danivm/TR-Autonomy-0.5-Daniel-Ticau/build/turtlesim' returned '0': CMAKE_PREFIX_PATH=/opt/ros/humble /usr/bin/cmake /home/danivm/TR-Autonomy-0.5-Daniel-Ticau/ros_tutorials/turtlesim -DCMAKE_INSTALL_PREFIX=/home/danivm/TR-Autonomy-0.5-Daniel-Ticau/install/turtlesim
[0.825s] Invoking command in '/home/danivm/TR-Autonomy-0.5-Daniel-Ticau/build/turtlesim': CMAKE_PREFIX_PATH=/opt/ros/humble /usr/bin/cmake --build /home/danivm/TR-Autonomy-0.5-Daniel-Ticau/build/turtlesim -- -j5 -l5
[0.839s] [  1%] [34m[1mGenerating C code for ROS interfaces[0m
[0.842s] [  2%] [34m[1mGenerating Rust code for ROS interfaces[0m
[0.842s] [  3%] [34m[1mGenerating C++ code for ROS interfaces[0m
[0.844s] [  3%] Built target ament_cmake_python_copy_turtlesim
[0.928s] running egg_info
[0.928s] creating turtlesim.egg-info
[0.928s] writing turtlesim.egg-info/PKG-INFO
[0.928s] writing dependency_links to turtlesim.egg-info/dependency_links.txt
[0.928s] writing top-level names to turtlesim.egg-info/top_level.txt
[0.928s] writing manifest file 'turtlesim.egg-info/SOURCES.txt'
[0.929s] reading manifest file 'turtlesim.egg-info/SOURCES.txt'
[0.929s] writing manifest file 'turtlesim.egg-info/SOURCES.txt'
[0.941s] [  3%] Built target ament_cmake_python_build_turtlesim_egg
[0.990s] [  3%] Built target turtlesim__rs
[1.171s] [  3%] Built target turtlesim__cpp
[1.174s] [  4%] [34m[1mGenerating C++ type support for eProsima Fast-RTPS[0m
[1.187s] [  5%] [34m[1mGenerating C++ introspection for ROS interfaces[0m
[1.192s] [  6%] [34m[1mGenerating C++ type support dispatch for ROS interfaces[0m
[1.197s] [  7%] [32mBuilding C object CMakeFiles/turtlesim__rosidl_generator_c.dir/rosidl_generator_c/turtlesim/action/detail/rotate_absolute__functions.c.o[0m
[1.198s] [  8%] [32mBuilding C object CMakeFiles/turtlesim__rosidl_generator_c.dir/rosidl_generator_c/turtlesim/msg/detail/color__functions.c.o[0m
[1.226s] [  9%] [32mBuilding C object CMakeFiles/turtlesim__rosidl_generator_c.dir/rosidl_generator_c/turtlesim/msg/detail/pose__functions.c.o[0m
[1.244s] [ 10%] [32mBuilding C object CMakeFiles/turtlesim__rosidl_generator_c.dir/rosidl_generator_c/turtlesim/srv/detail/kill__functions.c.o[0m
[1.252s] [ 11%] [32mBuilding C object CMakeFiles/turtlesim__rosidl_generator_c.dir/rosidl_generator_c/turtlesim/srv/detail/set_pen__functions.c.o[0m
[1.271s] [ 12%] [32mBuilding C object CMakeFiles/turtlesim__rosidl_generator_c.dir/rosidl_generator_c/turtlesim/srv/detail/spawn__functions.c.o[0m
[1.274s] [ 13%] [32mBuilding C object CMakeFiles/turtlesim__rosidl_generator_c.dir/rosidl_generator_c/turtlesim/srv/detail/teleport_absolute__functions.c.o[0m
[1.293s] [ 14%] [32mBuilding C object CMakeFiles/turtlesim__rosidl_generator_c.dir/rosidl_generator_c/turtlesim/srv/detail/teleport_relative__functions.c.o[0m
[1.314s] [ 15%] [32m[1mLinking C shared library libturtlesim__rosidl_generator_c.so[0m
[1.333s] [ 15%] Built target turtlesim__rosidl_generator_c
[1.336s] [ 16%] [34m[1mGenerating C introspection for ROS interfaces[0m
[1.336s] [ 17%] [34m[1mGenerating C type support for eProsima Fast-RTPS[0m
[1.392s] [ 18%] [32mBuilding CXX object CMakeFiles/turtlesim__rosidl_typesupport_cpp.dir/rosidl_typesupport_cpp/turtlesim/action/rotate_absolute__type_support.cpp.o[0m
[1.456s] [ 19%] [32mBuilding CXX object CMakeFiles/turtlesim__rosidl_typesupport_introspection_cpp.dir/rosidl_typesupport_introspection_cpp/turtlesim/action/detail/rotate_absolute__type_support.cpp.o[0m
[1.506s] [ 20%] [32mBuilding CXX object CMakeFiles/turtlesim__rosidl_typesupport_fastrtps_cpp.dir/rosidl_typesupport_fastrtps_cpp/turtlesim/action/detail/dds_fastrtps/rotate_absolute__type_support.cpp.o[0m
[1.591s] [ 21%] [32mBuilding CXX object CMakeFiles/turtlesim__rosidl_typesupport_cpp.dir/rosidl_typesupport_cpp/turtlesim/msg/color__type_support.cpp.o[0m
[1.635s] [ 22%] [32mBuilding C object CMakeFiles/turtlesim__rosidl_typesupport_introspection_c.dir/rosidl_typesupport_introspection_c/turtlesim/action/detail/rotate_absolute__type_support.c.o[0m
[1.646s] [ 23%] [32mBuilding CXX object CMakeFiles/turtlesim__rosidl_typesupport_fastrtps_c.dir/rosidl_typesupport_fastrtps_c/turtlesim/action/detail/rotate_absolute__type_support_c.cpp.o[0m
[1.660s] [ 24%] [32mBuilding C object CMakeFiles/turtlesim__rosidl_typesupport_introspection_c.dir/rosidl_typesupport_introspection_c/turtlesim/msg/detail/color__type_support.c.o[0m
[1.671s] [ 25%] [32mBuilding CXX object CMakeFiles/turtlesim__rosidl_typesupport_introspection_cpp.dir/rosidl_typesupport_introspection_cpp/turtlesim/msg/detail/color__type_support.cpp.o[0m
[1.674s] [ 26%] [32mBuilding C object CMakeFiles/turtlesim__rosidl_typesupport_introspection_c.dir/rosidl_typesupport_introspection_c/turtlesim/msg/detail/pose__type_support.c.o[0m
[1.683s] [ 27%] [32mBuilding CXX object CMakeFiles/turtlesim__rosidl_typesupport_cpp.dir/rosidl_typesupport_cpp/turtlesim/msg/pose__type_support.cpp.o[0m
[1.688s] [ 28%] [32mBuilding C object CMakeFiles/turtlesim__rosidl_typesupport_introspection_c.dir/rosidl_typesupport_introspection_c/turtlesim/srv/detail/kill__type_support.c.o[0m
[1.698s] [ 29%] [32mBuilding CXX object CMakeFiles/turtlesim__rosidl_typesupport_fastrtps_cpp.dir/rosidl_typesupport_fastrtps_cpp/turtlesim/msg/detail/dds_fastrtps/color__type_support.cpp.o[0m
[1.703s] [ 30%] [32mBuilding C object CMakeFiles/turtlesim__rosidl_typesupport_introspection_c.dir/rosidl_typesupport_introspection_c/turtlesim/srv/detail/set_pen__type_support.c.o[0m
[1.718s] [ 31%] [32mBuilding C object CMakeFiles/turtlesim__rosidl_typesupport_introspection_c.dir/rosidl_typesupport_introspection_c/turtlesim/srv/detail/spawn__type_support.c.o[0m
[1.733s] [ 32%] [32mBuilding C object CMakeFiles/turtlesim__rosidl_typesupport_introspection_c.dir/rosidl_typesupport_introspection_c/turtlesim/srv/detail/teleport_absolute__type_support.c.o[0m
[1.749s] [ 33%] [32mBuilding C object CMakeFiles/turtlesim__rosidl_typesupport_introspection_c.dir/rosidl_typesupport_introspection_c/turtlesim/srv/detail/teleport_relative__type_support.c.o[0m
[1.767s] [ 34%] [32m[1mLinking C shared library libturtlesim__rosidl_typesupport_introspection_c.so[0m
[1.774s] [ 35%] [32mBuilding CXX object CMakeFiles/turtlesim__rosidl_typesupport_cpp.dir/rosidl_typesupport_cpp/turtlesim/srv/kill__type_support.cpp.o[0m
[1.779s] [ 35%] Built target turtlesim__rosidl_typesupport_introspection_c
[1.783s] [ 36%] [34m[1mGenerating C type support dispatch for ROS interfaces[0m
[1.786s] [ 37%] [32mBuilding CXX object CMakeFiles/turtlesim__rosidl_typesupport_fastrtps_c.dir/rosidl_typesupport_fastrtps_c/turtlesim/msg/detail/color__type_support_c.cpp.o[0m
[1.808s] [ 38%] [32mBuilding CXX object CMakeFiles/turtlesim__rosidl_typesupport_introspection_cpp.dir/rosidl_typesupport_introspection_cpp/turtlesim/msg/detail/pose__type_support.cpp.o[0m
[1.832s] [ 39%] [32mBuilding CXX object CMakeFiles/turtlesim__rosidl_typesupport_fastrtps_cpp.dir/rosidl_typesupport_fastrtps_cpp/turtlesim/msg/detail/dds_fastrtps/pose__type_support.cpp.o[0m
[1.863s] [ 40%] [32mBuilding CXX object CMakeFiles/turtlesim__rosidl_typesupport_cpp.dir/rosidl_typesupport_cpp/turtlesim/srv/set_pen__type_support.cpp.o[0m
[1.899s] [ 41%] [32mBuilding CXX object CMakeFiles/turtlesim__rosidl_typesupport_fastrtps_c.dir/rosidl_typesupport_fastrtps_c/turtlesim/msg/detail/pose__type_support_c.cpp.o[0m
[1.934s] [ 42%] [32mBuilding CXX object CMakeFiles/turtlesim__rosidl_typesupport_introspection_cpp.dir/rosidl_typesupport_introspection_cpp/turtlesim/srv/detail/kill__type_support.cpp.o[0m
[1.955s] [ 43%] [32mBuilding CXX object CMakeFiles/turtlesim__rosidl_typesupport_cpp.dir/rosidl_typesupport_cpp/turtlesim/srv/spawn__type_support.cpp.o[0m
[1.969s] [ 44%] [32mBuilding CXX object CMakeFiles/turtlesim__rosidl_typesupport_fastrtps_cpp.dir/rosidl_typesupport_fastrtps_cpp/turtlesim/srv/detail/dds_fastrtps/kill__type_support.cpp.o[0m
[1.986s] [ 45%] [32mBuilding CXX object CMakeFiles/turtlesim__rosidl_typesupport_c.dir/rosidl_typesupport_c/turtlesim/action/rotate_absolute__type_support.cpp.o[0m
[2.005s] [ 46%] [32mBuilding CXX object CMakeFiles/turtlesim__rosidl_typesupport_c.dir/rosidl_typesupport_c/turtlesim/msg/color__type_support.cpp.o[0m
[2.012s] [ 47%] [32mBuilding CXX object CMakeFiles/turtlesim__rosidl_typesupport_fastrtps_c.dir/rosidl_typesupport_fastrtps_c/turtlesim/srv/detail/kill__type_support_c.cpp.o[0m
[2.018s] [ 48%] [32mBuilding CXX object CMakeFiles/turtlesim__rosidl_typesupport_c.dir/rosidl_typesupport_c/turtlesim/msg/pose__type_support.cpp.o[0m
[2.031s] [ 49%] [32mBuilding CXX object CMakeFiles/turtlesim__rosidl_typesupport_c.dir/rosidl_typesupport_c/turtlesim/srv/kill__type_support.cpp.o[0m
[2.044s] [ 50%] [32mBuilding CXX object CMakeFiles/turtlesim__rosidl_typesupport_c.dir/rosidl_typesupport_c/turtlesim/srv/set_pen__type_support.cpp.o[0m
[2.047s] [ 51%] [32mBuilding CXX object CMakeFiles/turtlesim__rosidl_typesupport_cpp.dir/rosidl_typesupport_cpp/turtlesim/srv/teleport_absolute__type_support.cpp.o[0m
[2.057s] [ 52%] [32mBuilding CXX object CMakeFiles/turtlesim__rosidl_typesupport_c.dir/rosidl_typesupport_c/turtlesim/srv/spawn__type_support.cpp.o[0m
[2.064s] [ 53%] [32mBuilding CXX object CMakeFiles/turtlesim__rosidl_typesupport_introspection_cpp.dir/rosidl_typesupport_introspection_cpp/turtlesim/srv/detail/set_pen__type_support.cpp.o[0m
[2.071s] [ 54%] [32mBuilding CXX object CMakeFiles/turtlesim__rosidl_typesupport_c.dir/rosidl_typesupport_c/turtlesim/srv/teleport_absolute__type_support.cpp.o[0m
[2.084s] [ 55%] [32mBuilding CXX object CMakeFiles/turtlesim__rosidl_typesupport_c.dir/rosidl_typesupport_c/turtlesim/srv/teleport_relative__type_support.cpp.o[0m
[2.097s] [ 56%] [32m[1mLinking CXX shared library libturtlesim__rosidl_typesupport_c.so[0m
[2.107s] [ 57%] [32mBuilding CXX object CMakeFiles/turtlesim__rosidl_typesupport_fastrtps_cpp.dir/rosidl_typesupport_fastrtps_cpp/turtlesim/srv/detail/dds_fastrtps/set_pen__type_support.cpp.o[0m
[2.114s] [ 57%] Built target turtlesim__rosidl_typesupport_c
[2.118s] [ 58%] [32mBuilding CXX object CMakeFiles/turtlesim__rosidl_typesupport_fastrtps_cpp.dir/rosidl_typesupport_fastrtps_cpp/turtlesim/srv/detail/dds_fastrtps/spawn__type_support.cpp.o[0m
[2.137s] [ 59%] [32mBuilding CXX object CMakeFiles/turtlesim__rosidl_typesupport_cpp.dir/rosidl_typesupport_cpp/turtlesim/srv/teleport_relative__type_support.cpp.o[0m
[2.140s] [ 60%] [32mBuilding CXX object CMakeFiles/turtlesim__rosidl_typesupport_fastrtps_c.dir/rosidl_typesupport_fastrtps_c/turtlesim/srv/detail/set_pen__type_support_c.cpp.o[0m
[2.192s] [ 61%] [32mBuilding CXX object CMakeFiles/turtlesim__rosidl_typesupport_introspection_cpp.dir/rosidl_typesupport_introspection_cpp/turtlesim/srv/detail/spawn__type_support.cpp.o[0m
[2.226s] [ 62%] [32m[1mLinking CXX shared library libturtlesim__rosidl_typesupport_cpp.so[0m
[2.242s] [ 62%] Built target turtlesim__rosidl_typesupport_cpp
[2.246s] [ 64%] [34m[1mGenerating include/turtlesim/moc_turtle_frame.cpp[0m
[2.246s] [ 64%] [32mBuilding CXX object CMakeFiles/turtlesim__rosidl_typesupport_fastrtps_cpp.dir/rosidl_typesupport_fastrtps_cpp/turtlesim/srv/detail/dds_fastrtps/teleport_absolute__type_support.cpp.o[0m
[2.255s] [ 65%] [32mBuilding CXX object CMakeFiles/turtlesim__rosidl_typesupport_fastrtps_cpp.dir/rosidl_typesupport_fastrtps_cpp/turtlesim/srv/detail/dds_fastrtps/teleport_relative__type_support.cpp.o[0m
[2.255s] [ 66%] [32mBuilding CXX object CMakeFiles/turtlesim__rosidl_typesupport_fastrtps_c.dir/rosidl_typesupport_fastrtps_c/turtlesim/srv/detail/spawn__type_support_c.cpp.o[0m
[2.297s] [ 67%] [32mBuilding CXX object CMakeFiles/turtlesim_node.dir/src/turtlesim.cpp.o[0m
[2.322s] [ 68%] [32mBuilding CXX object CMakeFiles/turtlesim__rosidl_typesupport_introspection_cpp.dir/rosidl_typesupport_introspection_cpp/turtlesim/srv/detail/teleport_absolute__type_support.cpp.o[0m
[2.381s] [ 70%] [32mBuilding CXX object CMakeFiles/turtlesim__rosidl_typesupport_introspection_cpp.dir/rosidl_typesupport_introspection_cpp/turtlesim/srv/detail/teleport_relative__type_support.cpp.o[0m
[2.381s] [ 70%] [32mBuilding CXX object CMakeFiles/turtlesim__rosidl_typesupport_fastrtps_c.dir/rosidl_typesupport_fastrtps_c/turtlesim/srv/detail/teleport_absolute__type_support_c.cpp.o[0m
[2.394s] [ 71%] [32m[1mLinking CXX shared library libturtlesim__rosidl_typesupport_fastrtps_cpp.so[0m
[2.438s] [ 71%] Built target turtlesim__rosidl_typesupport_fastrtps_cpp
[2.444s] [ 72%] [32mBuilding CXX object CMakeFiles/turtle_teleop_key.dir/tutorials/teleop_turtle_key.cpp.o[0m
[2.456s] [ 73%] [32mBuilding CXX object CMakeFiles/draw_square.dir/tutorials/draw_square.cpp.o[0m
[2.500s] [ 74%] [32mBuilding CXX object CMakeFiles/turtlesim__rosidl_typesupport_fastrtps_c.dir/rosidl_typesupport_fastrtps_c/turtlesim/srv/detail/teleport_relative__type_support_c.cpp.o[0m
[2.520s] [ 75%] [32m[1mLinking CXX shared library libturtlesim__rosidl_typesupport_introspection_cpp.so[0m
[2.548s] [ 75%] Built target turtlesim__rosidl_typesupport_introspection_cpp
[2.555s] [ 76%] [32mBuilding CXX object CMakeFiles/mimic.dir/tutorials/mimic.cpp.o[0m
[2.620s] [ 77%] [32m[1mLinking CXX shared library libturtlesim__rosidl_typesupport_fastrtps_c.so[0m
[2.649s] [ 77%] Built target turtlesim__rosidl_typesupport_fastrtps_c
[2.656s] [ 77%] Built target turtlesim
[2.663s] [ 78%] [34m[1mGenerating Python code for ROS interfaces[0m
[3.336s] [ 78%] Built target turtlesim__py
[3.343s] [ 79%] [32mBuilding C object CMakeFiles/turtlesim__rosidl_generator_py.dir/rosidl_generator_py/turtlesim/action/_rotate_absolute_s.c.o[0m
[3.446s] [ 80%] [32mBuilding C object CMakeFiles/turtlesim__rosidl_generator_py.dir/rosidl_generator_py/turtlesim/msg/_color_s.c.o[0m
[3.489s] [ 81%] [32mBuilding C object CMakeFiles/turtlesim__rosidl_generator_py.dir/rosidl_generator_py/turtlesim/msg/_pose_s.c.o[0m
[3.539s] [ 82%] [32mBuilding C object CMakeFiles/turtlesim__rosidl_generator_py.dir/rosidl_generator_py/turtlesim/srv/_kill_s.c.o[0m
[3.582s] [ 83%] [32mBuilding C object CMakeFiles/turtlesim__rosidl_generator_py.dir/rosidl_generator_py/turtlesim/srv/_set_pen_s.c.o[0m
[3.626s] [ 84%] [32mBuilding C object CMakeFiles/turtlesim__rosidl_generator_py.dir/rosidl_generator_py/turtlesim/srv/_spawn_s.c.o[0m
[3.671s] [ 85%] [32mBuilding C object CMakeFiles/turtlesim__rosidl_generator_py.dir/rosidl_generator_py/turtlesim/srv/_teleport_absolute_s.c.o[0m
[3.714s] [ 86%] [32mBuilding C object CMakeFiles/turtlesim__rosidl_generator_py.dir/rosidl_generator_py/turtlesim/srv/_teleport_relative_s.c.o[0m
[3.762s] [ 87%] [32m[1mLinking C shared library rosidl_generator_py/turtlesim/libturtlesim__rosidl_generator_py.so[0m
[3.786s] [ 87%] Built target turtlesim__rosidl_generator_py
[3.790s] [ 88%] [32mBuilding CXX object CMakeFiles/turtlesim_node.dir/src/turtle.cpp.o[0m
[4.040s] [ 89%] [32mBuilding CXX object CMakeFiles/turtlesim_node.dir/src/turtle_frame.cpp.o[0m
[4.711s] [ 90%] [32m[1mLinking CXX executable turtle_teleop_key[0m
[4.886s] [ 90%] Built target turtle_teleop_key
[4.893s] [ 91%] [32mBuilding C object CMakeFiles/turtlesim__rosidl_typesupport_fastrtps_c__pyext.dir/rosidl_generator_py/turtlesim/_turtlesim_s.ep.rosidl_typesupport_fastrtps_c.c.o[0m
[4.956s] [ 92%] [32m[1mLinking C shared library rosidl_generator_py/turtlesim/turtlesim_s__rosidl_typesupport_fastrtps_c.cpython-310-aarch64-linux-gnu.so[0m
[4.971s] [ 92%] Built target turtlesim__rosidl_typesupport_fastrtps_c__pyext
[4.979s] [ 93%] [32mBuilding C object CMakeFiles/turtlesim__rosidl_typesupport_introspection_c__pyext.dir/rosidl_generator_py/turtlesim/_turtlesim_s.ep.rosidl_typesupport_introspection_c.c.o[0m
[5.039s] [ 94%] [32m[1mLinking C shared library rosidl_generator_py/turtlesim/turtlesim_s__rosidl_typesupport_introspection_c.cpython-310-aarch64-linux-gnu.so[0m
[5.054s] [ 94%] Built target turtlesim__rosidl_typesupport_introspection_c__pyext
[5.073s] [ 95%] [32mBuilding C object CMakeFiles/turtlesim__rosidl_typesupport_c__pyext.dir/rosidl_generator_py/turtlesim/_turtlesim_s.ep.rosidl_typesupport_c.c.o[0m
[5.138s] [ 96%] [32m[1mLinking C shared library rosidl_generator_py/turtlesim/turtlesim_s__rosidl_typesupport_c.cpython-310-aarch64-linux-gnu.so[0m
[5.154s] [ 96%] Built target turtlesim__rosidl_typesupport_c__pyext
[5.157s] [ 97%] [32mBuilding CXX object CMakeFiles/turtlesim_node.dir/include/turtlesim/moc_turtle_frame.cpp.o[0m
[5.907s] [ 98%] [32m[1mLinking CXX executable draw_square[0m
[6.016s] [ 99%] [32m[1mLinking CXX executable mimic[0m
[6.163s] [ 99%] Built target draw_square
[6.237s] [ 99%] Built target mimic
[8.216s] [100%] [32m[1mLinking CXX executable turtlesim_node[0m
[8.907s] [100%] Built target turtlesim_node
[8.912s] Invoked command in '/home/danivm/TR-Autonomy-0.5-Daniel-Ticau/build/turtlesim' returned '0': CMAKE_PREFIX_PATH=/opt/ros/humble /usr/bin/cmake --build /home/danivm/TR-Autonomy-0.5-Daniel-Ticau/build/turtlesim -- -j5 -l5
[8.916s] Invoking command in '/home/danivm/TR-Autonomy-0.5-Daniel-Ticau/build/turtlesim': CMAKE_PREFIX_PATH=/opt/ros/humble /usr/bin/cmake --install /home/danivm/TR-Autonomy-0.5-Daniel-Ticau/build/turtlesim
[8.918s] -- Install configuration: ""
[8.919s] -- Installing: /home/danivm/TR-Autonomy-0.5-Daniel-Ticau/install/turtlesim/share/ament_index/resource_index/rosidl_interfaces/turtlesim
[8.919s] -- Installing: /home/danivm/TR-Autonomy-0.5-Daniel-Ticau/install/turtlesim/include/turtlesim/turtlesim
[8.919s] -- Installing: /home/danivm/TR-Autonomy-0.5-Daniel-Ticau/install/turtlesim/include/turtlesim/turtlesim/action
[8.919s] -- Installing: /home/danivm/TR-Autonomy-0.5-Daniel-Ticau/install/turtlesim/include/turtlesim/turtlesim/action/detail
[8.919s] -- Installing: /home/danivm/TR-Autonomy-0.5-Daniel-Ticau/install/turtlesim/include/turtlesim/turtlesim/action/detail/rotate_absolute__struct.h
[8.919s] -- Installing: /home/danivm/TR-Autonomy-0.5-Daniel-Ticau/install/turtlesim/include/turtlesim/turtlesim/action/detail/rotate_absolute__functions.c
[8.919s] -- Installing: /home/danivm/TR-Autonomy-0.5-Daniel-Ticau/install/turtlesim/include/turtlesim/turtlesim/action/detail/rotate_absolute__functions.h
[8.919s] -- Installing: /home/danivm/TR-Autonomy-0.5-Daniel-Ticau/install/turtlesim/include/turtlesim/turtlesim/action/detail/rotate_absolute__type_support.h
[8.920s] -- Installing: /home/danivm/TR-Autonomy-0.5-Daniel-Ticau/install/turtlesim/include/turtlesim/turtlesim/action/rotate_absolute.h
[8.920s] -- Installing: /home/danivm/TR-Autonomy-0.5-Daniel-Ticau/install/turtlesim/include/turtlesim/turtlesim/srv
[8.920s] -- Installing: /home/danivm/TR-Autonomy-0.5-Daniel-Ticau/install/turtlesim/include/turtlesim/turtlesim/srv/spawn.h
[8.920s] -- Installing: /home/danivm/TR-Autonomy-0.5-Daniel-Ticau/install/turtlesim/include/turtlesim/turtlesim/srv/kill.h
[8.920s] -- Installing: /home/danivm/TR-Autonomy-0.5-Daniel-Ticau/install/turtlesim/include/turtlesim/turtlesim/srv/detail
[8.920s] -- Installing: /home/danivm/TR-Autonomy-0.5-Daniel-Ticau/install/turtlesim/include/turtlesim/turtlesim/srv/detail/teleport_absolute__functions.h
[8.920s] -- Installing: /home/danivm/TR-Autonomy-0.5-Daniel-Ticau/install/turtlesim/include/turtlesim/turtlesim/srv/detail/teleport_relative__functions.c
[8.920s] -- Installing: /home/danivm/TR-Autonomy-0.5-Daniel-Ticau/install/turtlesim/include/turtlesim/turtlesim/srv/detail/spawn__struct.h
[8.920s] -- Installing: /home/danivm/TR-Autonomy-0.5-Daniel-Ticau/install/turtlesim/include/turtlesim/turtlesim/srv/detail/kill__type_support.h
[8.920s] -- Installing: /home/danivm/TR-Autonomy-0.5-Daniel-Ticau/install/turtlesim/include/turtlesim/turtlesim/srv/detail/teleport_relative__functions.h
[8.920s] -- Installing: /home/danivm/TR-Autonomy-0.5-Daniel-Ticau/install/turtlesim/include/turtlesim/turtlesim/srv/detail/set_pen__functions.h
[8.920s] -- Installing: /home/danivm/TR-Autonomy-0.5-Daniel-Ticau/install/turtlesim/include/turtlesim/turtlesim/srv/detail/kill__functions.c
[8.920s] -- Installing: /home/danivm/TR-Autonomy-0.5-Daniel-Ticau/install/turtlesim/include/turtlesim/turtlesim/srv/detail/spawn__functions.h
[8.920s] -- Installing: /home/danivm/TR-Autonomy-0.5-Daniel-Ticau/install/turtlesim/include/turtlesim/turtlesim/srv/detail/teleport_relative__type_support.h
[8.921s] -- Installing: /home/danivm/TR-Autonomy-0.5-Daniel-Ticau/install/turtlesim/include/turtlesim/turtlesim/srv/detail/spawn__type_support.h
[8.921s] -- Installing: /home/danivm/TR-Autonomy-0.5-Daniel-Ticau/install/turtlesim/include/turtlesim/turtlesim/srv/detail/teleport_absolute__struct.h
[8.921s] -- Installing: /home/danivm/TR-Autonomy-0.5-Daniel-Ticau/install/turtlesim/include/turtlesim/turtlesim/srv/detail/kill__struct.h
[8.921s] -- Installing: /home/danivm/TR-Autonomy-0.5-Daniel-Ticau/install/turtlesim/include/turtlesim/turtlesim/srv/detail/teleport_absolute__type_support.h
[8.921s] -- Installing: /home/danivm/TR-Autonomy-0.5-Daniel-Ticau/install/turtlesim/include/turtlesim/turtlesim/srv/detail/set_pen__functions.c
[8.921s] -- Installing: /home/danivm/TR-Autonomy-0.5-Daniel-Ticau/install/turtlesim/include/turtlesim/turtlesim/srv/detail/spawn__functions.c
[8.921s] -- Installing: /home/danivm/TR-Autonomy-0.5-Daniel-Ticau/install/turtlesim/include/turtlesim/turtlesim/srv/detail/kill__functions.h
[8.921s] -- Installing: /home/danivm/TR-Autonomy-0.5-Daniel-Ticau/install/turtlesim/include/turtlesim/turtlesim/srv/detail/teleport_relative__struct.h
[8.921s] -- Installing: /home/danivm/TR-Autonomy-0.5-Daniel-Ticau/install/turtlesim/include/turtlesim/turtlesim/srv/detail/teleport_absolute__functions.c
[8.921s] -- Installing: /home/danivm/TR-Autonomy-0.5-Daniel-Ticau/install/turtlesim/include/turtlesim/turtlesim/srv/detail/set_pen__struct.h
[8.921s] -- Installing: /home/danivm/TR-Autonomy-0.5-Daniel-Ticau/install/turtlesim/include/turtlesim/turtlesim/srv/detail/set_pen__type_support.h
[8.921s] -- Installing: /home/danivm/TR-Autonomy-0.5-Daniel-Ticau/install/turtlesim/include/turtlesim/turtlesim/srv/set_pen.h
[8.921s] -- Installing: /home/danivm/TR-Autonomy-0.5-Daniel-Ticau/install/turtlesim/include/turtlesim/turtlesim/srv/teleport_absolute.h
[8.921s] -- Installing: /home/danivm/TR-Autonomy-0.5-Daniel-Ticau/install/turtlesim/include/turtlesim/turtlesim/srv/teleport_relative.h
[8.922s] -- Installing: /home/danivm/TR-Autonomy-0.5-Daniel-Ticau/install/turtlesim/include/turtlesim/turtlesim/msg
[8.922s] -- Installing: /home/danivm/TR-Autonomy-0.5-Daniel-Ticau/install/turtlesim/include/turtlesim/turtlesim/msg/color.h
[8.922s] -- Installing: /home/danivm/TR-Autonomy-0.5-Daniel-Ticau/install/turtlesim/include/turtlesim/turtlesim/msg/pose.h
[8.922s] -- Installing: /home/danivm/TR-Autonomy-0.5-Daniel-Ticau/install/turtlesim/include/turtlesim/turtlesim/msg/detail
[8.922s] -- Installing: /home/danivm/TR-Autonomy-0.5-Daniel-Ticau/install/turtlesim/include/turtlesim/turtlesim/msg/detail/pose__type_support.h
[8.922s] -- Installing: /home/danivm/TR-Autonomy-0.5-Daniel-Ticau/install/turtlesim/include/turtlesim/turtlesim/msg/detail/pose__functions.h
[8.922s] -- Installing: /home/danivm/TR-Autonomy-0.5-Daniel-Ticau/install/turtlesim/include/turtlesim/turtlesim/msg/detail/color__type_support.h
[8.922s] -- Installing: /home/danivm/TR-Autonomy-0.5-Daniel-Ticau/install/turtlesim/include/turtlesim/turtlesim/msg/detail/color__functions.c
[8.922s] -- Installing: /home/danivm/TR-Autonomy-0.5-Daniel-Ticau/install/turtlesim/include/turtlesim/turtlesim/msg/detail/color__functions.h
[8.922s] -- Installing: /home/danivm/TR-Autonomy-0.5-Daniel-Ticau/install/turtlesim/include/turtlesim/turtlesim/msg/detail/pose__struct.h
[8.922s] -- Installing: /home/danivm/TR-Autonomy-0.5-Daniel-Ticau/install/turtlesim/include/turtlesim/turtlesim/msg/detail/pose__functions.c
[8.923s] -- Installing: /home/danivm/TR-Autonomy-0.5-Daniel-Ticau/install/turtlesim/include/turtlesim/turtlesim/msg/detail/color__struct.h
[8.923s] -- Installing: /home/danivm/TR-Autonomy-0.5-Daniel-Ticau/install/turtlesim/include/turtlesim/turtlesim/msg/rosidl_generator_c__visibility_control.h
[8.923s] -- Installing: /home/danivm/TR-Autonomy-0.5-Daniel-Ticau/install/turtlesim/share/turtlesim/environment/library_path.sh
[8.923s] -- Installing: /home/danivm/TR-Autonomy-0.5-Daniel-Ticau/install/turtlesim/share/turtlesim/environment/library_path.dsv
[8.923s] -- Installing: /home/danivm/TR-Autonomy-0.5-Daniel-Ticau/install/turtlesim/lib/libturtlesim__rosidl_generator_c.so
[8.924s] -- Set runtime path of "/home/danivm/TR-Autonomy-0.5-Daniel-Ticau/install/turtlesim/lib/libturtlesim__rosidl_generator_c.so" to ""
[8.924s] -- Up-to-date: /home/danivm/TR-Autonomy-0.5-Daniel-Ticau/install/turtlesim/include/turtlesim/turtlesim
[8.924s] -- Up-to-date: /home/danivm/TR-Autonomy-0.5-Daniel-Ticau/install/turtlesim/include/turtlesim/turtlesim/action
[8.924s] -- Up-to-date: /home/danivm/TR-Autonomy-0.5-Daniel-Ticau/install/turtlesim/include/turtlesim/turtlesim/action/detail
[8.924s] -- Installing: /home/danivm/TR-Autonomy-0.5-Daniel-Ticau/install/turtlesim/include/turtlesim/turtlesim/action/detail/rotate_absolute__rosidl_typesupport_fastrtps_c.h
[8.924s] -- Up-to-date: /home/danivm/TR-Autonomy-0.5-Daniel-Ticau/install/turtlesim/include/turtlesim/turtlesim/srv
[8.924s] -- Up-to-date: /home/danivm/TR-Autonomy-0.5-Daniel-Ticau/install/turtlesim/include/turtlesim/turtlesim/srv/detail
[8.924s] -- Installing: /home/danivm/TR-Autonomy-0.5-Daniel-Ticau/install/turtlesim/include/turtlesim/turtlesim/srv/detail/set_pen__rosidl_typesupport_fastrtps_c.h
[8.924s] -- Installing: /home/danivm/TR-Autonomy-0.5-Daniel-Ticau/install/turtlesim/include/turtlesim/turtlesim/srv/detail/kill__rosidl_typesupport_fastrtps_c.h
[8.924s] -- Installing: /home/danivm/TR-Autonomy-0.5-Daniel-Ticau/install/turtlesim/include/turtlesim/turtlesim/srv/detail/spawn__rosidl_typesupport_fastrtps_c.h
[8.924s] -- Installing: /home/danivm/TR-Autonomy-0.5-Daniel-Ticau/install/turtlesim/include/turtlesim/turtlesim/srv/detail/teleport_relative__rosidl_typesupport_fastrtps_c.h
[8.925s] -- Installing: /home/danivm/TR-Autonomy-0.5-Daniel-Ticau/install/turtlesim/include/turtlesim/turtlesim/srv/detail/teleport_absolute__rosidl_typesupport_fastrtps_c.h
[8.925s] -- Up-to-date: /home/danivm/TR-Autonomy-0.5-Daniel-Ticau/install/turtlesim/include/turtlesim/turtlesim/msg
[8.925s] -- Up-to-date: /home/danivm/TR-Autonomy-0.5-Daniel-Ticau/install/turtlesim/include/turtlesim/turtlesim/msg/detail
[8.925s] -- Installing: /home/danivm/TR-Autonomy-0.5-Daniel-Ticau/install/turtlesim/include/turtlesim/turtlesim/msg/detail/pose__rosidl_typesupport_fastrtps_c.h
[8.925s] -- Installing: /home/danivm/TR-Autonomy-0.5-Daniel-Ticau/install/turtlesim/include/turtlesim/turtlesim/msg/detail/color__rosidl_typesupport_fastrtps_c.h
[8.925s] -- Installing: /home/danivm/TR-Autonomy-0.5-Daniel-Ticau/install/turtlesim/include/turtlesim/turtlesim/msg/rosidl_typesupport_fastrtps_c__visibility_control.h
[8.925s] -- Installing: /home/danivm/TR-Autonomy-0.5-Daniel-Ticau/install/turtlesim/lib/libturtlesim__rosidl_typesupport_fastrtps_c.so
[8.926s] -- Set runtime path of "/home/danivm/TR-Autonomy-0.5-Daniel-Ticau/install/turtlesim/lib/libturtlesim__rosidl_typesupport_fastrtps_c.so" to ""
[8.926s] -- Up-to-date: /home/danivm/TR-Autonomy-0.5-Daniel-Ticau/install/turtlesim/include/turtlesim/turtlesim
[8.926s] -- Up-to-date: /home/danivm/TR-Autonomy-0.5-Daniel-Ticau/install/turtlesim/include/turtlesim/turtlesim/action
[8.926s] -- Up-to-date: /home/danivm/TR-Autonomy-0.5-Daniel-Ticau/install/turtlesim/include/turtlesim/turtlesim/action/detail
[8.926s] -- Installing: /home/danivm/TR-Autonomy-0.5-Daniel-Ticau/install/turtlesim/include/turtlesim/turtlesim/action/detail/rotate_absolute__type_support.hpp
[8.926s] -- Installing: /home/danivm/TR-Autonomy-0.5-Daniel-Ticau/install/turtlesim/include/turtlesim/turtlesim/action/detail/rotate_absolute__traits.hpp
[8.926s] -- Installing: /home/danivm/TR-Autonomy-0.5-Daniel-Ticau/install/turtlesim/include/turtlesim/turtlesim/action/detail/rotate_absolute__struct.hpp
[8.926s] -- Installing: /home/danivm/TR-Autonomy-0.5-Daniel-Ticau/install/turtlesim/include/turtlesim/turtlesim/action/detail/rotate_absolute__builder.hpp
[8.926s] -- Installing: /home/danivm/TR-Autonomy-0.5-Daniel-Ticau/install/turtlesim/include/turtlesim/turtlesim/action/rotate_absolute.hpp
[8.926s] -- Up-to-date: /home/danivm/TR-Autonomy-0.5-Daniel-Ticau/install/turtlesim/include/turtlesim/turtlesim/srv
[8.926s] -- Installing: /home/danivm/TR-Autonomy-0.5-Daniel-Ticau/install/turtlesim/include/turtlesim/turtlesim/srv/teleport_relative.hpp
[8.926s] -- Installing: /home/danivm/TR-Autonomy-0.5-Daniel-Ticau/install/turtlesim/include/turtlesim/turtlesim/srv/kill.hpp
[8.926s] -- Installing: /home/danivm/TR-Autonomy-0.5-Daniel-Ticau/install/turtlesim/include/turtlesim/turtlesim/srv/teleport_absolute.hpp
[8.926s] -- Up-to-date: /home/danivm/TR-Autonomy-0.5-Daniel-Ticau/install/turtlesim/include/turtlesim/turtlesim/srv/detail
[8.926s] -- Installing: /home/danivm/TR-Autonomy-0.5-Daniel-Ticau/install/turtlesim/include/turtlesim/turtlesim/srv/detail/spawn__traits.hpp
[8.926s] -- Installing: /home/danivm/TR-Autonomy-0.5-Daniel-Ticau/install/turtlesim/include/turtlesim/turtlesim/srv/detail/teleport_relative__type_support.hpp
[8.926s] -- Installing: /home/danivm/TR-Autonomy-0.5-Daniel-Ticau/install/turtlesim/include/turtlesim/turtlesim/srv/detail/teleport_absolute__struct.hpp
[8.926s] -- Installing: /home/danivm/TR-Autonomy-0.5-Daniel-Ticau/install/turtlesim/include/turtlesim/turtlesim/srv/detail/set_pen__type_support.hpp
[8.927s] -- Installing: /home/danivm/TR-Autonomy-0.5-Daniel-Ticau/install/turtlesim/include/turtlesim/turtlesim/srv/detail/spawn__struct.hpp
[8.927s] -- Installing: /home/danivm/TR-Autonomy-0.5-Daniel-Ticau/install/turtlesim/include/turtlesim/turtlesim/srv/detail/kill__builder.hpp
[8.927s] -- Installing: /home/danivm/TR-Autonomy-0.5-Daniel-Ticau/install/turtlesim/include/turtlesim/turtlesim/srv/detail/teleport_absolute__builder.hpp
[8.927s] -- Installing: /home/danivm/TR-Autonomy-0.5-Daniel-Ticau/install/turtlesim/include/turtlesim/turtlesim/srv/detail/kill__traits.hpp
[8.927s] -- Installing: /home/danivm/TR-Autonomy-0.5-Daniel-Ticau/install/turtlesim/include/turtlesim/turtlesim/srv/detail/teleport_relative__struct.hpp
[8.927s] -- Installing: /home/danivm/TR-Autonomy-0.5-Daniel-Ticau/install/turtlesim/include/turtlesim/turtlesim/srv/detail/set_pen__builder.hpp
[8.927s] -- Installing: /home/danivm/TR-Autonomy-0.5-Daniel-Ticau/install/turtlesim/include/turtlesim/turtlesim/srv/detail/set_pen__traits.hpp
[8.927s] -- Installing: /home/danivm/TR-Autonomy-0.5-Daniel-Ticau/install/turtlesim/include/turtlesim/turtlesim/srv/detail/kill__type_support.hpp
[8.927s] -- Installing: /home/danivm/TR-Autonomy-0.5-Daniel-Ticau/install/turtlesim/include/turtlesim/turtlesim/srv/detail/teleport_absolute__type_support.hpp
[8.927s] -- Installing: /home/danivm/TR-Autonomy-0.5-Daniel-Ticau/install/turtlesim/include/turtlesim/turtlesim/srv/detail/teleport_absolute__traits.hpp
[8.927s] -- Installing: /home/danivm/TR-Autonomy-0.5-Daniel-Ticau/install/turtlesim/include/turtlesim/turtlesim/srv/detail/spawn__builder.hpp
[8.927s] -- Installing: /home/danivm/TR-Autonomy-0.5-Daniel-Ticau/install/turtlesim/include/turtlesim/turtlesim/srv/detail/spawn__type_support.hpp
[8.927s] -- Installing: /home/danivm/TR-Autonomy-0.5-Daniel-Ticau/install/turtlesim/include/turtlesim/turtlesim/srv/detail/kill__struct.hpp
[8.927s] -- Installing: /home/danivm/TR-Autonomy-0.5-Daniel-Ticau/install/turtlesim/include/turtlesim/turtlesim/srv/detail/teleport_relative__traits.hpp
[8.927s] -- Installing: /home/danivm/TR-Autonomy-0.5-Daniel-Ticau/install/turtlesim/include/turtlesim/turtlesim/srv/detail/set_pen__struct.hpp
[8.927s] -- Installing: /home/danivm/TR-Autonomy-0.5-Daniel-Ticau/install/turtlesim/include/turtlesim/turtlesim/srv/detail/teleport_relative__builder.hpp
[8.927s] -- Installing: /home/danivm/TR-Autonomy-0.5-Daniel-Ticau/install/turtlesim/include/turtlesim/turtlesim/srv/spawn.hpp
[8.927s] -- Installing: /home/danivm/TR-Autonomy-0.5-Daniel-Ticau/install/turtlesim/include/turtlesim/turtlesim/srv/set_pen.hpp
[8.927s] -- Up-to-date: /home/danivm/TR-Autonomy-0.5-Daniel-Ticau/install/turtlesim/include/turtlesim/turtlesim/msg
[8.927s] -- Installing: /home/danivm/TR-Autonomy-0.5-Daniel-Ticau/install/turtlesim/include/turtlesim/turtlesim/msg/color.hpp
[8.927s] -- Up-to-date: /home/danivm/TR-Autonomy-0.5-Daniel-Ticau/install/turtlesim/include/turtlesim/turtlesim/msg/detail
[8.927s] -- Installing: /home/danivm/TR-Autonomy-0.5-Daniel-Ticau/install/turtlesim/include/turtlesim/turtlesim/msg/detail/pose__type_support.hpp
[8.927s] -- Installing: /home/danivm/TR-Autonomy-0.5-Daniel-Ticau/install/turtlesim/include/turtlesim/turtlesim/msg/detail/color__struct.hpp
[8.927s] -- Installing: /home/danivm/TR-Autonomy-0.5-Daniel-Ticau/install/turtlesim/include/turtlesim/turtlesim/msg/detail/color__traits.hpp
[8.928s] -- Installing: /home/danivm/TR-Autonomy-0.5-Daniel-Ticau/install/turtlesim/include/turtlesim/turtlesim/msg/detail/pose__traits.hpp
[8.928s] -- Installing: /home/danivm/TR-Autonomy-0.5-Daniel-Ticau/install/turtlesim/include/turtlesim/turtlesim/msg/detail/color__builder.hpp
[8.928s] -- Installing: /home/danivm/TR-Autonomy-0.5-Daniel-Ticau/install/turtlesim/include/turtlesim/turtlesim/msg/detail/pose__struct.hpp
[8.928s] -- Installing: /home/danivm/TR-Autonomy-0.5-Daniel-Ticau/install/turtlesim/include/turtlesim/turtlesim/msg/detail/pose__builder.hpp
[8.928s] -- Installing: /home/danivm/TR-Autonomy-0.5-Daniel-Ticau/install/turtlesim/include/turtlesim/turtlesim/msg/detail/color__type_support.hpp
[8.928s] -- Installing: /home/danivm/TR-Autonomy-0.5-Daniel-Ticau/install/turtlesim/include/turtlesim/turtlesim/msg/pose.hpp
[8.928s] -- Installing: /home/danivm/TR-Autonomy-0.5-Daniel-Ticau/install/turtlesim/include/turtlesim/turtlesim/msg/rosidl_generator_cpp__visibility_control.hpp
[8.928s] -- Up-to-date: /home/danivm/TR-Autonomy-0.5-Daniel-Ticau/install/turtlesim/include/turtlesim/turtlesim
[8.928s] -- Up-to-date: /home/danivm/TR-Autonomy-0.5-Daniel-Ticau/install/turtlesim/include/turtlesim/turtlesim/action
[8.928s] -- Up-to-date: /home/danivm/TR-Autonomy-0.5-Daniel-Ticau/install/turtlesim/include/turtlesim/turtlesim/action/detail
[8.928s] -- Installing: /home/danivm/TR-Autonomy-0.5-Daniel-Ticau/install/turtlesim/include/turtlesim/turtlesim/action/detail/dds_fastrtps
[8.928s] -- Installing: /home/danivm/TR-Autonomy-0.5-Daniel-Ticau/install/turtlesim/include/turtlesim/turtlesim/action/detail/rotate_absolute__rosidl_typesupport_fastrtps_cpp.hpp
[8.928s] -- Up-to-date: /home/danivm/TR-Autonomy-0.5-Daniel-Ticau/install/turtlesim/include/turtlesim/turtlesim/srv
[8.928s] -- Up-to-date: /home/danivm/TR-Autonomy-0.5-Daniel-Ticau/install/turtlesim/include/turtlesim/turtlesim/srv/detail
[8.928s] -- Installing: /home/danivm/TR-Autonomy-0.5-Daniel-Ticau/install/turtlesim/include/turtlesim/turtlesim/srv/detail/kill__rosidl_typesupport_fastrtps_cpp.hpp
[8.928s] -- Installing: /home/danivm/TR-Autonomy-0.5-Daniel-Ticau/install/turtlesim/include/turtlesim/turtlesim/srv/detail/set_pen__rosidl_typesupport_fastrtps_cpp.hpp
[8.928s] -- Installing: /home/danivm/TR-Autonomy-0.5-Daniel-Ticau/install/turtlesim/include/turtlesim/turtlesim/srv/detail/dds_fastrtps
[8.928s] -- Installing: /home/danivm/TR-Autonomy-0.5-Daniel-Ticau/install/turtlesim/include/turtlesim/turtlesim/srv/detail/teleport_absolute__rosidl_typesupport_fastrtps_cpp.hpp
[8.928s] -- Installing: /home/danivm/TR-Autonomy-0.5-Daniel-Ticau/install/turtlesim/include/turtlesim/turtlesim/srv/detail/teleport_relative__rosidl_typesupport_fastrtps_cpp.hpp
[8.929s] -- Installing: /home/danivm/TR-Autonomy-0.5-Daniel-Ticau/install/turtlesim/include/turtlesim/turtlesim/srv/detail/spawn__rosidl_typesupport_fastrtps_cpp.hpp
[8.929s] -- Up-to-date: /home/danivm/TR-Autonomy-0.5-Daniel-Ticau/install/turtlesim/include/turtlesim/turtlesim/msg
[8.929s] -- Installing: /home/danivm/TR-Autonomy-0.5-Daniel-Ticau/install/turtlesim/include/turtlesim/turtlesim/msg/rosidl_typesupport_fastrtps_cpp__visibility_control.h
[8.929s] -- Up-to-date: /home/danivm/TR-Autonomy-0.5-Daniel-Ticau/install/turtlesim/include/turtlesim/turtlesim/msg/detail
[8.929s] -- Installing: /home/danivm/TR-Autonomy-0.5-Daniel-Ticau/install/turtlesim/include/turtlesim/turtlesim/msg/detail/pose__rosidl_typesupport_fastrtps_cpp.hpp
[8.929s] -- Installing: /home/danivm/TR-Autonomy-0.5-Daniel-Ticau/install/turtlesim/include/turtlesim/turtlesim/msg/detail/dds_fastrtps
[8.929s] -- Installing: /home/danivm/TR-Autonomy-0.5-Daniel-Ticau/install/turtlesim/include/turtlesim/turtlesim/msg/detail/color__rosidl_typesupport_fastrtps_cpp.hpp
[8.929s] -- Installing: /home/danivm/TR-Autonomy-0.5-Daniel-Ticau/install/turtlesim/lib/libturtlesim__rosidl_typesupport_fastrtps_cpp.so
[8.930s] -- Set runtime path of "/home/danivm/TR-Autonomy-0.5-Daniel-Ticau/install/turtlesim/lib/libturtlesim__rosidl_typesupport_fastrtps_cpp.so" to ""
[8.930s] -- Up-to-date: /home/danivm/TR-Autonomy-0.5-Daniel-Ticau/install/turtlesim/include/turtlesim/turtlesim
[8.930s] -- Up-to-date: /home/danivm/TR-Autonomy-0.5-Daniel-Ticau/install/turtlesim/include/turtlesim/turtlesim/action
[8.930s] -- Up-to-date: /home/danivm/TR-Autonomy-0.5-Daniel-Ticau/install/turtlesim/include/turtlesim/turtlesim/action/detail
[8.930s] -- Installing: /home/danivm/TR-Autonomy-0.5-Daniel-Ticau/install/turtlesim/include/turtlesim/turtlesim/action/detail/rotate_absolute__rosidl_typesupport_introspection_c.h
[8.930s] -- Installing: /home/danivm/TR-Autonomy-0.5-Daniel-Ticau/install/turtlesim/include/turtlesim/turtlesim/action/detail/rotate_absolute__type_support.c
[8.930s] -- Up-to-date: /home/danivm/TR-Autonomy-0.5-Daniel-Ticau/install/turtlesim/include/turtlesim/turtlesim/srv
[8.930s] -- Up-to-date: /home/danivm/TR-Autonomy-0.5-Daniel-Ticau/install/turtlesim/include/turtlesim/turtlesim/srv/detail
[8.930s] -- Installing: /home/danivm/TR-Autonomy-0.5-Daniel-Ticau/install/turtlesim/include/turtlesim/turtlesim/srv/detail/teleport_absolute__rosidl_typesupport_introspection_c.h
[8.931s] -- Installing: /home/danivm/TR-Autonomy-0.5-Daniel-Ticau/install/turtlesim/include/turtlesim/turtlesim/srv/detail/spawn__type_support.c
[8.931s] -- Installing: /home/danivm/TR-Autonomy-0.5-Daniel-Ticau/install/turtlesim/include/turtlesim/turtlesim/srv/detail/teleport_absolute__type_support.c
[8.931s] -- Installing: /home/danivm/TR-Autonomy-0.5-Daniel-Ticau/install/turtlesim/include/turtlesim/turtlesim/srv/detail/set_pen__rosidl_typesupport_introspection_c.h
[8.931s] -- Installing: /home/danivm/TR-Autonomy-0.5-Daniel-Ticau/install/turtlesim/include/turtlesim/turtlesim/srv/detail/set_pen__type_support.c
[8.931s] -- Installing: /home/danivm/TR-Autonomy-0.5-Daniel-Ticau/install/turtlesim/include/turtlesim/turtlesim/srv/detail/kill__type_support.c
[8.931s] -- Installing: /home/danivm/TR-Autonomy-0.5-Daniel-Ticau/install/turtlesim/include/turtlesim/turtlesim/srv/detail/kill__rosidl_typesupport_introspection_c.h
[8.932s] -- Installing: /home/danivm/TR-Autonomy-0.5-Daniel-Ticau/install/turtlesim/include/turtlesim/turtlesim/srv/detail/spawn__rosidl_typesupport_introspection_c.h
[8.932s] -- Installing: /home/danivm/TR-Autonomy-0.5-Daniel-Ticau/install/turtlesim/include/turtlesim/turtlesim/srv/detail/teleport_relative__type_support.c
[8.932s] -- Installing: /home/danivm/TR-Autonomy-0.5-Daniel-Ticau/install/turtlesim/include/turtlesim/turtlesim/srv/detail/teleport_relative__rosidl_typesupport_introspection_c.h
[8.932s] -- Up-to-date: /home/danivm/TR-Autonomy-0.5-Daniel-Ticau/install/turtlesim/include/turtlesim/turtlesim/msg
[8.932s] -- Installing: /home/danivm/TR-Autonomy-0.5-Daniel-Ticau/install/turtlesim/include/turtlesim/turtlesim/msg/rosidl_typesupport_introspection_c__visibility_control.h
[8.932s] -- Up-to-date: /home/danivm/TR-Autonomy-0.5-Daniel-Ticau/install/turtlesim/include/turtlesim/turtlesim/msg/detail
[8.932s] -- Installing: /home/danivm/TR-Autonomy-0.5-Daniel-Ticau/install/turtlesim/include/turtlesim/turtlesim/msg/detail/color__rosidl_typesupport_introspection_c.h
[8.932s] -- Installing: /home/danivm/TR-Autonomy-0.5-Daniel-Ticau/install/turtlesim/include/turtlesim/turtlesim/msg/detail/pose__rosidl_typesupport_introspection_c.h
[8.932s] -- Installing: /home/danivm/TR-Autonomy-0.5-Daniel-Ticau/install/turtlesim/include/turtlesim/turtlesim/msg/detail/pose__type_support.c
[8.933s] -- Installing: /home/danivm/TR-Autonomy-0.5-Daniel-Ticau/install/turtlesim/include/turtlesim/turtlesim/msg/detail/color__type_support.c
[8.933s] -- Installing: /home/danivm/TR-Autonomy-0.5-Daniel-Ticau/install/turtlesim/lib/libturtlesim__rosidl_typesupport_introspection_c.so
[8.933s] -- Set runtime path of "/home/danivm/TR-Autonomy-0.5-Daniel-Ticau/install/turtlesim/lib/libturtlesim__rosidl_typesupport_introspection_c.so" to ""
[8.933s] -- Installing: /home/danivm/TR-Autonomy-0.5-Daniel-Ticau/install/turtlesim/lib/libturtlesim__rosidl_typesupport_c.so
[8.934s] -- Set runtime path of "/home/danivm/TR-Autonomy-0.5-Daniel-Ticau/install/turtlesim/lib/libturtlesim__rosidl_typesupport_c.so" to ""
[8.934s] -- Up-to-date: /home/danivm/TR-Autonomy-0.5-Daniel-Ticau/install/turtlesim/include/turtlesim/turtlesim
[8.934s] -- Up-to-date: /home/danivm/TR-Autonomy-0.5-Daniel-Ticau/install/turtlesim/include/turtlesim/turtlesim/action
[8.934s] -- Up-to-date: /home/danivm/TR-Autonomy-0.5-Daniel-Ticau/install/turtlesim/include/turtlesim/turtlesim/action/detail
[8.934s] -- Installing: /home/danivm/TR-Autonomy-0.5-Daniel-Ticau/install/turtlesim/include/turtlesim/turtlesim/action/detail/rotate_absolute__rosidl_typesupport_introspection_cpp.hpp
[8.934s] -- Installing: /home/danivm/TR-Autonomy-0.5-Daniel-Ticau/install/turtlesim/include/turtlesim/turtlesim/action/detail/rotate_absolute__type_support.cpp
[8.934s] -- Up-to-date: /home/danivm/TR-Autonomy-0.5-Daniel-Ticau/install/turtlesim/include/turtlesim/turtlesim/srv
[8.934s] -- Up-to-date: /home/danivm/TR-Autonomy-0.5-Daniel-Ticau/install/turtlesim/include/turtlesim/turtlesim/srv/detail
[8.934s] -- Installing: /home/danivm/TR-Autonomy-0.5-Daniel-Ticau/install/turtlesim/include/turtlesim/turtlesim/srv/detail/spawn__type_support.cpp
[8.935s] -- Installing: /home/danivm/TR-Autonomy-0.5-Daniel-Ticau/install/turtlesim/include/turtlesim/turtlesim/srv/detail/kill__type_support.cpp
[8.935s] -- Installing: /home/danivm/TR-Autonomy-0.5-Daniel-Ticau/install/turtlesim/include/turtlesim/turtlesim/srv/detail/set_pen__type_support.cpp
[8.935s] -- Installing: /home/danivm/TR-Autonomy-0.5-Daniel-Ticau/install/turtlesim/include/turtlesim/turtlesim/srv/detail/teleport_absolute__rosidl_typesupport_introspection_cpp.hpp
[8.935s] -- Installing: /home/danivm/TR-Autonomy-0.5-Daniel-Ticau/install/turtlesim/include/turtlesim/turtlesim/srv/detail/teleport_relative__rosidl_typesupport_introspection_cpp.hpp
[8.935s] -- Installing: /home/danivm/TR-Autonomy-0.5-Daniel-Ticau/install/turtlesim/include/turtlesim/turtlesim/srv/detail/teleport_absolute__type_support.cpp
[8.935s] -- Installing: /home/danivm/TR-Autonomy-0.5-Daniel-Ticau/install/turtlesim/include/turtlesim/turtlesim/srv/detail/teleport_relative__type_support.cpp
[8.936s] -- Installing: /home/danivm/TR-Autonomy-0.5-Daniel-Ticau/install/turtlesim/include/turtlesim/turtlesim/srv/detail/set_pen__rosidl_typesupport_introspection_cpp.hpp
[8.936s] -- Installing: /home/danivm/TR-Autonomy-0.5-Daniel-Ticau/install/turtlesim/include/turtlesim/turtlesim/srv/detail/kill__rosidl_typesupport_introspection_cpp.hpp
[8.936s] -- Installing: /home/danivm/TR-Autonomy-0.5-Daniel-Ticau/install/turtlesim/include/turtlesim/turtlesim/srv/detail/spawn__rosidl_typesupport_introspection_cpp.hpp
[8.936s] -- Up-to-date: /home/danivm/TR-Autonomy-0.5-Daniel-Ticau/install/turtlesim/include/turtlesim/turtlesim/msg
[8.936s] -- Up-to-date: /home/danivm/TR-Autonomy-0.5-Daniel-Ticau/install/turtlesim/include/turtlesim/turtlesim/msg/detail
[8.936s] -- Installing: /home/danivm/TR-Autonomy-0.5-Daniel-Ticau/install/turtlesim/include/turtlesim/turtlesim/msg/detail/pose__type_support.cpp
[8.937s] -- Installing: /home/danivm/TR-Autonomy-0.5-Daniel-Ticau/install/turtlesim/include/turtlesim/turtlesim/msg/detail/color__rosidl_typesupport_introspection_cpp.hpp
[8.937s] -- Installing: /home/danivm/TR-Autonomy-0.5-Daniel-Ticau/install/turtlesim/include/turtlesim/turtlesim/msg/detail/color__type_support.cpp
[8.937s] -- Installing: /home/danivm/TR-Autonomy-0.5-Daniel-Ticau/install/turtlesim/include/turtlesim/turtlesim/msg/detail/pose__rosidl_typesupport_introspection_cpp.hpp
[8.937s] -- Installing: /home/danivm/TR-Autonomy-0.5-Daniel-Ticau/install/turtlesim/lib/libturtlesim__rosidl_typesupport_introspection_cpp.so
[8.938s] -- Set runtime path of "/home/danivm/TR-Autonomy-0.5-Daniel-Ticau/install/turtlesim/lib/libturtlesim__rosidl_typesupport_introspection_cpp.so" to ""
[8.938s] -- Installing: /home/danivm/TR-Autonomy-0.5-Daniel-Ticau/install/turtlesim/lib/libturtlesim__rosidl_typesupport_cpp.so
[8.938s] -- Set runtime path of "/home/danivm/TR-Autonomy-0.5-Daniel-Ticau/install/turtlesim/lib/libturtlesim__rosidl_typesupport_cpp.so" to ""
[8.938s] -- Installing: /home/danivm/TR-Autonomy-0.5-Daniel-Ticau/install/turtlesim/share/turtlesim/environment/pythonpath.sh
[8.939s] -- Installing: /home/danivm/TR-Autonomy-0.5-Daniel-Ticau/install/turtlesim/share/turtlesim/environment/pythonpath.dsv
[8.939s] -- Installing: /home/danivm/TR-Autonomy-0.5-Daniel-Ticau/install/turtlesim/local/lib/python3.10/dist-packages/turtlesim-1.4.3-py3.10.egg-info
[8.939s] -- Installing: /home/danivm/TR-Autonomy-0.5-Daniel-Ticau/install/turtlesim/local/lib/python3.10/dist-packages/turtlesim-1.4.3-py3.10.egg-info/PKG-INFO
[8.939s] -- Installing: /home/danivm/TR-Autonomy-0.5-Daniel-Ticau/install/turtlesim/local/lib/python3.10/dist-packages/turtlesim-1.4.3-py3.10.egg-info/top_level.txt
[8.939s] -- Installing: /home/danivm/TR-Autonomy-0.5-Daniel-Ticau/install/turtlesim/local/lib/python3.10/dist-packages/turtlesim-1.4.3-py3.10.egg-info/dependency_links.txt
[8.939s] -- Installing: /home/danivm/TR-Autonomy-0.5-Daniel-Ticau/install/turtlesim/local/lib/python3.10/dist-packages/turtlesim-1.4.3-py3.10.egg-info/SOURCES.txt
[8.939s] -- Installing: /home/danivm/TR-Autonomy-0.5-Daniel-Ticau/install/turtlesim/local/lib/python3.10/dist-packages/turtlesim
[8.939s] -- Installing: /home/danivm/TR-Autonomy-0.5-Daniel-Ticau/install/turtlesim/local/lib/python3.10/dist-packages/turtlesim/action
[8.940s] -- Installing: /home/danivm/TR-Autonomy-0.5-Daniel-Ticau/install/turtlesim/local/lib/python3.10/dist-packages/turtlesim/action/_rotate_absolute.py
[8.940s] -- Installing: /home/danivm/TR-Autonomy-0.5-Daniel-Ticau/install/turtlesim/local/lib/python3.10/dist-packages/turtlesim/action/_rotate_absolute_s.c
[8.940s] -- Installing: /home/danivm/TR-Autonomy-0.5-Daniel-Ticau/install/turtlesim/local/lib/python3.10/dist-packages/turtlesim/action/__init__.py
[8.941s] -- Installing: /home/danivm/TR-Autonomy-0.5-Daniel-Ticau/install/turtlesim/local/lib/python3.10/dist-packages/turtlesim/turtlesim_s__rosidl_typesupport_fastrtps_c.cpython-310-aarch64-linux-gnu.so
[8.941s] -- Installing: /home/danivm/TR-Autonomy-0.5-Daniel-Ticau/install/turtlesim/local/lib/python3.10/dist-packages/turtlesim/libturtlesim__rosidl_generator_py.so
[8.941s] -- Installing: /home/danivm/TR-Autonomy-0.5-Daniel-Ticau/install/turtlesim/local/lib/python3.10/dist-packages/turtlesim/_turtlesim_s.ep.rosidl_typesupport_fastrtps_c.c
[8.941s] -- Installing: /home/danivm/TR-Autonomy-0.5-Daniel-Ticau/install/turtlesim/local/lib/python3.10/dist-packages/turtlesim/turtlesim_s__rosidl_typesupport_c.cpython-310-aarch64-linux-gnu.so
[8.941s] -- Installing: /home/danivm/TR-Autonomy-0.5-Daniel-Ticau/install/turtlesim/local/lib/python3.10/dist-packages/turtlesim/srv
[8.941s] -- Installing: /home/danivm/TR-Autonomy-0.5-Daniel-Ticau/install/turtlesim/local/lib/python3.10/dist-packages/turtlesim/srv/_teleport_relative.py
[8.941s] -- Installing: /home/danivm/TR-Autonomy-0.5-Daniel-Ticau/install/turtlesim/local/lib/python3.10/dist-packages/turtlesim/srv/_set_pen_s.c
[8.941s] -- Installing: /home/danivm/TR-Autonomy-0.5-Daniel-Ticau/install/turtlesim/local/lib/python3.10/dist-packages/turtlesim/srv/_teleport_absolute_s.c
[8.943s] -- Installing: /home/danivm/TR-Autonomy-0.5-Daniel-Ticau/install/turtlesim/local/lib/python3.10/dist-packages/turtlesim/srv/_teleport_relative_s.c
[8.943s] -- Installing: /home/danivm/TR-Autonomy-0.5-Daniel-Ticau/install/turtlesim/local/lib/python3.10/dist-packages/turtlesim/srv/_spawn_s.c
[8.943s] -- Installing: /home/danivm/TR-Autonomy-0.5-Daniel-Ticau/install/turtlesim/local/lib/python3.10/dist-packages/turtlesim/srv/_kill.py
[8.943s] -- Installing: /home/danivm/TR-Autonomy-0.5-Daniel-Ticau/install/turtlesim/local/lib/python3.10/dist-packages/turtlesim/srv/_kill_s.c
[8.943s] -- Installing: /home/danivm/TR-Autonomy-0.5-Daniel-Ticau/install/turtlesim/local/lib/python3.10/dist-packages/turtlesim/srv/_set_pen.py
[8.943s] -- Installing: /home/danivm/TR-Autonomy-0.5-Daniel-Ticau/install/turtlesim/local/lib/python3.10/dist-packages/turtlesim/srv/_spawn.py
[8.943s] -- Installing: /home/danivm/TR-Autonomy-0.5-Daniel-Ticau/install/turtlesim/local/lib/python3.10/dist-packages/turtlesim/srv/_teleport_absolute.py
[8.943s] -- Installing: /home/danivm/TR-Autonomy-0.5-Daniel-Ticau/install/turtlesim/local/lib/python3.10/dist-packages/turtlesim/srv/__init__.py
[8.943s] -- Installing: /home/danivm/TR-Autonomy-0.5-Daniel-Ticau/install/turtlesim/local/lib/python3.10/dist-packages/turtlesim/msg
[8.943s] -- Installing: /home/danivm/TR-Autonomy-0.5-Daniel-Ticau/install/turtlesim/local/lib/python3.10/dist-packages/turtlesim/msg/_pose.py
[8.944s] -- Installing: /home/danivm/TR-Autonomy-0.5-Daniel-Ticau/install/turtlesim/local/lib/python3.10/dist-packages/turtlesim/msg/_color_s.c
[8.944s] -- Installing: /home/danivm/TR-Autonomy-0.5-Daniel-Ticau/install/turtlesim/local/lib/python3.10/dist-packages/turtlesim/msg/_pose_s.c
[8.944s] -- Installing: /home/danivm/TR-Autonomy-0.5-Daniel-Ticau/install/turtlesim/local/lib/python3.10/dist-packages/turtlesim/msg/_color.py
[8.944s] -- Installing: /home/danivm/TR-Autonomy-0.5-Daniel-Ticau/install/turtlesim/local/lib/python3.10/dist-packages/turtlesim/msg/__init__.py
[8.944s] -- Installing: /home/danivm/TR-Autonomy-0.5-Daniel-Ticau/install/turtlesim/local/lib/python3.10/dist-packages/turtlesim/turtlesim_s__rosidl_typesupport_introspection_c.cpython-310-aarch64-linux-gnu.so
[8.944s] -- Installing: /home/danivm/TR-Autonomy-0.5-Daniel-Ticau/install/turtlesim/local/lib/python3.10/dist-packages/turtlesim/_turtlesim_s.ep.rosidl_typesupport_introspection_c.c
[8.945s] -- Installing: /home/danivm/TR-Autonomy-0.5-Daniel-Ticau/install/turtlesim/local/lib/python3.10/dist-packages/turtlesim/_turtlesim_s.ep.rosidl_typesupport_c.c
[8.945s] -- Installing: /home/danivm/TR-Autonomy-0.5-Daniel-Ticau/install/turtlesim/local/lib/python3.10/dist-packages/turtlesim/__init__.py
[8.975s] Listing '/home/danivm/TR-Autonomy-0.5-Daniel-Ticau/install/turtlesim/local/lib/python3.10/dist-packages/turtlesim'...
[8.975s] Compiling '/home/danivm/TR-Autonomy-0.5-Daniel-Ticau/install/turtlesim/local/lib/python3.10/dist-packages/turtlesim/__init__.py'...
[8.975s] Listing '/home/danivm/TR-Autonomy-0.5-Daniel-Ticau/install/turtlesim/local/lib/python3.10/dist-packages/turtlesim/action'...
[8.975s] Compiling '/home/danivm/TR-Autonomy-0.5-Daniel-Ticau/install/turtlesim/local/lib/python3.10/dist-packages/turtlesim/action/__init__.py'...
[8.975s] Compiling '/home/danivm/TR-Autonomy-0.5-Daniel-Ticau/install/turtlesim/local/lib/python3.10/dist-packages/turtlesim/action/_rotate_absolute.py'...
[8.975s] Listing '/home/danivm/TR-Autonomy-0.5-Daniel-Ticau/install/turtlesim/local/lib/python3.10/dist-packages/turtlesim/msg'...
[8.975s] Compiling '/home/danivm/TR-Autonomy-0.5-Daniel-Ticau/install/turtlesim/local/lib/python3.10/dist-packages/turtlesim/msg/__init__.py'...
[8.975s] Compiling '/home/danivm/TR-Autonomy-0.5-Daniel-Ticau/install/turtlesim/local/lib/python3.10/dist-packages/turtlesim/msg/_color.py'...
[8.975s] Compiling '/home/danivm/TR-Autonomy-0.5-Daniel-Ticau/install/turtlesim/local/lib/python3.10/dist-packages/turtlesim/msg/_pose.py'...
[8.975s] Listing '/home/danivm/TR-Autonomy-0.5-Daniel-Ticau/install/turtlesim/local/lib/python3.10/dist-packages/turtlesim/srv'...
[8.975s] Compiling '/home/danivm/TR-Autonomy-0.5-Daniel-Ticau/install/turtlesim/local/lib/python3.10/dist-packages/turtlesim/srv/__init__.py'...
[8.975s] Compiling '/home/danivm/TR-Autonomy-0.5-Daniel-Ticau/install/turtlesim/local/lib/python3.10/dist-packages/turtlesim/srv/_kill.py'...
[8.975s] Compiling '/home/danivm/TR-Autonomy-0.5-Daniel-Ticau/install/turtlesim/local/lib/python3.10/dist-packages/turtlesim/srv/_set_pen.py'...
[8.975s] Compiling '/home/danivm/TR-Autonomy-0.5-Daniel-Ticau/install/turtlesim/local/lib/python3.10/dist-packages/turtlesim/srv/_spawn.py'...
[8.975s] Compiling '/home/danivm/TR-Autonomy-0.5-Daniel-Ticau/install/turtlesim/local/lib/python3.10/dist-packages/turtlesim/srv/_teleport_absolute.py'...
[8.975s] Compiling '/home/danivm/TR-Autonomy-0.5-Daniel-Ticau/install/turtlesim/local/lib/python3.10/dist-packages/turtlesim/srv/_teleport_relative.py'...
[8.977s] -- Installing: /home/danivm/TR-Autonomy-0.5-Daniel-Ticau/install/turtlesim/local/lib/python3.10/dist-packages/turtlesim/turtlesim_s__rosidl_typesupport_fastrtps_c.cpython-310-aarch64-linux-gnu.so
[8.977s] -- Set runtime path of "/home/danivm/TR-Autonomy-0.5-Daniel-Ticau/install/turtlesim/local/lib/python3.10/dist-packages/turtlesim/turtlesim_s__rosidl_typesupport_fastrtps_c.cpython-310-aarch64-linux-gnu.so" to ""
[8.977s] -- Installing: /home/danivm/TR-Autonomy-0.5-Daniel-Ticau/install/turtlesim/local/lib/python3.10/dist-packages/turtlesim/turtlesim_s__rosidl_typesupport_introspection_c.cpython-310-aarch64-linux-gnu.so
[8.977s] -- Set runtime path of "/home/danivm/TR-Autonomy-0.5-Daniel-Ticau/install/turtlesim/local/lib/python3.10/dist-packages/turtlesim/turtlesim_s__rosidl_typesupport_introspection_c.cpython-310-aarch64-linux-gnu.so" to ""
[8.977s] -- Installing: /home/danivm/TR-Autonomy-0.5-Daniel-Ticau/install/turtlesim/local/lib/python3.10/dist-packages/turtlesim/turtlesim_s__rosidl_typesupport_c.cpython-310-aarch64-linux-gnu.so
[8.977s] -- Set runtime path of "/home/danivm/TR-Autonomy-0.5-Daniel-Ticau/install/turtlesim/local/lib/python3.10/dist-packages/turtlesim/turtlesim_s__rosidl_typesupport_c.cpython-310-aarch64-linux-gnu.so" to ""
[8.977s] -- Installing: /home/danivm/TR-Autonomy-0.5-Daniel-Ticau/install/turtlesim/lib/libturtlesim__rosidl_generator_py.so
[8.978s] -- Set runtime path of "/home/danivm/TR-Autonomy-0.5-Daniel-Ticau/install/turtlesim/lib/libturtlesim__rosidl_generator_py.so" to ""
[8.978s] -- Installing: /home/danivm/TR-Autonomy-0.5-Daniel-Ticau/install/turtlesim/share/ament_index/resource_index/rust_packages/turtlesim
[8.978s] -- Installing: /home/danivm/TR-Autonomy-0.5-Daniel-Ticau/install/turtlesim/share/turtlesim/rust
[8.978s] -- Installing: /home/danivm/TR-Autonomy-0.5-Daniel-Ticau/install/turtlesim/share/turtlesim/rust/Cargo.toml
[8.978s] -- Installing: /home/danivm/TR-Autonomy-0.5-Daniel-Ticau/install/turtlesim/share/turtlesim/rust/build.rs
[8.978s] -- Installing: /home/danivm/TR-Autonomy-0.5-Daniel-Ticau/install/turtlesim/share/turtlesim/rust/src
[8.978s] -- Installing: /home/danivm/TR-Autonomy-0.5-Daniel-Ticau/install/turtlesim/share/turtlesim/rust/src/action
[8.978s] -- Installing: /home/danivm/TR-Autonomy-0.5-Daniel-Ticau/install/turtlesim/share/turtlesim/rust/src/action/rmw.rs
[8.978s] -- Installing: /home/danivm/TR-Autonomy-0.5-Daniel-Ticau/install/turtlesim/share/turtlesim/rust/src/action.rs
[8.979s] -- Installing: /home/danivm/TR-Autonomy-0.5-Daniel-Ticau/install/turtlesim/share/turtlesim/rust/src/lib.rs
[8.979s] -- Installing: /home/danivm/TR-Autonomy-0.5-Daniel-Ticau/install/turtlesim/share/turtlesim/rust/src/msg.rs
[8.979s] -- Installing: /home/danivm/TR-Autonomy-0.5-Daniel-Ticau/install/turtlesim/share/turtlesim/rust/src/srv.rs
[8.979s] -- Installing: /home/danivm/TR-Autonomy-0.5-Daniel-Ticau/install/turtlesim/share/turtlesim/rust/src/srv
[8.979s] -- Installing: /home/danivm/TR-Autonomy-0.5-Daniel-Ticau/install/turtlesim/share/turtlesim/rust/src/srv/rmw.rs
[8.980s] -- Installing: /home/danivm/TR-Autonomy-0.5-Daniel-Ticau/install/turtlesim/share/turtlesim/rust/src/msg
[8.980s] -- Installing: /home/danivm/TR-Autonomy-0.5-Daniel-Ticau/install/turtlesim/share/turtlesim/rust/src/msg/rmw.rs
[8.980s] -- Installing: /home/danivm/TR-Autonomy-0.5-Daniel-Ticau/install/turtlesim/share/turtlesim/action/RotateAbsolute.idl
[8.980s] -- Installing: /home/danivm/TR-Autonomy-0.5-Daniel-Ticau/install/turtlesim/share/turtlesim/msg/Color.idl
[8.980s] -- Installing: /home/danivm/TR-Autonomy-0.5-Daniel-Ticau/install/turtlesim/share/turtlesim/msg/Pose.idl
[8.980s] -- Installing: /home/danivm/TR-Autonomy-0.5-Daniel-Ticau/install/turtlesim/share/turtlesim/srv/Kill.idl
[8.980s] -- Installing: /home/danivm/TR-Autonomy-0.5-Daniel-Ticau/install/turtlesim/share/turtlesim/srv/SetPen.idl
[8.980s] -- Installing: /home/danivm/TR-Autonomy-0.5-Daniel-Ticau/install/turtlesim/share/turtlesim/srv/Spawn.idl
[8.980s] -- Installing: /home/danivm/TR-Autonomy-0.5-Daniel-Ticau/install/turtlesim/share/turtlesim/srv/TeleportAbsolute.idl
[8.980s] -- Installing: /home/danivm/TR-Autonomy-0.5-Daniel-Ticau/install/turtlesim/share/turtlesim/srv/TeleportRelative.idl
[8.981s] -- Installing: /home/danivm/TR-Autonomy-0.5-Daniel-Ticau/install/turtlesim/share/turtlesim/action/RotateAbsolute.action
[8.981s] -- Installing: /home/danivm/TR-Autonomy-0.5-Daniel-Ticau/install/turtlesim/share/turtlesim/msg/Color.msg
[8.981s] -- Installing: /home/danivm/TR-Autonomy-0.5-Daniel-Ticau/install/turtlesim/share/turtlesim/msg/Pose.msg
[8.981s] -- Installing: /home/danivm/TR-Autonomy-0.5-Daniel-Ticau/install/turtlesim/share/turtlesim/srv/Kill.srv
[8.981s] -- Installing: /home/danivm/TR-Autonomy-0.5-Daniel-Ticau/install/turtlesim/share/turtlesim/srv/Kill_Request.msg
[8.981s] -- Installing: /home/danivm/TR-Autonomy-0.5-Daniel-Ticau/install/turtlesim/share/turtlesim/srv/Kill_Response.msg
[8.981s] -- Installing: /home/danivm/TR-Autonomy-0.5-Daniel-Ticau/install/turtlesim/share/turtlesim/srv/SetPen.srv
[8.981s] -- Installing: /home/danivm/TR-Autonomy-0.5-Daniel-Ticau/install/turtlesim/share/turtlesim/srv/SetPen_Request.msg
[8.981s] -- Installing: /home/danivm/TR-Autonomy-0.5-Daniel-Ticau/install/turtlesim/share/turtlesim/srv/SetPen_Response.msg
[8.981s] -- Installing: /home/danivm/TR-Autonomy-0.5-Daniel-Ticau/install/turtlesim/share/turtlesim/srv/Spawn.srv
[8.981s] -- Installing: /home/danivm/TR-Autonomy-0.5-Daniel-Ticau/install/turtlesim/share/turtlesim/srv/Spawn_Request.msg
[8.981s] -- Installing: /home/danivm/TR-Autonomy-0.5-Daniel-Ticau/install/turtlesim/share/turtlesim/srv/Spawn_Response.msg
[8.981s] -- Installing: /home/danivm/TR-Autonomy-0.5-Daniel-Ticau/install/turtlesim/share/turtlesim/srv/TeleportAbsolute.srv
[8.982s] -- Installing: /home/danivm/TR-Autonomy-0.5-Daniel-Ticau/install/turtlesim/share/turtlesim/srv/TeleportAbsolute_Request.msg
[8.982s] -- Installing: /home/danivm/TR-Autonomy-0.5-Daniel-Ticau/install/turtlesim/share/turtlesim/srv/TeleportAbsolute_Response.msg
[8.982s] -- Installing: /home/danivm/TR-Autonomy-0.5-Daniel-Ticau/install/turtlesim/share/turtlesim/srv/TeleportRelative.srv
[8.982s] -- Installing: /home/danivm/TR-Autonomy-0.5-Daniel-Ticau/install/turtlesim/share/turtlesim/srv/TeleportRelative_Request.msg
[8.982s] -- Installing: /home/danivm/TR-Autonomy-0.5-Daniel-Ticau/install/turtlesim/share/turtlesim/srv/TeleportRelative_Response.msg
[8.982s] -- Installing: /home/danivm/TR-Autonomy-0.5-Daniel-Ticau/install/turtlesim/lib/turtlesim/turtlesim_node
[8.985s] -- Set runtime path of "/home/danivm/TR-Autonomy-0.5-Daniel-Ticau/install/turtlesim/lib/turtlesim/turtlesim_node" to ""
[8.985s] -- Installing: /home/danivm/TR-Autonomy-0.5-Daniel-Ticau/install/turtlesim/lib/turtlesim/turtle_teleop_key
[8.986s] -- Set runtime path of "/home/danivm/TR-Autonomy-0.5-Daniel-Ticau/install/turtlesim/lib/turtlesim/turtle_teleop_key" to ""
[8.986s] -- Installing: /home/danivm/TR-Autonomy-0.5-Daniel-Ticau/install/turtlesim/lib/turtlesim/draw_square
[8.987s] -- Set runtime path of "/home/danivm/TR-Autonomy-0.5-Daniel-Ticau/install/turtlesim/lib/turtlesim/draw_square" to ""
[8.987s] -- Installing: /home/danivm/TR-Autonomy-0.5-Daniel-Ticau/install/turtlesim/lib/turtlesim/mimic
[8.989s] -- Set runtime path of "/home/danivm/TR-Autonomy-0.5-Daniel-Ticau/install/turtlesim/lib/turtlesim/mimic" to ""
[8.989s] -- Installing: /home/danivm/TR-Autonomy-0.5-Daniel-Ticau/install/turtlesim/share/turtlesim/images
[8.989s] -- Installing: /home/danivm/TR-Autonomy-0.5-Daniel-Ticau/install/turtlesim/share/turtlesim/images/eloquent.png
[8.989s] -- Installing: /home/danivm/TR-Autonomy-0.5-Daniel-Ticau/install/turtlesim/share/turtlesim/images/ardent.png
[8.989s] -- Installing: /home/danivm/TR-Autonomy-0.5-Daniel-Ticau/install/turtlesim/share/turtlesim/images/dashing.png
[8.989s] -- Installing: /home/danivm/TR-Autonomy-0.5-Daniel-Ticau/install/turtlesim/share/turtlesim/images/humble.png
[8.989s] -- Installing: /home/danivm/TR-Autonomy-0.5-Daniel-Ticau/install/turtlesim/share/turtlesim/images/bouncy.png
[8.989s] -- Installing: /home/danivm/TR-Autonomy-0.5-Daniel-Ticau/install/turtlesim/share/turtlesim/images/crystal.png
[8.989s] -- Installing: /home/danivm/TR-Autonomy-0.5-Daniel-Ticau/install/turtlesim/share/turtlesim/images/galactic.png
[8.989s] -- Installing: /home/danivm/TR-Autonomy-0.5-Daniel-Ticau/install/turtlesim/share/turtlesim/images/foxy.png
[8.989s] -- Installing: /home/danivm/TR-Autonomy-0.5-Daniel-Ticau/install/turtlesim/share/turtlesim/images/rolling.png
[8.990s] -- Installing: /home/danivm/TR-Autonomy-0.5-Daniel-Ticau/install/turtlesim/share/turtlesim/launch
[8.990s] -- Installing: /home/danivm/TR-Autonomy-0.5-Daniel-Ticau/install/turtlesim/share/turtlesim/launch/multisim.launch.py
[8.990s] -- Installing: /home/danivm/TR-Autonomy-0.5-Daniel-Ticau/install/turtlesim/share/ament_index/resource_index/package_run_dependencies/turtlesim
[8.990s] -- Installing: /home/danivm/TR-Autonomy-0.5-Daniel-Ticau/install/turtlesim/share/ament_index/resource_index/parent_prefix_path/turtlesim
[8.990s] -- Installing: /home/danivm/TR-Autonomy-0.5-Daniel-Ticau/install/turtlesim/share/turtlesim/environment/ament_prefix_path.sh
[8.990s] -- Installing: /home/danivm/TR-Autonomy-0.5-Daniel-Ticau/install/turtlesim/share/turtlesim/environment/ament_prefix_path.dsv
[8.990s] -- Installing: /home/danivm/TR-Autonomy-0.5-Daniel-Ticau/install/turtlesim/share/turtlesim/environment/path.sh
[8.990s] -- Installing: /home/danivm/TR-Autonomy-0.5-Daniel-Ticau/install/turtlesim/share/turtlesim/environment/path.dsv
[8.990s] -- Installing: /home/danivm/TR-Autonomy-0.5-Daniel-Ticau/install/turtlesim/share/turtlesim/local_setup.bash
[8.991s] -- Installing: /home/danivm/TR-Autonomy-0.5-Daniel-Ticau/install/turtlesim/share/turtlesim/local_setup.sh
[8.991s] -- Installing: /home/danivm/TR-Autonomy-0.5-Daniel-Ticau/install/turtlesim/share/turtlesim/local_setup.zsh
[8.991s] -- Installing: /home/danivm/TR-Autonomy-0.5-Daniel-Ticau/install/turtlesim/share/turtlesim/local_setup.dsv
[8.991s] -- Installing: /home/danivm/TR-Autonomy-0.5-Daniel-Ticau/install/turtlesim/share/turtlesim/package.dsv
[8.991s] -- Installing: /home/danivm/TR-Autonomy-0.5-Daniel-Ticau/install/turtlesim/share/ament_index/resource_index/packages/turtlesim
[8.992s] -- Installing: /home/danivm/TR-Autonomy-0.5-Daniel-Ticau/install/turtlesim/share/turtlesim/cmake/export_turtlesim__rosidl_generator_cExport.cmake
[8.992s] -- Installing: /home/danivm/TR-Autonomy-0.5-Daniel-Ticau/install/turtlesim/share/turtlesim/cmake/export_turtlesim__rosidl_generator_cExport-noconfig.cmake
[8.992s] -- Installing: /home/danivm/TR-Autonomy-0.5-Daniel-Ticau/install/turtlesim/share/turtlesim/cmake/export_turtlesim__rosidl_typesupport_fastrtps_cExport.cmake
[8.992s] -- Installing: /home/danivm/TR-Autonomy-0.5-Daniel-Ticau/install/turtlesim/share/turtlesim/cmake/export_turtlesim__rosidl_typesupport_fastrtps_cExport-noconfig.cmake
[8.992s] -- Installing: /home/danivm/TR-Autonomy-0.5-Daniel-Ticau/install/turtlesim/share/turtlesim/cmake/export_turtlesim__rosidl_generator_cppExport.cmake
[8.992s] -- Installing: /home/danivm/TR-Autonomy-0.5-Daniel-Ticau/install/turtlesim/share/turtlesim/cmake/export_turtlesim__rosidl_typesupport_fastrtps_cppExport.cmake
[8.992s] -- Installing: /home/danivm/TR-Autonomy-0.5-Daniel-Ticau/install/turtlesim/share/turtlesim/cmake/export_turtlesim__rosidl_typesupport_fastrtps_cppExport-noconfig.cmake
[8.993s] -- Installing: /home/danivm/TR-Autonomy-0.5-Daniel-Ticau/install/turtlesim/share/turtlesim/cmake/turtlesim__rosidl_typesupport_introspection_cExport.cmake
[8.993s] -- Installing: /home/danivm/TR-Autonomy-0.5-Daniel-Ticau/install/turtlesim/share/turtlesim/cmake/turtlesim__rosidl_typesupport_introspection_cExport-noconfig.cmake
[8.993s] -- Installing: /home/danivm/TR-Autonomy-0.5-Daniel-Ticau/install/turtlesim/share/turtlesim/cmake/turtlesim__rosidl_typesupport_cExport.cmake
[8.993s] -- Installing: /home/danivm/TR-Autonomy-0.5-Daniel-Ticau/install/turtlesim/share/turtlesim/cmake/turtlesim__rosidl_typesupport_cExport-noconfig.cmake
[8.993s] -- Installing: /home/danivm/TR-Autonomy-0.5-Daniel-Ticau/install/turtlesim/share/turtlesim/cmake/turtlesim__rosidl_typesupport_introspection_cppExport.cmake
[8.993s] -- Installing: /home/danivm/TR-Autonomy-0.5-Daniel-Ticau/install/turtlesim/share/turtlesim/cmake/turtlesim__rosidl_typesupport_introspection_cppExport-noconfig.cmake
[8.994s] -- Installing: /home/danivm/TR-Autonomy-0.5-Daniel-Ticau/install/turtlesim/share/turtlesim/cmake/turtlesim__rosidl_typesupport_cppExport.cmake
[8.994s] -- Installing: /home/danivm/TR-Autonomy-0.5-Daniel-Ticau/install/turtlesim/share/turtlesim/cmake/turtlesim__rosidl_typesupport_cppExport-noconfig.cmake
[8.994s] -- Installing: /home/danivm/TR-Autonomy-0.5-Daniel-Ticau/install/turtlesim/share/turtlesim/cmake/export_turtlesim__rosidl_generator_pyExport.cmake
[8.994s] -- Installing: /home/danivm/TR-Autonomy-0.5-Daniel-Ticau/install/turtlesim/share/turtlesim/cmake/export_turtlesim__rosidl_generator_pyExport-noconfig.cmake
[8.994s] -- Installing: /home/danivm/TR-Autonomy-0.5-Daniel-Ticau/install/turtlesim/share/turtlesim/cmake/rosidl_cmake-extras.cmake
[8.994s] -- Installing: /home/danivm/TR-Autonomy-0.5-Daniel-Ticau/install/turtlesim/share/turtlesim/cmake/ament_cmake_export_dependencies-extras.cmake
[8.995s] -- Installing: /home/danivm/TR-Autonomy-0.5-Daniel-Ticau/install/turtlesim/share/turtlesim/cmake/ament_cmake_export_include_directories-extras.cmake
[8.995s] -- Installing: /home/danivm/TR-Autonomy-0.5-Daniel-Ticau/install/turtlesim/share/turtlesim/cmake/ament_cmake_export_libraries-extras.cmake
[8.995s] -- Installing: /home/danivm/TR-Autonomy-0.5-Daniel-Ticau/install/turtlesim/share/turtlesim/cmake/ament_cmake_export_targets-extras.cmake
[8.995s] -- Installing: /home/danivm/TR-Autonomy-0.5-Daniel-Ticau/install/turtlesim/share/turtlesim/cmake/rosidl_cmake_export_typesupport_targets-extras.cmake
[8.995s] -- Installing: /home/danivm/TR-Autonomy-0.5-Daniel-Ticau/install/turtlesim/share/turtlesim/cmake/rosidl_cmake_export_typesupport_libraries-extras.cmake
[8.995s] -- Installing: /home/danivm/TR-Autonomy-0.5-Daniel-Ticau/install/turtlesim/share/turtlesim/cmake/rosidl_cmake_aggregate_target-extras.cmake
[8.995s] -- Installing: /home/danivm/TR-Autonomy-0.5-Daniel-Ticau/install/turtlesim/share/turtlesim/cmake/turtlesimConfig.cmake
[8.996s] -- Installing: /home/danivm/TR-Autonomy-0.5-Daniel-Ticau/install/turtlesim/share/turtlesim/cmake/turtlesimConfig-version.cmake
[8.996s] -- Installing: /home/danivm/TR-Autonomy-0.5-Daniel-Ticau/install/turtlesim/share/turtlesim/package.xml
[8.997s] Invoked command in '/home/danivm/TR-Autonomy-0.5-Daniel-Ticau/build/turtlesim' returned '0': CMAKE_PREFIX_PATH=/opt/ros/humble /usr/bin/cmake --install /home/danivm/TR-Autonomy-0.5-Daniel-Ticau/build/turtlesim
