[0.003s] Invoking command in '/home/danivm/TR-Autonomy-0.5-Daniel-Ticau/build/turtlesim': CMAKE_PREFIX_PATH=${CMAKE_PREFIX_PATH}:/opt/ros/humble /usr/bin/cmake /home/danivm/TR-Autonomy-0.5-Daniel-Ticau/ros_tutorials/turtlesim -DAMENT_CMAKE_SYMLINK_INSTALL=1 -DCMAKE_INSTALL_PREFIX=/home/danivm/TR-Autonomy-0.5-Daniel-Ticau/install/turtlesim
[0.019s] -- Found ament_cmake: 1.3.14 (/opt/ros/humble/share/ament_cmake/cmake)
[0.071s] -- Override CMake install command with custom implementation using symlinks instead of copying resources
[0.083s] -- Found ament_index_cpp: 1.4.1 (/opt/ros/humble/share/ament_index_cpp/cmake)
[0.084s] -- Found geometry_msgs: 4.9.2 (/opt/ros/humble/share/geometry_msgs/cmake)
[0.100s] -- Found rosidl_generator_c: 3.1.9 (/opt/ros/humble/share/rosidl_generator_c/cmake)
[0.102s] -- Found rosidl_adapter: 3.1.9 (/opt/ros/humble/share/rosidl_adapter/cmake)
[0.107s] -- Found rosidl_generator_cpp: 3.1.9 (/opt/ros/humble/share/rosidl_generator_cpp/cmake)
[0.113s] -- Using all available rosidl_typesupport_c: rosidl_typesupport_fastrtps_c;rosidl_typesupport_introspection_c
[0.122s] -- Using all available rosidl_typesupport_cpp: rosidl_typesupport_fastrtps_cpp;rosidl_typesupport_introspection_cpp
[0.153s] -- Found rclcpp: 16.0.19 (/opt/ros/humble/share/rclcpp/cmake)
[0.172s] -- Found rmw_implementation_cmake: 6.1.3 (/opt/ros/humble/share/rmw_implementation_cmake/cmake)
[0.173s] -- Found rmw_fastrtps_cpp: 6.2.10 (/opt/ros/humble/share/rmw_fastrtps_cpp/cmake)
[0.219s] -- Using RMW implementation 'rmw_fastrtps_cpp' as default
[0.251s] -- Found rclcpp_action: 16.0.19 (/opt/ros/humble/share/rclcpp_action/cmake)
[0.269s] -- Found rosidl_default_generators: 1.2.1 (/opt/ros/humble/share/rosidl_default_generators/cmake)
[0.275s] -- Found std_srvs: 4.9.2 (/opt/ros/humble/share/std_srvs/cmake)
[0.396s] -- Found ament_cmake_ros: 0.10.0 (/opt/ros/humble/share/ament_cmake_ros/cmake)
[0.514s] -- Using all available rosidl_typesupport_c: rosidl_typesupport_fastrtps_c;rosidl_typesupport_introspection_c
[0.562s] -- Using all available rosidl_typesupport_cpp: rosidl_typesupport_fastrtps_cpp;rosidl_typesupport_introspection_cpp
[0.573s] -- Found python_cmake_module: 0.10.0 (/opt/ros/humble/share/python_cmake_module/cmake)
[0.582s] -- Using PYTHON_EXECUTABLE: /usr/bin/python3
[0.582s] -- Using PYTHON_INCLUDE_DIRS: /usr/include/python3.10
[0.582s] -- Using PYTHON_LIBRARIES: /usr/lib/aarch64-linux-gnu/libpython3.10.so
[0.625s] -- Configuring done
[0.665s] -- Generating done
[0.676s] -- Build files have been written to: /home/danivm/TR-Autonomy-0.5-Daniel-Ticau/build/turtlesim
[0.681s] Invoked command in '/home/danivm/TR-Autonomy-0.5-Daniel-Ticau/build/turtlesim' returned '0': CMAKE_PREFIX_PATH=${CMAKE_PREFIX_PATH}:/opt/ros/humble /usr/bin/cmake /home/danivm/TR-Autonomy-0.5-Daniel-Ticau/ros_tutorials/turtlesim -DAMENT_CMAKE_SYMLINK_INSTALL=1 -DCMAKE_INSTALL_PREFIX=/home/danivm/TR-Autonomy-0.5-Daniel-Ticau/install/turtlesim
[0.682s] Invoking command in '/home/danivm/TR-Autonomy-0.5-Daniel-Ticau/build/turtlesim': CMAKE_PREFIX_PATH=${CMAKE_PREFIX_PATH}:/opt/ros/humble /usr/bin/cmake --build /home/danivm/TR-Autonomy-0.5-Daniel-Ticau/build/turtlesim -- -j5 -l5
[0.698s] [35m[1mConsolidate compiler generated dependencies of target turtlesim__rosidl_generator_c[0m
[0.701s] failed to create symbolic link '/home/danivm/TR-Autonomy-0.5-Daniel-Ticau/build/turtlesim/ament_cmake_python/turtlesim/turtlesim' because existing path cannot be removed: Is a directory
[0.701s] gmake[2]: *** [CMakeFiles/ament_cmake_python_symlink_turtlesim.dir/build.make:70: CMakeFiles/ament_cmake_python_symlink_turtlesim] Error 1
[0.701s] gmake[1]: *** [CMakeFiles/Makefile2:448: CMakeFiles/ament_cmake_python_symlink_turtlesim.dir/all] Error 2
[0.701s] gmake[1]: *** Waiting for unfinished jobs....
[0.702s] [  1%] Built target turtlesim__rs
[0.703s] [ 11%] Built target turtlesim__rosidl_generator_c
[0.704s] [ 12%] Built target turtlesim__cpp
[0.704s] gmake: *** [Makefile:146: all] Error 2
[0.705s] Invoked command in '/home/danivm/TR-Autonomy-0.5-Daniel-Ticau/build/turtlesim' returned '2': CMAKE_PREFIX_PATH=${CMAKE_PREFIX_PATH}:/opt/ros/humble /usr/bin/cmake --build /home/danivm/TR-Autonomy-0.5-Daniel-Ticau/build/turtlesim -- -j5 -l5
