[0.042s] DEBUG:colcon:Command line arguments: ['/usr/bin/colcon', 'build', '--packages-select', 'cpp_pubsub']
[0.042s] DEBUG:colcon:Parsed command line arguments: Namespace(log_base=None, log_level=None, verb_name='build', build_base='build', install_base='install', merge_install=False, symlink_install=False, test_result_base=None, continue_on_error=False, executor='parallel', parallel_workers=5, event_handlers=None, ignore_user_meta=False, metas=['./colcon.meta'], base_paths=['.'], packages_ignore=None, packages_ignore_regex=None, paths=None, packages_up_to=None, packages_up_to_regex=None, packages_above=None, packages_above_and_dependencies=None, packages_above_depth=None, packages_select_by_dep=None, packages_skip_by_dep=None, packages_skip_up_to=None, packages_select_build_failed=False, packages_skip_build_finished=False, packages_select_test_failures=False, packages_skip_test_passed=False, packages_select=['cpp_pubsub'], packages_skip=None, packages_select_regex=None, packages_skip_regex=None, packages_start=None, packages_end=None, allow_overriding=[], cmake_args=None, cmake_target=None, cmake_target_skip_unavailable=False, cmake_clean_cache=False, cmake_clean_first=False, cmake_force_configure=False, ament_cmake_args=None, catkin_cmake_args=None, catkin_skip_building_tests=False, mixin_files=None, mixin=None, verb_parser=<colcon_mixin.mixin.mixin_argument.MixinArgumentDecorator object at 0xffff854d5c90>, verb_extension=<colcon_core.verb.build.BuildVerb object at 0xffff854d5690>, main=<bound method BuildVerb.main of <colcon_core.verb.build.BuildVerb object at 0xffff854d5690>>, mixin_verb=('build',))
[0.091s] Level 1:colcon.colcon_core.package_discovery:discover_packages(colcon_meta) check parameters
[0.091s] Level 1:colcon.colcon_core.package_discovery:discover_packages(recursive) check parameters
[0.091s] Level 1:colcon.colcon_core.package_discovery:discover_packages(ignore) check parameters
[0.091s] Level 1:colcon.colcon_core.package_discovery:discover_packages(path) check parameters
[0.091s] Level 1:colcon.colcon_core.package_discovery:discover_packages(colcon_meta) discover
[0.091s] Level 1:colcon.colcon_core.package_discovery:discover_packages(recursive) discover
[0.091s] INFO:colcon.colcon_core.package_discovery:Crawling recursively for packages in '/home/danivm/TR-Autonomy-0.5-Daniel-Ticau'
[0.091s] Level 1:colcon.colcon_core.package_identification:_identify(.) by extensions ['ignore', 'ignore_ament_install']
[0.091s] Level 1:colcon.colcon_core.package_identification:_identify(.) by extension 'ignore'
[0.091s] Level 1:colcon.colcon_core.package_identification:_identify(.) by extension 'ignore_ament_install'
[0.091s] Level 1:colcon.colcon_core.package_identification:_identify(.) by extensions ['colcon_pkg']
[0.091s] Level 1:colcon.colcon_core.package_identification:_identify(.) by extension 'colcon_pkg'
[0.091s] Level 1:colcon.colcon_core.package_identification:_identify(.) by extensions ['colcon_meta']
[0.091s] Level 1:colcon.colcon_core.package_identification:_identify(.) by extension 'colcon_meta'
[0.091s] Level 1:colcon.colcon_core.package_identification:_identify(.) by extensions ['ros']
[0.091s] Level 1:colcon.colcon_core.package_identification:_identify(.) by extension 'ros'
[0.095s] Level 1:colcon.colcon_core.package_identification:_identify(.) by extensions ['cmake', 'python']
[0.095s] Level 1:colcon.colcon_core.package_identification:_identify(.) by extension 'cmake'
[0.095s] Level 1:colcon.colcon_core.package_identification:_identify(.) by extension 'python'
[0.095s] Level 1:colcon.colcon_core.package_identification:_identify(.) by extensions ['python_setup_py']
[0.095s] Level 1:colcon.colcon_core.package_identification:_identify(.) by extension 'python_setup_py'
[0.095s] Level 1:colcon.colcon_core.package_identification:_identify(build) by extensions ['ignore', 'ignore_ament_install']
[0.095s] Level 1:colcon.colcon_core.package_identification:_identify(build) by extension 'ignore'
[0.095s] Level 1:colcon.colcon_core.package_identification:_identify(build) ignored
[0.095s] Level 1:colcon.colcon_core.package_identification:_identify(images) by extensions ['ignore', 'ignore_ament_install']
[0.095s] Level 1:colcon.colcon_core.package_identification:_identify(images) by extension 'ignore'
[0.095s] Level 1:colcon.colcon_core.package_identification:_identify(images) by extension 'ignore_ament_install'
[0.095s] Level 1:colcon.colcon_core.package_identification:_identify(images) by extensions ['colcon_pkg']
[0.095s] Level 1:colcon.colcon_core.package_identification:_identify(images) by extension 'colcon_pkg'
[0.095s] Level 1:colcon.colcon_core.package_identification:_identify(images) by extensions ['colcon_meta']
[0.095s] Level 1:colcon.colcon_core.package_identification:_identify(images) by extension 'colcon_meta'
[0.095s] Level 1:colcon.colcon_core.package_identification:_identify(images) by extensions ['ros']
[0.095s] Level 1:colcon.colcon_core.package_identification:_identify(images) by extension 'ros'
[0.095s] Level 1:colcon.colcon_core.package_identification:_identify(images) by extensions ['cmake', 'python']
[0.095s] Level 1:colcon.colcon_core.package_identification:_identify(images) by extension 'cmake'
[0.095s] Level 1:colcon.colcon_core.package_identification:_identify(images) by extension 'python'
[0.095s] Level 1:colcon.colcon_core.package_identification:_identify(images) by extensions ['python_setup_py']
[0.095s] Level 1:colcon.colcon_core.package_identification:_identify(images) by extension 'python_setup_py'
[0.095s] Level 1:colcon.colcon_core.package_identification:_identify(install) by extensions ['ignore', 'ignore_ament_install']
[0.095s] Level 1:colcon.colcon_core.package_identification:_identify(install) by extension 'ignore'
[0.095s] Level 1:colcon.colcon_core.package_identification:_identify(install) ignored
[0.095s] Level 1:colcon.colcon_core.package_identification:_identify(log) by extensions ['ignore', 'ignore_ament_install']
[0.095s] Level 1:colcon.colcon_core.package_identification:_identify(log) by extension 'ignore'
[0.095s] Level 1:colcon.colcon_core.package_identification:_identify(log) ignored
[0.095s] Level 1:colcon.colcon_core.package_identification:_identify(ros_tutorials) by extensions ['ignore', 'ignore_ament_install']
[0.095s] Level 1:colcon.colcon_core.package_identification:_identify(ros_tutorials) by extension 'ignore'
[0.095s] Level 1:colcon.colcon_core.package_identification:_identify(ros_tutorials) by extension 'ignore_ament_install'
[0.095s] Level 1:colcon.colcon_core.package_identification:_identify(ros_tutorials) by extensions ['colcon_pkg']
[0.095s] Level 1:colcon.colcon_core.package_identification:_identify(ros_tutorials) by extension 'colcon_pkg'
[0.095s] Level 1:colcon.colcon_core.package_identification:_identify(ros_tutorials) by extensions ['colcon_meta']
[0.095s] Level 1:colcon.colcon_core.package_identification:_identify(ros_tutorials) by extension 'colcon_meta'
[0.095s] Level 1:colcon.colcon_core.package_identification:_identify(ros_tutorials) by extensions ['ros']
[0.095s] Level 1:colcon.colcon_core.package_identification:_identify(ros_tutorials) by extension 'ros'
[0.095s] Level 1:colcon.colcon_core.package_identification:_identify(ros_tutorials) by extensions ['cmake', 'python']
[0.095s] Level 1:colcon.colcon_core.package_identification:_identify(ros_tutorials) by extension 'cmake'
[0.095s] Level 1:colcon.colcon_core.package_identification:_identify(ros_tutorials) by extension 'python'
[0.095s] Level 1:colcon.colcon_core.package_identification:_identify(ros_tutorials) by extensions ['python_setup_py']
[0.095s] Level 1:colcon.colcon_core.package_identification:_identify(ros_tutorials) by extension 'python_setup_py'
[0.095s] Level 1:colcon.colcon_core.package_identification:_identify(ros_tutorials/ros_tutorials) by extensions ['ignore', 'ignore_ament_install']
[0.095s] Level 1:colcon.colcon_core.package_identification:_identify(ros_tutorials/ros_tutorials) by extension 'ignore'
[0.095s] Level 1:colcon.colcon_core.package_identification:_identify(ros_tutorials/ros_tutorials) ignored
[0.095s] Level 1:colcon.colcon_core.package_identification:_identify(ros_tutorials/roscpp_tutorials) by extensions ['ignore', 'ignore_ament_install']
[0.098s] Level 1:colcon.colcon_core.package_identification:_identify(ros_tutorials/roscpp_tutorials) by extension 'ignore'
[0.098s] Level 1:colcon.colcon_core.package_identification:_identify(ros_tutorials/roscpp_tutorials) ignored
[0.098s] Level 1:colcon.colcon_core.package_identification:_identify(ros_tutorials/rospy_tutorials) by extensions ['ignore', 'ignore_ament_install']
[0.098s] Level 1:colcon.colcon_core.package_identification:_identify(ros_tutorials/rospy_tutorials) by extension 'ignore'
[0.098s] Level 1:colcon.colcon_core.package_identification:_identify(ros_tutorials/rospy_tutorials) ignored
[0.098s] Level 1:colcon.colcon_core.package_identification:_identify(ros_tutorials/turtlesim) by extensions ['ignore', 'ignore_ament_install']
[0.098s] Level 1:colcon.colcon_core.package_identification:_identify(ros_tutorials/turtlesim) by extension 'ignore'
[0.098s] Level 1:colcon.colcon_core.package_identification:_identify(ros_tutorials/turtlesim) by extension 'ignore_ament_install'
[0.098s] Level 1:colcon.colcon_core.package_identification:_identify(ros_tutorials/turtlesim) by extensions ['colcon_pkg']
[0.098s] Level 1:colcon.colcon_core.package_identification:_identify(ros_tutorials/turtlesim) by extension 'colcon_pkg'
[0.098s] Level 1:colcon.colcon_core.package_identification:_identify(ros_tutorials/turtlesim) by extensions ['colcon_meta']
[0.098s] Level 1:colcon.colcon_core.package_identification:_identify(ros_tutorials/turtlesim) by extension 'colcon_meta'
[0.098s] Level 1:colcon.colcon_core.package_identification:_identify(ros_tutorials/turtlesim) by extensions ['ros']
[0.098s] Level 1:colcon.colcon_core.package_identification:_identify(ros_tutorials/turtlesim) by extension 'ros'
[0.099s] DEBUG:colcon.colcon_core.package_identification:Package 'ros_tutorials/turtlesim' with type 'ros.ament_cmake' and name 'turtlesim'
[0.099s] Level 1:colcon.colcon_core.package_identification:_identify(src) by extensions ['ignore', 'ignore_ament_install']
[0.099s] Level 1:colcon.colcon_core.package_identification:_identify(src) by extension 'ignore'
[0.099s] Level 1:colcon.colcon_core.package_identification:_identify(src) by extension 'ignore_ament_install'
[0.099s] Level 1:colcon.colcon_core.package_identification:_identify(src) by extensions ['colcon_pkg']
[0.099s] Level 1:colcon.colcon_core.package_identification:_identify(src) by extension 'colcon_pkg'
[0.099s] Level 1:colcon.colcon_core.package_identification:_identify(src) by extensions ['colcon_meta']
[0.099s] Level 1:colcon.colcon_core.package_identification:_identify(src) by extension 'colcon_meta'
[0.099s] Level 1:colcon.colcon_core.package_identification:_identify(src) by extensions ['ros']
[0.099s] Level 1:colcon.colcon_core.package_identification:_identify(src) by extension 'ros'
[0.099s] Level 1:colcon.colcon_core.package_identification:_identify(src) by extensions ['cmake', 'python']
[0.099s] Level 1:colcon.colcon_core.package_identification:_identify(src) by extension 'cmake'
[0.099s] Level 1:colcon.colcon_core.package_identification:_identify(src) by extension 'python'
[0.099s] Level 1:colcon.colcon_core.package_identification:_identify(src) by extensions ['python_setup_py']
[0.099s] Level 1:colcon.colcon_core.package_identification:_identify(src) by extension 'python_setup_py'
[0.099s] Level 1:colcon.colcon_core.package_identification:_identify(src/cpp_pubsub) by extensions ['ignore', 'ignore_ament_install']
[0.099s] Level 1:colcon.colcon_core.package_identification:_identify(src/cpp_pubsub) by extension 'ignore'
[0.099s] Level 1:colcon.colcon_core.package_identification:_identify(src/cpp_pubsub) by extension 'ignore_ament_install'
[0.099s] Level 1:colcon.colcon_core.package_identification:_identify(src/cpp_pubsub) by extensions ['colcon_pkg']
[0.099s] Level 1:colcon.colcon_core.package_identification:_identify(src/cpp_pubsub) by extension 'colcon_pkg'
[0.099s] Level 1:colcon.colcon_core.package_identification:_identify(src/cpp_pubsub) by extensions ['colcon_meta']
[0.099s] Level 1:colcon.colcon_core.package_identification:_identify(src/cpp_pubsub) by extension 'colcon_meta'
[0.099s] Level 1:colcon.colcon_core.package_identification:_identify(src/cpp_pubsub) by extensions ['ros']
[0.099s] Level 1:colcon.colcon_core.package_identification:_identify(src/cpp_pubsub) by extension 'ros'
[0.099s] DEBUG:colcon.colcon_core.package_identification:Package 'src/cpp_pubsub' with type 'ros.ament_cmake' and name 'cpp_pubsub'
[0.099s] Level 1:colcon.colcon_core.package_identification:_identify(src/my_package) by extensions ['ignore', 'ignore_ament_install']
[0.099s] Level 1:colcon.colcon_core.package_identification:_identify(src/my_package) by extension 'ignore'
[0.099s] Level 1:colcon.colcon_core.package_identification:_identify(src/my_package) by extension 'ignore_ament_install'
[0.099s] Level 1:colcon.colcon_core.package_identification:_identify(src/my_package) by extensions ['colcon_pkg']
[0.099s] Level 1:colcon.colcon_core.package_identification:_identify(src/my_package) by extension 'colcon_pkg'
[0.099s] Level 1:colcon.colcon_core.package_identification:_identify(src/my_package) by extensions ['colcon_meta']
[0.099s] Level 1:colcon.colcon_core.package_identification:_identify(src/my_package) by extension 'colcon_meta'
[0.099s] Level 1:colcon.colcon_core.package_identification:_identify(src/my_package) by extensions ['ros']
[0.099s] Level 1:colcon.colcon_core.package_identification:_identify(src/my_package) by extension 'ros'
[0.100s] DEBUG:colcon.colcon_core.package_identification:Package 'src/my_package' with type 'ros.ament_cmake' and name 'my_package'
[0.100s] Level 1:colcon.colcon_core.package_discovery:discover_packages(recursive) using defaults
[0.100s] Level 1:colcon.colcon_core.package_discovery:discover_packages(ignore) discover
[0.100s] Level 1:colcon.colcon_core.package_discovery:discover_packages(ignore) using defaults
[0.100s] Level 1:colcon.colcon_core.package_discovery:discover_packages(path) discover
[0.100s] Level 1:colcon.colcon_core.package_discovery:discover_packages(path) using defaults
[0.110s] INFO:colcon.colcon_core.package_selection:Skipping not selected package 'my_package' in 'src/my_package'
[0.110s] INFO:colcon.colcon_core.package_selection:Skipping not selected package 'turtlesim' in 'ros_tutorials/turtlesim'
[0.110s] Level 1:colcon.colcon_core.package_discovery:discover_packages(prefix_path) check parameters
[0.110s] Level 1:colcon.colcon_core.package_discovery:discover_packages(prefix_path) discover
[0.111s] DEBUG:colcon.colcon_installed_package_information.package_discovery:Found 273 installed packages in /opt/ros/humble
[0.111s] Level 1:colcon.colcon_core.package_discovery:discover_packages(prefix_path) using defaults
[0.124s] Level 5:colcon.colcon_core.verb:set package 'cpp_pubsub' build argument 'cmake_args' from command line to 'None'
[0.124s] Level 5:colcon.colcon_core.verb:set package 'cpp_pubsub' build argument 'cmake_target' from command line to 'None'
[0.124s] Level 5:colcon.colcon_core.verb:set package 'cpp_pubsub' build argument 'cmake_target_skip_unavailable' from command line to 'False'
[0.124s] Level 5:colcon.colcon_core.verb:set package 'cpp_pubsub' build argument 'cmake_clean_cache' from command line to 'False'
[0.124s] Level 5:colcon.colcon_core.verb:set package 'cpp_pubsub' build argument 'cmake_clean_first' from command line to 'False'
[0.124s] Level 5:colcon.colcon_core.verb:set package 'cpp_pubsub' build argument 'cmake_force_configure' from command line to 'False'
[0.124s] Level 5:colcon.colcon_core.verb:set package 'cpp_pubsub' build argument 'ament_cmake_args' from command line to 'None'
[0.124s] Level 5:colcon.colcon_core.verb:set package 'cpp_pubsub' build argument 'catkin_cmake_args' from command line to 'None'
[0.124s] Level 5:colcon.colcon_core.verb:set package 'cpp_pubsub' build argument 'catkin_skip_building_tests' from command line to 'False'
[0.124s] DEBUG:colcon.colcon_core.verb:Building package 'cpp_pubsub' with the following arguments: {'ament_cmake_args': None, 'build_base': '/home/danivm/TR-Autonomy-0.5-Daniel-Ticau/build/cpp_pubsub', 'catkin_cmake_args': None, 'catkin_skip_building_tests': False, 'cmake_args': None, 'cmake_clean_cache': False, 'cmake_clean_first': False, 'cmake_force_configure': False, 'cmake_target': None, 'cmake_target_skip_unavailable': False, 'install_base': '/home/danivm/TR-Autonomy-0.5-Daniel-Ticau/install/cpp_pubsub', 'merge_install': False, 'path': '/home/danivm/TR-Autonomy-0.5-Daniel-Ticau/src/cpp_pubsub', 'symlink_install': False, 'test_result_base': None}
[0.124s] INFO:colcon.colcon_core.executor:Executing jobs using 'parallel' executor
[0.125s] DEBUG:colcon.colcon_parallel_executor.executor.parallel:run_until_complete
[0.125s] INFO:colcon.colcon_ros.task.ament_cmake.build:Building ROS package in '/home/danivm/TR-Autonomy-0.5-Daniel-Ticau/src/cpp_pubsub' with build type 'ament_cmake'
[0.125s] INFO:colcon.colcon_cmake.task.cmake.build:Building CMake package in '/home/danivm/TR-Autonomy-0.5-Daniel-Ticau/src/cpp_pubsub'
[0.126s] INFO:colcon.colcon_core.plugin_system:Skipping extension 'colcon_core.shell.bat': Not used on non-Windows systems
[0.126s] INFO:colcon.colcon_core.shell:Skip shell extension 'powershell' for command environment: Not usable outside of PowerShell
[0.126s] DEBUG:colcon.colcon_core.shell:Skip shell extension 'dsv' for command environment
[0.129s] DEBUG:colcon.colcon_core.event_handler.log_command:Invoking command in '/home/danivm/TR-Autonomy-0.5-Daniel-Ticau/build/cpp_pubsub': CMAKE_PREFIX_PATH=/opt/ros/humble /usr/bin/cmake /home/danivm/TR-Autonomy-0.5-Daniel-Ticau/src/cpp_pubsub -DCMAKE_INSTALL_PREFIX=/home/danivm/TR-Autonomy-0.5-Daniel-Ticau/install/cpp_pubsub
[0.311s] DEBUG:colcon.colcon_core.event_handler.log_command:Invoked command in '/home/danivm/TR-Autonomy-0.5-Daniel-Ticau/build/cpp_pubsub' returned '0': CMAKE_PREFIX_PATH=/opt/ros/humble /usr/bin/cmake /home/danivm/TR-Autonomy-0.5-Daniel-Ticau/src/cpp_pubsub -DCMAKE_INSTALL_PREFIX=/home/danivm/TR-Autonomy-0.5-Daniel-Ticau/install/cpp_pubsub
[0.312s] DEBUG:colcon.colcon_core.event_handler.log_command:Invoking command in '/home/danivm/TR-Autonomy-0.5-Daniel-Ticau/build/cpp_pubsub': CMAKE_PREFIX_PATH=/opt/ros/humble /usr/bin/cmake --build /home/danivm/TR-Autonomy-0.5-Daniel-Ticau/build/cpp_pubsub -- -j5 -l5
[4.890s] DEBUG:colcon.colcon_core.event_handler.log_command:Invoked command in '/home/danivm/TR-Autonomy-0.5-Daniel-Ticau/build/cpp_pubsub' returned '0': CMAKE_PREFIX_PATH=/opt/ros/humble /usr/bin/cmake --build /home/danivm/TR-Autonomy-0.5-Daniel-Ticau/build/cpp_pubsub -- -j5 -l5
[4.893s] DEBUG:colcon.colcon_core.event_handler.log_command:Invoking command in '/home/danivm/TR-Autonomy-0.5-Daniel-Ticau/build/cpp_pubsub': CMAKE_PREFIX_PATH=/opt/ros/humble /usr/bin/cmake --install /home/danivm/TR-Autonomy-0.5-Daniel-Ticau/build/cpp_pubsub
[4.899s] Level 1:colcon.colcon_core.environment:create_environment_scripts_only(cpp_pubsub)
[4.899s] DEBUG:colcon.colcon_core.event_handler.log_command:Invoked command in '/home/danivm/TR-Autonomy-0.5-Daniel-Ticau/build/cpp_pubsub' returned '0': CMAKE_PREFIX_PATH=/opt/ros/humble /usr/bin/cmake --install /home/danivm/TR-Autonomy-0.5-Daniel-Ticau/build/cpp_pubsub
[4.900s] Level 1:colcon.colcon_core.environment:checking '/home/danivm/TR-Autonomy-0.5-Daniel-Ticau/install/cpp_pubsub' for CMake module files
[4.900s] Level 1:colcon.colcon_core.environment:checking '/home/danivm/TR-Autonomy-0.5-Daniel-Ticau/install/cpp_pubsub' for CMake config files
[4.900s] Level 1:colcon.colcon_core.shell:create_environment_hook('cpp_pubsub', 'cmake_prefix_path')
[4.901s] INFO:colcon.colcon_core.shell:Creating environment hook '/home/danivm/TR-Autonomy-0.5-Daniel-Ticau/install/cpp_pubsub/share/cpp_pubsub/hook/cmake_prefix_path.ps1'
[4.901s] INFO:colcon.colcon_core.shell:Creating environment descriptor '/home/danivm/TR-Autonomy-0.5-Daniel-Ticau/install/cpp_pubsub/share/cpp_pubsub/hook/cmake_prefix_path.dsv'
[4.901s] INFO:colcon.colcon_core.shell:Creating environment hook '/home/danivm/TR-Autonomy-0.5-Daniel-Ticau/install/cpp_pubsub/share/cpp_pubsub/hook/cmake_prefix_path.sh'
[4.901s] Level 1:colcon.colcon_core.environment:checking '/home/danivm/TR-Autonomy-0.5-Daniel-Ticau/install/cpp_pubsub/lib'
[4.901s] Level 1:colcon.colcon_core.environment:checking '/home/danivm/TR-Autonomy-0.5-Daniel-Ticau/install/cpp_pubsub/bin'
[4.902s] Level 1:colcon.colcon_core.environment:checking '/home/danivm/TR-Autonomy-0.5-Daniel-Ticau/install/cpp_pubsub/lib/pkgconfig/cpp_pubsub.pc'
[4.902s] Level 1:colcon.colcon_core.environment:checking '/home/danivm/TR-Autonomy-0.5-Daniel-Ticau/install/cpp_pubsub/lib/python3.10/site-packages'
[4.902s] Level 1:colcon.colcon_core.environment:checking '/home/danivm/TR-Autonomy-0.5-Daniel-Ticau/install/cpp_pubsub/bin'
[4.902s] INFO:colcon.colcon_core.shell:Creating package script '/home/danivm/TR-Autonomy-0.5-Daniel-Ticau/install/cpp_pubsub/share/cpp_pubsub/package.ps1'
[4.902s] INFO:colcon.colcon_core.shell:Creating package descriptor '/home/danivm/TR-Autonomy-0.5-Daniel-Ticau/install/cpp_pubsub/share/cpp_pubsub/package.dsv'
[4.903s] INFO:colcon.colcon_core.shell:Creating package script '/home/danivm/TR-Autonomy-0.5-Daniel-Ticau/install/cpp_pubsub/share/cpp_pubsub/package.sh'
[4.903s] INFO:colcon.colcon_core.shell:Creating package script '/home/danivm/TR-Autonomy-0.5-Daniel-Ticau/install/cpp_pubsub/share/cpp_pubsub/package.bash'
[4.903s] INFO:colcon.colcon_core.shell:Creating package script '/home/danivm/TR-Autonomy-0.5-Daniel-Ticau/install/cpp_pubsub/share/cpp_pubsub/package.zsh'
[4.904s] Level 1:colcon.colcon_core.environment:create_file_with_runtime_dependencies(/home/danivm/TR-Autonomy-0.5-Daniel-Ticau/install/cpp_pubsub/share/colcon-core/packages/cpp_pubsub)
[4.904s] Level 1:colcon.colcon_core.environment:create_environment_scripts_only(cpp_pubsub)
[4.904s] Level 1:colcon.colcon_core.environment:checking '/home/danivm/TR-Autonomy-0.5-Daniel-Ticau/install/cpp_pubsub' for CMake module files
[4.904s] Level 1:colcon.colcon_core.environment:checking '/home/danivm/TR-Autonomy-0.5-Daniel-Ticau/install/cpp_pubsub' for CMake config files
[4.904s] Level 1:colcon.colcon_core.shell:create_environment_hook('cpp_pubsub', 'cmake_prefix_path')
[4.904s] INFO:colcon.colcon_core.shell:Creating environment hook '/home/danivm/TR-Autonomy-0.5-Daniel-Ticau/install/cpp_pubsub/share/cpp_pubsub/hook/cmake_prefix_path.ps1'
[4.904s] INFO:colcon.colcon_core.shell:Creating environment descriptor '/home/danivm/TR-Autonomy-0.5-Daniel-Ticau/install/cpp_pubsub/share/cpp_pubsub/hook/cmake_prefix_path.dsv'
[4.904s] INFO:colcon.colcon_core.shell:Creating environment hook '/home/danivm/TR-Autonomy-0.5-Daniel-Ticau/install/cpp_pubsub/share/cpp_pubsub/hook/cmake_prefix_path.sh'
[4.905s] Level 1:colcon.colcon_core.environment:checking '/home/danivm/TR-Autonomy-0.5-Daniel-Ticau/install/cpp_pubsub/lib'
[4.905s] Level 1:colcon.colcon_core.environment:checking '/home/danivm/TR-Autonomy-0.5-Daniel-Ticau/install/cpp_pubsub/bin'
[4.905s] Level 1:colcon.colcon_core.environment:checking '/home/danivm/TR-Autonomy-0.5-Daniel-Ticau/install/cpp_pubsub/lib/pkgconfig/cpp_pubsub.pc'
[4.905s] Level 1:colcon.colcon_core.environment:checking '/home/danivm/TR-Autonomy-0.5-Daniel-Ticau/install/cpp_pubsub/lib/python3.10/site-packages'
[4.905s] Level 1:colcon.colcon_core.environment:checking '/home/danivm/TR-Autonomy-0.5-Daniel-Ticau/install/cpp_pubsub/bin'
[4.905s] INFO:colcon.colcon_core.shell:Creating package script '/home/danivm/TR-Autonomy-0.5-Daniel-Ticau/install/cpp_pubsub/share/cpp_pubsub/package.ps1'
[4.906s] INFO:colcon.colcon_core.shell:Creating package descriptor '/home/danivm/TR-Autonomy-0.5-Daniel-Ticau/install/cpp_pubsub/share/cpp_pubsub/package.dsv'
[4.906s] INFO:colcon.colcon_core.shell:Creating package script '/home/danivm/TR-Autonomy-0.5-Daniel-Ticau/install/cpp_pubsub/share/cpp_pubsub/package.sh'
[4.906s] INFO:colcon.colcon_core.shell:Creating package script '/home/danivm/TR-Autonomy-0.5-Daniel-Ticau/install/cpp_pubsub/share/cpp_pubsub/package.bash'
[4.906s] INFO:colcon.colcon_core.shell:Creating package script '/home/danivm/TR-Autonomy-0.5-Daniel-Ticau/install/cpp_pubsub/share/cpp_pubsub/package.zsh'
[4.907s] Level 1:colcon.colcon_core.environment:create_file_with_runtime_dependencies(/home/danivm/TR-Autonomy-0.5-Daniel-Ticau/install/cpp_pubsub/share/colcon-core/packages/cpp_pubsub)
[4.907s] DEBUG:colcon.colcon_parallel_executor.executor.parallel:closing loop
[4.907s] DEBUG:colcon.colcon_parallel_executor.executor.parallel:loop closed
[4.907s] DEBUG:colcon.colcon_parallel_executor.executor.parallel:run_until_complete finished with '0'
[4.907s] DEBUG:colcon.colcon_core.event_reactor:joining thread
[4.908s] DEBUG:colcon.colcon_core.event_reactor:joined thread
[4.908s] INFO:colcon.colcon_core.shell:Creating prefix script '/home/danivm/TR-Autonomy-0.5-Daniel-Ticau/install/local_setup.ps1'
[4.908s] INFO:colcon.colcon_core.shell:Creating prefix util module '/home/danivm/TR-Autonomy-0.5-Daniel-Ticau/install/_local_setup_util_ps1.py'
[4.909s] INFO:colcon.colcon_core.shell:Creating prefix chain script '/home/danivm/TR-Autonomy-0.5-Daniel-Ticau/install/setup.ps1'
[4.909s] INFO:colcon.colcon_core.shell:Creating prefix script '/home/danivm/TR-Autonomy-0.5-Daniel-Ticau/install/local_setup.sh'
[4.909s] INFO:colcon.colcon_core.shell:Creating prefix util module '/home/danivm/TR-Autonomy-0.5-Daniel-Ticau/install/_local_setup_util_sh.py'
[4.910s] INFO:colcon.colcon_core.shell:Creating prefix chain script '/home/danivm/TR-Autonomy-0.5-Daniel-Ticau/install/setup.sh'
[4.910s] INFO:colcon.colcon_core.shell:Creating prefix script '/home/danivm/TR-Autonomy-0.5-Daniel-Ticau/install/local_setup.bash'
[4.910s] INFO:colcon.colcon_core.shell:Creating prefix chain script '/home/danivm/TR-Autonomy-0.5-Daniel-Ticau/install/setup.bash'
[4.911s] INFO:colcon.colcon_core.shell:Creating prefix script '/home/danivm/TR-Autonomy-0.5-Daniel-Ticau/install/local_setup.zsh'
[4.911s] INFO:colcon.colcon_core.shell:Creating prefix chain script '/home/danivm/TR-Autonomy-0.5-Daniel-Ticau/install/setup.zsh'
