[0.003s] Invoking command in '/home/danivm/TR-Autonomy-0.5-Daniel-Ticau/build/turtlesim': CMAKE_PREFIX_PATH=${CMAKE_PREFIX_PATH}:/opt/ros/humble /usr/bin/cmake /home/danivm/TR-Autonomy-0.5-Daniel-Ticau/ros_tutorials/turtlesim -DAMENT_CMAKE_SYMLINK_INSTALL=1 -DCMAKE_INSTALL_PREFIX=/home/danivm/TR-Autonomy-0.5-Daniel-Ticau/install/turtlesim
[0.042s] -- The C compiler identification is GNU 11.4.0
[0.067s] -- The CXX compiler identification is GNU 11.4.0
[0.070s] -- Detecting C compiler ABI info
[0.095s] -- Detecting C compiler ABI info - done
[0.098s] -- Check for working C compiler: /usr/bin/cc - skipped
[0.098s] -- Detecting C compile features
[0.098s] -- Detecting C compile features - done
[0.100s] -- Detecting CXX compiler ABI info
[0.128s] -- Detecting CXX compiler ABI info - done
[0.134s] -- Check for working CXX compiler: /usr/bin/c++ - skipped
[0.134s] -- Detecting CXX compile features
[0.135s] -- Detecting CXX compile features - done
[0.136s] -- Found ament_cmake: 1.3.14 (/opt/ros/humble/share/ament_cmake/cmake)
[0.188s] -- Found Python3: /usr/bin/python3 (found version "3.10.12") found components: Interpreter 
[0.211s] -- Override CMake install command with custom implementation using symlinks instead of copying resources
[0.222s] -- Found ament_index_cpp: 1.4.1 (/opt/ros/humble/share/ament_index_cpp/cmake)
[0.223s] -- Found geometry_msgs: 4.9.2 (/opt/ros/humble/share/geometry_msgs/cmake)
[0.236s] -- Found rosidl_generator_c: 3.1.9 (/opt/ros/humble/share/rosidl_generator_c/cmake)
[0.238s] -- Found rosidl_adapter: 3.1.9 (/opt/ros/humble/share/rosidl_adapter/cmake)
[0.240s] -- Found rosidl_generator_cpp: 3.1.9 (/opt/ros/humble/share/rosidl_generator_cpp/cmake)
[0.244s] -- Using all available rosidl_typesupport_c: rosidl_typesupport_fastrtps_c;rosidl_typesupport_introspection_c
[0.250s] -- Using all available rosidl_typesupport_cpp: rosidl_typesupport_fastrtps_cpp;rosidl_typesupport_introspection_cpp
[0.267s] -- Found rclcpp: 16.0.19 (/opt/ros/humble/share/rclcpp/cmake)
[0.279s] -- Found rmw_implementation_cmake: 6.1.3 (/opt/ros/humble/share/rmw_implementation_cmake/cmake)
[0.279s] -- Found rmw_fastrtps_cpp: 6.2.10 (/opt/ros/humble/share/rmw_fastrtps_cpp/cmake)
[0.309s] -- Found OpenSSL: /usr/lib/aarch64-linux-gnu/libcrypto.so (found version "3.0.2")  
[0.319s] -- Found FastRTPS: /opt/ros/humble/include  
[0.338s] -- Using RMW implementation 'rmw_fastrtps_cpp' as default
[0.341s] -- Looking for pthread.h
[0.368s] -- Looking for pthread.h - found
[0.368s] -- Performing Test CMAKE_HAVE_LIBC_PTHREAD
[0.393s] -- Performing Test CMAKE_HAVE_LIBC_PTHREAD - Success
[0.393s] -- Found Threads: TRUE  
[0.409s] -- Found rclcpp_action: 16.0.19 (/opt/ros/humble/share/rclcpp_action/cmake)
[0.421s] -- Found rosidl_default_generators: 1.2.1 (/opt/ros/humble/share/rosidl_default_generators/cmake)
[0.426s] -- Found std_srvs: 4.9.2 (/opt/ros/humble/share/std_srvs/cmake)
[0.539s] -- Found ament_cmake_ros: 0.10.0 (/opt/ros/humble/share/ament_cmake_ros/cmake)
[0.652s] -- Using all available rosidl_typesupport_c: rosidl_typesupport_fastrtps_c;rosidl_typesupport_introspection_c
[0.696s] -- Using all available rosidl_typesupport_cpp: rosidl_typesupport_fastrtps_cpp;rosidl_typesupport_introspection_cpp
[0.704s] -- Found PythonInterp: /usr/bin/python3 (found suitable version "3.10.12", minimum required is "3.6") 
[0.705s] -- Found python_cmake_module: 0.10.0 (/opt/ros/humble/share/python_cmake_module/cmake)
[0.716s] -- Found PythonLibs: /usr/lib/aarch64-linux-gnu/libpython3.10.so (found suitable version "3.10.12", minimum required is "3.5") 
[0.716s] -- Using PYTHON_EXECUTABLE: /usr/bin/python3
[0.716s] -- Using PYTHON_INCLUDE_DIRS: /usr/include/python3.10
[0.716s] -- Using PYTHON_LIBRARIES: /usr/lib/aarch64-linux-gnu/libpython3.10.so
[0.723s] -- Found PythonExtra: .so  
[0.773s] -- Configuring done
[0.797s] -- Generating done
[0.805s] -- Build files have been written to: /home/danivm/TR-Autonomy-0.5-Daniel-Ticau/build/turtlesim
[0.811s] Invoked command in '/home/danivm/TR-Autonomy-0.5-Daniel-Ticau/build/turtlesim' returned '0': CMAKE_PREFIX_PATH=${CMAKE_PREFIX_PATH}:/opt/ros/humble /usr/bin/cmake /home/danivm/TR-Autonomy-0.5-Daniel-Ticau/ros_tutorials/turtlesim -DAMENT_CMAKE_SYMLINK_INSTALL=1 -DCMAKE_INSTALL_PREFIX=/home/danivm/TR-Autonomy-0.5-Daniel-Ticau/install/turtlesim
[0.811s] Invoking command in '/home/danivm/TR-Autonomy-0.5-Daniel-Ticau/build/turtlesim': CMAKE_PREFIX_PATH=${CMAKE_PREFIX_PATH}:/opt/ros/humble /usr/bin/cmake --build /home/danivm/TR-Autonomy-0.5-Daniel-Ticau/build/turtlesim -- -j5 -l5
[0.826s] [  1%] [34m[1mGenerating C code for ROS interfaces[0m
[0.829s] [  2%] [34m[1mGenerating Rust code for ROS interfaces[0m
[0.829s] [  3%] [34m[1mGenerating C++ code for ROS interfaces[0m
[0.833s] [  3%] Built target ament_cmake_python_symlink_turtlesim
[0.946s] running egg_info
[0.946s] creating turtlesim.egg-info
[0.946s] writing turtlesim.egg-info/PKG-INFO
[0.946s] writing dependency_links to turtlesim.egg-info/dependency_links.txt
[0.946s] writing top-level names to turtlesim.egg-info/top_level.txt
[0.947s] writing manifest file 'turtlesim.egg-info/SOURCES.txt'
[0.947s] reading manifest file 'turtlesim.egg-info/SOURCES.txt'
[0.947s] writing manifest file 'turtlesim.egg-info/SOURCES.txt'
[0.961s] [  3%] Built target ament_cmake_python_build_turtlesim_egg
[1.003s] [  3%] Built target turtlesim__rs
[1.197s] [  3%] Built target turtlesim__cpp
[1.200s] [  4%] [34m[1mGenerating C++ type support for eProsima Fast-RTPS[0m
[1.207s] [  5%] [34m[1mGenerating C++ introspection for ROS interfaces[0m
[1.209s] [  6%] [34m[1mGenerating C++ type support dispatch for ROS interfaces[0m
[1.212s] [  7%] [32mBuilding C object CMakeFiles/turtlesim__rosidl_generator_c.dir/rosidl_generator_c/turtlesim/action/detail/rotate_absolute__functions.c.o[0m
[1.217s] [  8%] [32mBuilding C object CMakeFiles/turtlesim__rosidl_generator_c.dir/rosidl_generator_c/turtlesim/msg/detail/color__functions.c.o[0m
[1.251s] [  9%] [32mBuilding C object CMakeFiles/turtlesim__rosidl_generator_c.dir/rosidl_generator_c/turtlesim/msg/detail/pose__functions.c.o[0m
[1.270s] [ 10%] [32mBuilding C object CMakeFiles/turtlesim__rosidl_generator_c.dir/rosidl_generator_c/turtlesim/srv/detail/kill__functions.c.o[0m
[1.271s] [ 11%] [32mBuilding C object CMakeFiles/turtlesim__rosidl_generator_c.dir/rosidl_generator_c/turtlesim/srv/detail/set_pen__functions.c.o[0m
[1.296s] [ 12%] [32mBuilding C object CMakeFiles/turtlesim__rosidl_generator_c.dir/rosidl_generator_c/turtlesim/srv/detail/spawn__functions.c.o[0m
[1.303s] [ 13%] [32mBuilding C object CMakeFiles/turtlesim__rosidl_generator_c.dir/rosidl_generator_c/turtlesim/srv/detail/teleport_absolute__functions.c.o[0m
[1.321s] [ 14%] [32mBuilding C object CMakeFiles/turtlesim__rosidl_generator_c.dir/rosidl_generator_c/turtlesim/srv/detail/teleport_relative__functions.c.o[0m
[1.352s] [ 15%] [32m[1mLinking C shared library libturtlesim__rosidl_generator_c.so[0m
[1.368s] [ 15%] Built target turtlesim__rosidl_generator_c
[1.371s] [ 16%] [34m[1mGenerating C type support for eProsima Fast-RTPS[0m
[1.372s] [ 17%] [34m[1mGenerating C introspection for ROS interfaces[0m
[1.425s] [ 18%] [32mBuilding CXX object CMakeFiles/turtlesim__rosidl_typesupport_cpp.dir/rosidl_typesupport_cpp/turtlesim/action/rotate_absolute__type_support.cpp.o[0m
[1.501s] [ 19%] [32mBuilding CXX object CMakeFiles/turtlesim__rosidl_typesupport_introspection_cpp.dir/rosidl_typesupport_introspection_cpp/turtlesim/action/detail/rotate_absolute__type_support.cpp.o[0m
[1.536s] [ 20%] [32mBuilding CXX object CMakeFiles/turtlesim__rosidl_typesupport_fastrtps_cpp.dir/rosidl_typesupport_fastrtps_cpp/turtlesim/action/detail/dds_fastrtps/rotate_absolute__type_support.cpp.o[0m
[1.617s] [ 21%] [32mBuilding CXX object CMakeFiles/turtlesim__rosidl_typesupport_cpp.dir/rosidl_typesupport_cpp/turtlesim/msg/color__type_support.cpp.o[0m
[1.693s] [ 22%] [32mBuilding C object CMakeFiles/turtlesim__rosidl_typesupport_introspection_c.dir/rosidl_typesupport_introspection_c/turtlesim/action/detail/rotate_absolute__type_support.c.o[0m
[1.701s] [ 23%] [32mBuilding CXX object CMakeFiles/turtlesim__rosidl_typesupport_fastrtps_c.dir/rosidl_typesupport_fastrtps_c/turtlesim/action/detail/rotate_absolute__type_support_c.cpp.o[0m
[1.718s] [ 24%] [32mBuilding C object CMakeFiles/turtlesim__rosidl_typesupport_introspection_c.dir/rosidl_typesupport_introspection_c/turtlesim/msg/detail/color__type_support.c.o[0m
[1.723s] [ 25%] [32mBuilding CXX object CMakeFiles/turtlesim__rosidl_typesupport_introspection_cpp.dir/rosidl_typesupport_introspection_cpp/turtlesim/msg/detail/color__type_support.cpp.o[0m
[1.735s] [ 26%] [32mBuilding C object CMakeFiles/turtlesim__rosidl_typesupport_introspection_c.dir/rosidl_typesupport_introspection_c/turtlesim/msg/detail/pose__type_support.c.o[0m
[1.738s] [ 27%] [32mBuilding CXX object CMakeFiles/turtlesim__rosidl_typesupport_cpp.dir/rosidl_typesupport_cpp/turtlesim/msg/pose__type_support.cpp.o[0m
[1.749s] [ 28%] [32mBuilding C object CMakeFiles/turtlesim__rosidl_typesupport_introspection_c.dir/rosidl_typesupport_introspection_c/turtlesim/srv/detail/kill__type_support.c.o[0m
[1.768s] [ 29%] [32mBuilding CXX object CMakeFiles/turtlesim__rosidl_typesupport_fastrtps_cpp.dir/rosidl_typesupport_fastrtps_cpp/turtlesim/msg/detail/dds_fastrtps/color__type_support.cpp.o[0m
[1.769s] [ 30%] [32mBuilding C object CMakeFiles/turtlesim__rosidl_typesupport_introspection_c.dir/rosidl_typesupport_introspection_c/turtlesim/srv/detail/set_pen__type_support.c.o[0m
[1.784s] [ 31%] [32mBuilding C object CMakeFiles/turtlesim__rosidl_typesupport_introspection_c.dir/rosidl_typesupport_introspection_c/turtlesim/srv/detail/spawn__type_support.c.o[0m
[1.799s] [ 32%] [32mBuilding C object CMakeFiles/turtlesim__rosidl_typesupport_introspection_c.dir/rosidl_typesupport_introspection_c/turtlesim/srv/detail/teleport_absolute__type_support.c.o[0m
[1.816s] [ 33%] [32mBuilding C object CMakeFiles/turtlesim__rosidl_typesupport_introspection_c.dir/rosidl_typesupport_introspection_c/turtlesim/srv/detail/teleport_relative__type_support.c.o[0m
[1.832s] [ 34%] [32m[1mLinking C shared library libturtlesim__rosidl_typesupport_introspection_c.so[0m
[1.840s] [ 35%] [32mBuilding CXX object CMakeFiles/turtlesim__rosidl_typesupport_cpp.dir/rosidl_typesupport_cpp/turtlesim/srv/kill__type_support.cpp.o[0m
[1.850s] [ 35%] Built target turtlesim__rosidl_typesupport_introspection_c
[1.854s] [ 36%] [34m[1mGenerating C type support dispatch for ROS interfaces[0m
[1.855s] [ 37%] [32mBuilding CXX object CMakeFiles/turtlesim__rosidl_typesupport_fastrtps_c.dir/rosidl_typesupport_fastrtps_c/turtlesim/msg/detail/color__type_support_c.cpp.o[0m
[1.867s] [ 38%] [32mBuilding CXX object CMakeFiles/turtlesim__rosidl_typesupport_introspection_cpp.dir/rosidl_typesupport_introspection_cpp/turtlesim/msg/detail/pose__type_support.cpp.o[0m
[1.902s] [ 39%] [32mBuilding CXX object CMakeFiles/turtlesim__rosidl_typesupport_fastrtps_cpp.dir/rosidl_typesupport_fastrtps_cpp/turtlesim/msg/detail/dds_fastrtps/pose__type_support.cpp.o[0m
[1.931s] [ 40%] [32mBuilding CXX object CMakeFiles/turtlesim__rosidl_typesupport_cpp.dir/rosidl_typesupport_cpp/turtlesim/srv/set_pen__type_support.cpp.o[0m
[1.972s] [ 41%] [32mBuilding CXX object CMakeFiles/turtlesim__rosidl_typesupport_fastrtps_c.dir/rosidl_typesupport_fastrtps_c/turtlesim/msg/detail/pose__type_support_c.cpp.o[0m
[2.006s] [ 42%] [32mBuilding CXX object CMakeFiles/turtlesim__rosidl_typesupport_introspection_cpp.dir/rosidl_typesupport_introspection_cpp/turtlesim/srv/detail/kill__type_support.cpp.o[0m
[2.027s] [ 43%] [32mBuilding CXX object CMakeFiles/turtlesim__rosidl_typesupport_cpp.dir/rosidl_typesupport_cpp/turtlesim/srv/spawn__type_support.cpp.o[0m
[2.043s] [ 44%] [32mBuilding CXX object CMakeFiles/turtlesim__rosidl_typesupport_fastrtps_cpp.dir/rosidl_typesupport_fastrtps_cpp/turtlesim/srv/detail/dds_fastrtps/kill__type_support.cpp.o[0m
[2.065s] [ 45%] [32mBuilding CXX object CMakeFiles/turtlesim__rosidl_typesupport_c.dir/rosidl_typesupport_c/turtlesim/action/rotate_absolute__type_support.cpp.o[0m
[2.084s] [ 46%] [32mBuilding CXX object CMakeFiles/turtlesim__rosidl_typesupport_c.dir/rosidl_typesupport_c/turtlesim/msg/color__type_support.cpp.o[0m
[2.088s] [ 47%] [32mBuilding CXX object CMakeFiles/turtlesim__rosidl_typesupport_fastrtps_c.dir/rosidl_typesupport_fastrtps_c/turtlesim/srv/detail/kill__type_support_c.cpp.o[0m
[2.095s] [ 48%] [32mBuilding CXX object CMakeFiles/turtlesim__rosidl_typesupport_c.dir/rosidl_typesupport_c/turtlesim/msg/pose__type_support.cpp.o[0m
[2.107s] [ 49%] [32mBuilding CXX object CMakeFiles/turtlesim__rosidl_typesupport_c.dir/rosidl_typesupport_c/turtlesim/srv/kill__type_support.cpp.o[0m
[2.124s] [ 50%] [32mBuilding CXX object CMakeFiles/turtlesim__rosidl_typesupport_c.dir/rosidl_typesupport_c/turtlesim/srv/set_pen__type_support.cpp.o[0m
[2.125s] [ 51%] [32mBuilding CXX object CMakeFiles/turtlesim__rosidl_typesupport_cpp.dir/rosidl_typesupport_cpp/turtlesim/srv/teleport_absolute__type_support.cpp.o[0m
[2.137s] [ 52%] [32mBuilding CXX object CMakeFiles/turtlesim__rosidl_typesupport_c.dir/rosidl_typesupport_c/turtlesim/srv/spawn__type_support.cpp.o[0m
[2.149s] [ 53%] [32mBuilding CXX object CMakeFiles/turtlesim__rosidl_typesupport_introspection_cpp.dir/rosidl_typesupport_introspection_cpp/turtlesim/srv/detail/set_pen__type_support.cpp.o[0m
[2.152s] [ 54%] [32mBuilding CXX object CMakeFiles/turtlesim__rosidl_typesupport_c.dir/rosidl_typesupport_c/turtlesim/srv/teleport_absolute__type_support.cpp.o[0m
[2.166s] [ 55%] [32mBuilding CXX object CMakeFiles/turtlesim__rosidl_typesupport_c.dir/rosidl_typesupport_c/turtlesim/srv/teleport_relative__type_support.cpp.o[0m
[2.179s] [ 56%] [32m[1mLinking CXX shared library libturtlesim__rosidl_typesupport_c.so[0m
[2.190s] [ 57%] [32mBuilding CXX object CMakeFiles/turtlesim__rosidl_typesupport_fastrtps_cpp.dir/rosidl_typesupport_fastrtps_cpp/turtlesim/srv/detail/dds_fastrtps/set_pen__type_support.cpp.o[0m
[2.195s] [ 57%] Built target turtlesim__rosidl_typesupport_c
[2.198s] [ 58%] [32mBuilding CXX object CMakeFiles/turtlesim__rosidl_typesupport_fastrtps_cpp.dir/rosidl_typesupport_fastrtps_cpp/turtlesim/srv/detail/dds_fastrtps/spawn__type_support.cpp.o[0m
[2.217s] [ 59%] [32mBuilding CXX object CMakeFiles/turtlesim__rosidl_typesupport_fastrtps_c.dir/rosidl_typesupport_fastrtps_c/turtlesim/srv/detail/set_pen__type_support_c.cpp.o[0m
[2.223s] [ 60%] [32mBuilding CXX object CMakeFiles/turtlesim__rosidl_typesupport_cpp.dir/rosidl_typesupport_cpp/turtlesim/srv/teleport_relative__type_support.cpp.o[0m
[2.281s] [ 61%] [32mBuilding CXX object CMakeFiles/turtlesim__rosidl_typesupport_introspection_cpp.dir/rosidl_typesupport_introspection_cpp/turtlesim/srv/detail/spawn__type_support.cpp.o[0m
[2.322s] [ 62%] [32m[1mLinking CXX shared library libturtlesim__rosidl_typesupport_cpp.so[0m
[2.334s] [ 63%] [32mBuilding CXX object CMakeFiles/turtlesim__rosidl_typesupport_fastrtps_cpp.dir/rosidl_typesupport_fastrtps_cpp/turtlesim/srv/detail/dds_fastrtps/teleport_absolute__type_support.cpp.o[0m
[2.336s] [ 64%] [32mBuilding CXX object CMakeFiles/turtlesim__rosidl_typesupport_fastrtps_cpp.dir/rosidl_typesupport_fastrtps_cpp/turtlesim/srv/detail/dds_fastrtps/teleport_relative__type_support.cpp.o[0m
[2.338s] [ 64%] Built target turtlesim__rosidl_typesupport_cpp
[2.341s] [ 65%] [34m[1mGenerating include/turtlesim/moc_turtle_frame.cpp[0m
[2.352s] [ 66%] [32mBuilding CXX object CMakeFiles/turtlesim__rosidl_typesupport_fastrtps_c.dir/rosidl_typesupport_fastrtps_c/turtlesim/srv/detail/spawn__type_support_c.cpp.o[0m
[2.381s] [ 67%] [32mBuilding CXX object CMakeFiles/turtlesim_node.dir/src/turtlesim.cpp.o[0m
[2.417s] [ 68%] [32mBuilding CXX object CMakeFiles/turtlesim__rosidl_typesupport_introspection_cpp.dir/rosidl_typesupport_introspection_cpp/turtlesim/srv/detail/teleport_absolute__type_support.cpp.o[0m
[2.477s] [ 69%] [32mBuilding CXX object CMakeFiles/turtlesim__rosidl_typesupport_introspection_cpp.dir/rosidl_typesupport_introspection_cpp/turtlesim/srv/detail/teleport_relative__type_support.cpp.o[0m
[2.480s] [ 70%] [32m[1mLinking CXX shared library libturtlesim__rosidl_typesupport_fastrtps_cpp.so[0m
[2.482s] [ 71%] [32mBuilding CXX object CMakeFiles/turtlesim__rosidl_typesupport_fastrtps_c.dir/rosidl_typesupport_fastrtps_c/turtlesim/srv/detail/teleport_absolute__type_support_c.cpp.o[0m
[2.514s] [ 71%] Built target turtlesim__rosidl_typesupport_fastrtps_cpp
[2.521s] [ 72%] [32mBuilding CXX object CMakeFiles/turtle_teleop_key.dir/tutorials/teleop_turtle_key.cpp.o[0m
[2.558s] [ 73%] [32mBuilding CXX object CMakeFiles/draw_square.dir/tutorials/draw_square.cpp.o[0m
[2.605s] [ 74%] [32mBuilding CXX object CMakeFiles/turtlesim__rosidl_typesupport_fastrtps_c.dir/rosidl_typesupport_fastrtps_c/turtlesim/srv/detail/teleport_relative__type_support_c.cpp.o[0m
[2.626s] [ 75%] [32m[1mLinking CXX shared library libturtlesim__rosidl_typesupport_introspection_cpp.so[0m
[2.662s] [ 75%] Built target turtlesim__rosidl_typesupport_introspection_cpp
[2.669s] [ 76%] [32mBuilding CXX object CMakeFiles/mimic.dir/tutorials/mimic.cpp.o[0m
[2.732s] [ 77%] [32m[1mLinking CXX shared library libturtlesim__rosidl_typesupport_fastrtps_c.so[0m
[2.765s] [ 77%] Built target turtlesim__rosidl_typesupport_fastrtps_c
[2.774s] [ 77%] Built target turtlesim
[2.781s] [ 78%] [34m[1mGenerating Python code for ROS interfaces[0m
[3.524s] [ 78%] Built target turtlesim__py
[3.537s] [ 79%] [32mBuilding C object CMakeFiles/turtlesim__rosidl_generator_py.dir/rosidl_generator_py/turtlesim/action/_rotate_absolute_s.c.o[0m
[3.629s] [ 80%] [32mBuilding C object CMakeFiles/turtlesim__rosidl_generator_py.dir/rosidl_generator_py/turtlesim/msg/_color_s.c.o[0m
[3.694s] [ 81%] [32mBuilding C object CMakeFiles/turtlesim__rosidl_generator_py.dir/rosidl_generator_py/turtlesim/msg/_pose_s.c.o[0m
[3.759s] [ 82%] [32mBuilding C object CMakeFiles/turtlesim__rosidl_generator_py.dir/rosidl_generator_py/turtlesim/srv/_kill_s.c.o[0m
[3.902s] [ 83%] [32mBuilding C object CMakeFiles/turtlesim__rosidl_generator_py.dir/rosidl_generator_py/turtlesim/srv/_set_pen_s.c.o[0m
[3.984s] [ 84%] [32mBuilding C object CMakeFiles/turtlesim__rosidl_generator_py.dir/rosidl_generator_py/turtlesim/srv/_spawn_s.c.o[0m
[4.038s] [ 85%] [32mBuilding C object CMakeFiles/turtlesim__rosidl_generator_py.dir/rosidl_generator_py/turtlesim/srv/_teleport_absolute_s.c.o[0m
[4.095s] [ 86%] [32mBuilding C object CMakeFiles/turtlesim__rosidl_generator_py.dir/rosidl_generator_py/turtlesim/srv/_teleport_relative_s.c.o[0m
[4.197s] [ 87%] [32m[1mLinking C shared library rosidl_generator_py/turtlesim/libturtlesim__rosidl_generator_py.so[0m
[4.242s] [ 87%] Built target turtlesim__rosidl_generator_py
[4.256s] [ 88%] [32mBuilding C object CMakeFiles/turtlesim__rosidl_typesupport_fastrtps_c__pyext.dir/rosidl_generator_py/turtlesim/_turtlesim_s.ep.rosidl_typesupport_fastrtps_c.c.o[0m
[4.365s] [ 89%] [32m[1mLinking C shared library rosidl_generator_py/turtlesim/turtlesim_s__rosidl_typesupport_fastrtps_c.cpython-310-aarch64-linux-gnu.so[0m
[4.369s] [ 90%] [32mBuilding CXX object CMakeFiles/turtlesim_node.dir/src/turtle.cpp.o[0m
[4.401s] [ 90%] Built target turtlesim__rosidl_typesupport_fastrtps_c__pyext
[4.415s] [ 91%] [32mBuilding C object CMakeFiles/turtlesim__rosidl_typesupport_introspection_c__pyext.dir/rosidl_generator_py/turtlesim/_turtlesim_s.ep.rosidl_typesupport_introspection_c.c.o[0m
[4.490s] [ 92%] [32m[1mLinking C shared library rosidl_generator_py/turtlesim/turtlesim_s__rosidl_typesupport_introspection_c.cpython-310-aarch64-linux-gnu.so[0m
[4.518s] [ 92%] Built target turtlesim__rosidl_typesupport_introspection_c__pyext
[4.530s] [ 93%] [32mBuilding C object CMakeFiles/turtlesim__rosidl_typesupport_c__pyext.dir/rosidl_generator_py/turtlesim/_turtlesim_s.ep.rosidl_typesupport_c.c.o[0m
[4.601s] [ 94%] [32m[1mLinking C shared library rosidl_generator_py/turtlesim/turtlesim_s__rosidl_typesupport_c.cpython-310-aarch64-linux-gnu.so[0m
[4.624s] [ 94%] Built target turtlesim__rosidl_typesupport_c__pyext
[4.635s] [ 95%] [32mBuilding CXX object CMakeFiles/turtlesim_node.dir/src/turtle_frame.cpp.o[0m
[5.123s] [ 96%] [32m[1mLinking CXX executable turtle_teleop_key[0m
[5.306s] [ 96%] Built target turtle_teleop_key
[5.311s] [ 97%] [32mBuilding CXX object CMakeFiles/turtlesim_node.dir/include/turtlesim/moc_turtle_frame.cpp.o[0m
[6.462s] [ 98%] [32m[1mLinking CXX executable mimic[0m
[6.591s] [ 99%] [32m[1mLinking CXX executable draw_square[0m
[6.725s] [ 99%] Built target mimic
[6.839s] [ 99%] Built target draw_square
[9.307s] [100%] [32m[1mLinking CXX executable turtlesim_node[0m
[10.053s] [100%] Built target turtlesim_node
[10.058s] Invoked command in '/home/danivm/TR-Autonomy-0.5-Daniel-Ticau/build/turtlesim' returned '0': CMAKE_PREFIX_PATH=${CMAKE_PREFIX_PATH}:/opt/ros/humble /usr/bin/cmake --build /home/danivm/TR-Autonomy-0.5-Daniel-Ticau/build/turtlesim -- -j5 -l5
[10.064s] Invoking command in '/home/danivm/TR-Autonomy-0.5-Daniel-Ticau/build/turtlesim': CMAKE_PREFIX_PATH=${CMAKE_PREFIX_PATH}:/opt/ros/humble /usr/bin/cmake --install /home/danivm/TR-Autonomy-0.5-Daniel-Ticau/build/turtlesim
[10.067s] -- Install configuration: ""
[10.068s] -- Execute custom install script
[10.073s] -- Symlinking: /home/danivm/TR-Autonomy-0.5-Daniel-Ticau/install/turtlesim/share/ament_index/resource_index/rosidl_interfaces/turtlesim
[10.077s] -- Symlinking: /home/danivm/TR-Autonomy-0.5-Daniel-Ticau/install/turtlesim/include/turtlesim/turtlesim/action/detail/rotate_absolute__functions.h
[10.079s] -- Symlinking: /home/danivm/TR-Autonomy-0.5-Daniel-Ticau/install/turtlesim/include/turtlesim/turtlesim/action/detail/rotate_absolute__struct.h
[10.081s] -- Symlinking: /home/danivm/TR-Autonomy-0.5-Daniel-Ticau/install/turtlesim/include/turtlesim/turtlesim/action/detail/rotate_absolute__type_support.h
[10.083s] -- Symlinking: /home/danivm/TR-Autonomy-0.5-Daniel-Ticau/install/turtlesim/include/turtlesim/turtlesim/action/rotate_absolute.h
[10.086s] -- Symlinking: /home/danivm/TR-Autonomy-0.5-Daniel-Ticau/install/turtlesim/include/turtlesim/turtlesim/msg/color.h
[10.088s] -- Symlinking: /home/danivm/TR-Autonomy-0.5-Daniel-Ticau/install/turtlesim/include/turtlesim/turtlesim/msg/detail/color__functions.h
[10.090s] -- Symlinking: /home/danivm/TR-Autonomy-0.5-Daniel-Ticau/install/turtlesim/include/turtlesim/turtlesim/msg/detail/color__struct.h
[10.093s] -- Symlinking: /home/danivm/TR-Autonomy-0.5-Daniel-Ticau/install/turtlesim/include/turtlesim/turtlesim/msg/detail/color__type_support.h
[10.095s] -- Symlinking: /home/danivm/TR-Autonomy-0.5-Daniel-Ticau/install/turtlesim/include/turtlesim/turtlesim/msg/detail/pose__functions.h
[10.097s] -- Symlinking: /home/danivm/TR-Autonomy-0.5-Daniel-Ticau/install/turtlesim/include/turtlesim/turtlesim/msg/detail/pose__struct.h
[10.099s] -- Symlinking: /home/danivm/TR-Autonomy-0.5-Daniel-Ticau/install/turtlesim/include/turtlesim/turtlesim/msg/detail/pose__type_support.h
[10.102s] -- Symlinking: /home/danivm/TR-Autonomy-0.5-Daniel-Ticau/install/turtlesim/include/turtlesim/turtlesim/msg/pose.h
[10.104s] -- Symlinking: /home/danivm/TR-Autonomy-0.5-Daniel-Ticau/install/turtlesim/include/turtlesim/turtlesim/msg/rosidl_generator_c__visibility_control.h
[10.106s] -- Symlinking: /home/danivm/TR-Autonomy-0.5-Daniel-Ticau/install/turtlesim/include/turtlesim/turtlesim/srv/detail/kill__functions.h
[10.108s] -- Symlinking: /home/danivm/TR-Autonomy-0.5-Daniel-Ticau/install/turtlesim/include/turtlesim/turtlesim/srv/detail/kill__struct.h
[10.111s] -- Symlinking: /home/danivm/TR-Autonomy-0.5-Daniel-Ticau/install/turtlesim/include/turtlesim/turtlesim/srv/detail/kill__type_support.h
[10.113s] -- Symlinking: /home/danivm/TR-Autonomy-0.5-Daniel-Ticau/install/turtlesim/include/turtlesim/turtlesim/srv/detail/set_pen__functions.h
[10.115s] -- Symlinking: /home/danivm/TR-Autonomy-0.5-Daniel-Ticau/install/turtlesim/include/turtlesim/turtlesim/srv/detail/set_pen__struct.h
[10.117s] -- Symlinking: /home/danivm/TR-Autonomy-0.5-Daniel-Ticau/install/turtlesim/include/turtlesim/turtlesim/srv/detail/set_pen__type_support.h
[10.120s] -- Symlinking: /home/danivm/TR-Autonomy-0.5-Daniel-Ticau/install/turtlesim/include/turtlesim/turtlesim/srv/detail/spawn__functions.h
[10.122s] -- Symlinking: /home/danivm/TR-Autonomy-0.5-Daniel-Ticau/install/turtlesim/include/turtlesim/turtlesim/srv/detail/spawn__struct.h
[10.124s] -- Symlinking: /home/danivm/TR-Autonomy-0.5-Daniel-Ticau/install/turtlesim/include/turtlesim/turtlesim/srv/detail/spawn__type_support.h
[10.126s] -- Symlinking: /home/danivm/TR-Autonomy-0.5-Daniel-Ticau/install/turtlesim/include/turtlesim/turtlesim/srv/detail/teleport_absolute__functions.h
[10.128s] -- Symlinking: /home/danivm/TR-Autonomy-0.5-Daniel-Ticau/install/turtlesim/include/turtlesim/turtlesim/srv/detail/teleport_absolute__struct.h
[10.131s] -- Symlinking: /home/danivm/TR-Autonomy-0.5-Daniel-Ticau/install/turtlesim/include/turtlesim/turtlesim/srv/detail/teleport_absolute__type_support.h
[10.133s] -- Symlinking: /home/danivm/TR-Autonomy-0.5-Daniel-Ticau/install/turtlesim/include/turtlesim/turtlesim/srv/detail/teleport_relative__functions.h
[10.136s] -- Symlinking: /home/danivm/TR-Autonomy-0.5-Daniel-Ticau/install/turtlesim/include/turtlesim/turtlesim/srv/detail/teleport_relative__struct.h
[10.138s] -- Symlinking: /home/danivm/TR-Autonomy-0.5-Daniel-Ticau/install/turtlesim/include/turtlesim/turtlesim/srv/detail/teleport_relative__type_support.h
[10.141s] -- Symlinking: /home/danivm/TR-Autonomy-0.5-Daniel-Ticau/install/turtlesim/include/turtlesim/turtlesim/srv/kill.h
[10.143s] -- Symlinking: /home/danivm/TR-Autonomy-0.5-Daniel-Ticau/install/turtlesim/include/turtlesim/turtlesim/srv/set_pen.h
[10.146s] -- Symlinking: /home/danivm/TR-Autonomy-0.5-Daniel-Ticau/install/turtlesim/include/turtlesim/turtlesim/srv/spawn.h
[10.148s] -- Symlinking: /home/danivm/TR-Autonomy-0.5-Daniel-Ticau/install/turtlesim/include/turtlesim/turtlesim/srv/teleport_absolute.h
[10.151s] -- Symlinking: /home/danivm/TR-Autonomy-0.5-Daniel-Ticau/install/turtlesim/include/turtlesim/turtlesim/srv/teleport_relative.h
[10.154s] -- Symlinking: /home/danivm/TR-Autonomy-0.5-Daniel-Ticau/install/turtlesim/share/turtlesim/environment/library_path.sh
[10.156s] -- Symlinking: /home/danivm/TR-Autonomy-0.5-Daniel-Ticau/install/turtlesim/share/turtlesim/environment/library_path.dsv
[10.160s] -- Symlinking: /home/danivm/TR-Autonomy-0.5-Daniel-Ticau/install/turtlesim/include/turtlesim/turtlesim/action/detail/rotate_absolute__rosidl_typesupport_fastrtps_c.h
[10.165s] -- Symlinking: /home/danivm/TR-Autonomy-0.5-Daniel-Ticau/install/turtlesim/include/turtlesim/turtlesim/msg/detail/color__rosidl_typesupport_fastrtps_c.h
[10.168s] -- Symlinking: /home/danivm/TR-Autonomy-0.5-Daniel-Ticau/install/turtlesim/include/turtlesim/turtlesim/msg/detail/pose__rosidl_typesupport_fastrtps_c.h
[10.170s] -- Symlinking: /home/danivm/TR-Autonomy-0.5-Daniel-Ticau/install/turtlesim/include/turtlesim/turtlesim/msg/rosidl_typesupport_fastrtps_c__visibility_control.h
[10.172s] -- Symlinking: /home/danivm/TR-Autonomy-0.5-Daniel-Ticau/install/turtlesim/include/turtlesim/turtlesim/srv/detail/kill__rosidl_typesupport_fastrtps_c.h
[10.175s] -- Symlinking: /home/danivm/TR-Autonomy-0.5-Daniel-Ticau/install/turtlesim/include/turtlesim/turtlesim/srv/detail/set_pen__rosidl_typesupport_fastrtps_c.h
[10.177s] -- Symlinking: /home/danivm/TR-Autonomy-0.5-Daniel-Ticau/install/turtlesim/include/turtlesim/turtlesim/srv/detail/spawn__rosidl_typesupport_fastrtps_c.h
[10.180s] -- Symlinking: /home/danivm/TR-Autonomy-0.5-Daniel-Ticau/install/turtlesim/include/turtlesim/turtlesim/srv/detail/teleport_absolute__rosidl_typesupport_fastrtps_c.h
[10.182s] -- Symlinking: /home/danivm/TR-Autonomy-0.5-Daniel-Ticau/install/turtlesim/include/turtlesim/turtlesim/srv/detail/teleport_relative__rosidl_typesupport_fastrtps_c.h
[10.185s] -- Symlinking: /home/danivm/TR-Autonomy-0.5-Daniel-Ticau/install/turtlesim/include/turtlesim/turtlesim/action/detail/rotate_absolute__builder.hpp
[10.187s] -- Symlinking: /home/danivm/TR-Autonomy-0.5-Daniel-Ticau/install/turtlesim/include/turtlesim/turtlesim/action/detail/rotate_absolute__struct.hpp
[10.189s] -- Symlinking: /home/danivm/TR-Autonomy-0.5-Daniel-Ticau/install/turtlesim/include/turtlesim/turtlesim/action/detail/rotate_absolute__traits.hpp
[10.191s] -- Symlinking: /home/danivm/TR-Autonomy-0.5-Daniel-Ticau/install/turtlesim/include/turtlesim/turtlesim/action/detail/rotate_absolute__type_support.hpp
[10.194s] -- Symlinking: /home/danivm/TR-Autonomy-0.5-Daniel-Ticau/install/turtlesim/include/turtlesim/turtlesim/action/rotate_absolute.hpp
[10.196s] -- Symlinking: /home/danivm/TR-Autonomy-0.5-Daniel-Ticau/install/turtlesim/include/turtlesim/turtlesim/msg/color.hpp
[10.198s] -- Symlinking: /home/danivm/TR-Autonomy-0.5-Daniel-Ticau/install/turtlesim/include/turtlesim/turtlesim/msg/detail/color__builder.hpp
[10.201s] -- Symlinking: /home/danivm/TR-Autonomy-0.5-Daniel-Ticau/install/turtlesim/include/turtlesim/turtlesim/msg/detail/color__struct.hpp
[10.203s] -- Symlinking: /home/danivm/TR-Autonomy-0.5-Daniel-Ticau/install/turtlesim/include/turtlesim/turtlesim/msg/detail/color__traits.hpp
[10.205s] -- Symlinking: /home/danivm/TR-Autonomy-0.5-Daniel-Ticau/install/turtlesim/include/turtlesim/turtlesim/msg/detail/color__type_support.hpp
[10.207s] -- Symlinking: /home/danivm/TR-Autonomy-0.5-Daniel-Ticau/install/turtlesim/include/turtlesim/turtlesim/msg/detail/pose__builder.hpp
[10.210s] -- Symlinking: /home/danivm/TR-Autonomy-0.5-Daniel-Ticau/install/turtlesim/include/turtlesim/turtlesim/msg/detail/pose__struct.hpp
[10.212s] -- Symlinking: /home/danivm/TR-Autonomy-0.5-Daniel-Ticau/install/turtlesim/include/turtlesim/turtlesim/msg/detail/pose__traits.hpp
[10.214s] -- Symlinking: /home/danivm/TR-Autonomy-0.5-Daniel-Ticau/install/turtlesim/include/turtlesim/turtlesim/msg/detail/pose__type_support.hpp
[10.216s] -- Symlinking: /home/danivm/TR-Autonomy-0.5-Daniel-Ticau/install/turtlesim/include/turtlesim/turtlesim/msg/pose.hpp
[10.219s] -- Symlinking: /home/danivm/TR-Autonomy-0.5-Daniel-Ticau/install/turtlesim/include/turtlesim/turtlesim/msg/rosidl_generator_cpp__visibility_control.hpp
[10.221s] -- Symlinking: /home/danivm/TR-Autonomy-0.5-Daniel-Ticau/install/turtlesim/include/turtlesim/turtlesim/srv/detail/kill__builder.hpp
[10.223s] -- Symlinking: /home/danivm/TR-Autonomy-0.5-Daniel-Ticau/install/turtlesim/include/turtlesim/turtlesim/srv/detail/kill__struct.hpp
[10.225s] -- Symlinking: /home/danivm/TR-Autonomy-0.5-Daniel-Ticau/install/turtlesim/include/turtlesim/turtlesim/srv/detail/kill__traits.hpp
[10.227s] -- Symlinking: /home/danivm/TR-Autonomy-0.5-Daniel-Ticau/install/turtlesim/include/turtlesim/turtlesim/srv/detail/kill__type_support.hpp
[10.230s] -- Symlinking: /home/danivm/TR-Autonomy-0.5-Daniel-Ticau/install/turtlesim/include/turtlesim/turtlesim/srv/detail/set_pen__builder.hpp
[10.232s] -- Symlinking: /home/danivm/TR-Autonomy-0.5-Daniel-Ticau/install/turtlesim/include/turtlesim/turtlesim/srv/detail/set_pen__struct.hpp
[10.234s] -- Symlinking: /home/danivm/TR-Autonomy-0.5-Daniel-Ticau/install/turtlesim/include/turtlesim/turtlesim/srv/detail/set_pen__traits.hpp
[10.236s] -- Symlinking: /home/danivm/TR-Autonomy-0.5-Daniel-Ticau/install/turtlesim/include/turtlesim/turtlesim/srv/detail/set_pen__type_support.hpp
[10.239s] -- Symlinking: /home/danivm/TR-Autonomy-0.5-Daniel-Ticau/install/turtlesim/include/turtlesim/turtlesim/srv/detail/spawn__builder.hpp
[10.241s] -- Symlinking: /home/danivm/TR-Autonomy-0.5-Daniel-Ticau/install/turtlesim/include/turtlesim/turtlesim/srv/detail/spawn__struct.hpp
[10.244s] -- Symlinking: /home/danivm/TR-Autonomy-0.5-Daniel-Ticau/install/turtlesim/include/turtlesim/turtlesim/srv/detail/spawn__traits.hpp
[10.246s] -- Symlinking: /home/danivm/TR-Autonomy-0.5-Daniel-Ticau/install/turtlesim/include/turtlesim/turtlesim/srv/detail/spawn__type_support.hpp
[10.249s] -- Symlinking: /home/danivm/TR-Autonomy-0.5-Daniel-Ticau/install/turtlesim/include/turtlesim/turtlesim/srv/detail/teleport_absolute__builder.hpp
[10.251s] -- Symlinking: /home/danivm/TR-Autonomy-0.5-Daniel-Ticau/install/turtlesim/include/turtlesim/turtlesim/srv/detail/teleport_absolute__struct.hpp
[10.253s] -- Symlinking: /home/danivm/TR-Autonomy-0.5-Daniel-Ticau/install/turtlesim/include/turtlesim/turtlesim/srv/detail/teleport_absolute__traits.hpp
[10.255s] -- Symlinking: /home/danivm/TR-Autonomy-0.5-Daniel-Ticau/install/turtlesim/include/turtlesim/turtlesim/srv/detail/teleport_absolute__type_support.hpp
[10.258s] -- Symlinking: /home/danivm/TR-Autonomy-0.5-Daniel-Ticau/install/turtlesim/include/turtlesim/turtlesim/srv/detail/teleport_relative__builder.hpp
[10.260s] -- Symlinking: /home/danivm/TR-Autonomy-0.5-Daniel-Ticau/install/turtlesim/include/turtlesim/turtlesim/srv/detail/teleport_relative__struct.hpp
[10.263s] -- Symlinking: /home/danivm/TR-Autonomy-0.5-Daniel-Ticau/install/turtlesim/include/turtlesim/turtlesim/srv/detail/teleport_relative__traits.hpp
[10.265s] -- Symlinking: /home/danivm/TR-Autonomy-0.5-Daniel-Ticau/install/turtlesim/include/turtlesim/turtlesim/srv/detail/teleport_relative__type_support.hpp
[10.271s] -- Symlinking: /home/danivm/TR-Autonomy-0.5-Daniel-Ticau/install/turtlesim/include/turtlesim/turtlesim/srv/kill.hpp
[10.274s] -- Symlinking: /home/danivm/TR-Autonomy-0.5-Daniel-Ticau/install/turtlesim/include/turtlesim/turtlesim/srv/set_pen.hpp
[10.276s] -- Symlinking: /home/danivm/TR-Autonomy-0.5-Daniel-Ticau/install/turtlesim/include/turtlesim/turtlesim/srv/spawn.hpp
[10.278s] -- Symlinking: /home/danivm/TR-Autonomy-0.5-Daniel-Ticau/install/turtlesim/include/turtlesim/turtlesim/srv/teleport_absolute.hpp
[10.280s] -- Symlinking: /home/danivm/TR-Autonomy-0.5-Daniel-Ticau/install/turtlesim/include/turtlesim/turtlesim/srv/teleport_relative.hpp
[10.284s] -- Symlinking: /home/danivm/TR-Autonomy-0.5-Daniel-Ticau/install/turtlesim/include/turtlesim/turtlesim/action/detail/rotate_absolute__rosidl_typesupport_fastrtps_cpp.hpp
[10.286s] -- Symlinking: /home/danivm/TR-Autonomy-0.5-Daniel-Ticau/install/turtlesim/include/turtlesim/turtlesim/msg/detail/color__rosidl_typesupport_fastrtps_cpp.hpp
[10.288s] -- Symlinking: /home/danivm/TR-Autonomy-0.5-Daniel-Ticau/install/turtlesim/include/turtlesim/turtlesim/msg/detail/pose__rosidl_typesupport_fastrtps_cpp.hpp
[10.291s] -- Symlinking: /home/danivm/TR-Autonomy-0.5-Daniel-Ticau/install/turtlesim/include/turtlesim/turtlesim/msg/rosidl_typesupport_fastrtps_cpp__visibility_control.h
[10.293s] -- Symlinking: /home/danivm/TR-Autonomy-0.5-Daniel-Ticau/install/turtlesim/include/turtlesim/turtlesim/srv/detail/kill__rosidl_typesupport_fastrtps_cpp.hpp
[10.295s] -- Symlinking: /home/danivm/TR-Autonomy-0.5-Daniel-Ticau/install/turtlesim/include/turtlesim/turtlesim/srv/detail/set_pen__rosidl_typesupport_fastrtps_cpp.hpp
[10.297s] -- Symlinking: /home/danivm/TR-Autonomy-0.5-Daniel-Ticau/install/turtlesim/include/turtlesim/turtlesim/srv/detail/spawn__rosidl_typesupport_fastrtps_cpp.hpp
[10.299s] -- Symlinking: /home/danivm/TR-Autonomy-0.5-Daniel-Ticau/install/turtlesim/include/turtlesim/turtlesim/srv/detail/teleport_absolute__rosidl_typesupport_fastrtps_cpp.hpp
[10.302s] -- Symlinking: /home/danivm/TR-Autonomy-0.5-Daniel-Ticau/install/turtlesim/include/turtlesim/turtlesim/srv/detail/teleport_relative__rosidl_typesupport_fastrtps_cpp.hpp
[10.305s] -- Symlinking: /home/danivm/TR-Autonomy-0.5-Daniel-Ticau/install/turtlesim/include/turtlesim/turtlesim/action/detail/rotate_absolute__rosidl_typesupport_introspection_c.h
[10.307s] -- Symlinking: /home/danivm/TR-Autonomy-0.5-Daniel-Ticau/install/turtlesim/include/turtlesim/turtlesim/msg/detail/color__rosidl_typesupport_introspection_c.h
[10.309s] -- Symlinking: /home/danivm/TR-Autonomy-0.5-Daniel-Ticau/install/turtlesim/include/turtlesim/turtlesim/msg/detail/pose__rosidl_typesupport_introspection_c.h
[10.312s] -- Symlinking: /home/danivm/TR-Autonomy-0.5-Daniel-Ticau/install/turtlesim/include/turtlesim/turtlesim/msg/rosidl_typesupport_introspection_c__visibility_control.h
[10.314s] -- Symlinking: /home/danivm/TR-Autonomy-0.5-Daniel-Ticau/install/turtlesim/include/turtlesim/turtlesim/srv/detail/kill__rosidl_typesupport_introspection_c.h
[10.316s] -- Symlinking: /home/danivm/TR-Autonomy-0.5-Daniel-Ticau/install/turtlesim/include/turtlesim/turtlesim/srv/detail/set_pen__rosidl_typesupport_introspection_c.h
[10.319s] -- Symlinking: /home/danivm/TR-Autonomy-0.5-Daniel-Ticau/install/turtlesim/include/turtlesim/turtlesim/srv/detail/spawn__rosidl_typesupport_introspection_c.h
[10.321s] -- Symlinking: /home/danivm/TR-Autonomy-0.5-Daniel-Ticau/install/turtlesim/include/turtlesim/turtlesim/srv/detail/teleport_absolute__rosidl_typesupport_introspection_c.h
[10.323s] -- Symlinking: /home/danivm/TR-Autonomy-0.5-Daniel-Ticau/install/turtlesim/include/turtlesim/turtlesim/srv/detail/teleport_relative__rosidl_typesupport_introspection_c.h
[10.326s] -- Symlinking: /home/danivm/TR-Autonomy-0.5-Daniel-Ticau/install/turtlesim/include/turtlesim/turtlesim/action/detail/rotate_absolute__rosidl_typesupport_introspection_cpp.hpp
[10.328s] -- Symlinking: /home/danivm/TR-Autonomy-0.5-Daniel-Ticau/install/turtlesim/include/turtlesim/turtlesim/msg/detail/color__rosidl_typesupport_introspection_cpp.hpp
[10.330s] -- Symlinking: /home/danivm/TR-Autonomy-0.5-Daniel-Ticau/install/turtlesim/include/turtlesim/turtlesim/msg/detail/pose__rosidl_typesupport_introspection_cpp.hpp
[10.332s] -- Symlinking: /home/danivm/TR-Autonomy-0.5-Daniel-Ticau/install/turtlesim/include/turtlesim/turtlesim/srv/detail/kill__rosidl_typesupport_introspection_cpp.hpp
[10.334s] -- Symlinking: /home/danivm/TR-Autonomy-0.5-Daniel-Ticau/install/turtlesim/include/turtlesim/turtlesim/srv/detail/set_pen__rosidl_typesupport_introspection_cpp.hpp
[10.337s] -- Symlinking: /home/danivm/TR-Autonomy-0.5-Daniel-Ticau/install/turtlesim/include/turtlesim/turtlesim/srv/detail/spawn__rosidl_typesupport_introspection_cpp.hpp
[10.339s] -- Symlinking: /home/danivm/TR-Autonomy-0.5-Daniel-Ticau/install/turtlesim/include/turtlesim/turtlesim/srv/detail/teleport_absolute__rosidl_typesupport_introspection_cpp.hpp
[10.341s] -- Symlinking: /home/danivm/TR-Autonomy-0.5-Daniel-Ticau/install/turtlesim/include/turtlesim/turtlesim/srv/detail/teleport_relative__rosidl_typesupport_introspection_cpp.hpp
[10.343s] -- Symlinking: /home/danivm/TR-Autonomy-0.5-Daniel-Ticau/install/turtlesim/share/turtlesim/environment/pythonpath.sh
[10.346s] -- Symlinking: /home/danivm/TR-Autonomy-0.5-Daniel-Ticau/install/turtlesim/share/turtlesim/environment/pythonpath.dsv
[10.349s] -- Symlinking: /home/danivm/TR-Autonomy-0.5-Daniel-Ticau/install/turtlesim/local/lib/python3.10/dist-packages/turtlesim-1.4.3-py3.10.egg-info/PKG-INFO
[10.352s] -- Symlinking: /home/danivm/TR-Autonomy-0.5-Daniel-Ticau/install/turtlesim/local/lib/python3.10/dist-packages/turtlesim-1.4.3-py3.10.egg-info/SOURCES.txt
[10.354s] -- Symlinking: /home/danivm/TR-Autonomy-0.5-Daniel-Ticau/install/turtlesim/local/lib/python3.10/dist-packages/turtlesim-1.4.3-py3.10.egg-info/dependency_links.txt
[10.357s] -- Symlinking: /home/danivm/TR-Autonomy-0.5-Daniel-Ticau/install/turtlesim/local/lib/python3.10/dist-packages/turtlesim-1.4.3-py3.10.egg-info/top_level.txt
[10.360s] -- Symlinking: /home/danivm/TR-Autonomy-0.5-Daniel-Ticau/install/turtlesim/local/lib/python3.10/dist-packages/turtlesim/__init__.py
[10.362s] -- Symlinking: /home/danivm/TR-Autonomy-0.5-Daniel-Ticau/install/turtlesim/local/lib/python3.10/dist-packages/turtlesim/_turtlesim_s.ep.rosidl_typesupport_c.c
[10.364s] -- Symlinking: /home/danivm/TR-Autonomy-0.5-Daniel-Ticau/install/turtlesim/local/lib/python3.10/dist-packages/turtlesim/_turtlesim_s.ep.rosidl_typesupport_fastrtps_c.c
[10.367s] -- Symlinking: /home/danivm/TR-Autonomy-0.5-Daniel-Ticau/install/turtlesim/local/lib/python3.10/dist-packages/turtlesim/_turtlesim_s.ep.rosidl_typesupport_introspection_c.c
[10.369s] -- Symlinking: /home/danivm/TR-Autonomy-0.5-Daniel-Ticau/install/turtlesim/local/lib/python3.10/dist-packages/turtlesim/action/__init__.py
[10.374s] -- Symlinking: /home/danivm/TR-Autonomy-0.5-Daniel-Ticau/install/turtlesim/local/lib/python3.10/dist-packages/turtlesim/action/_rotate_absolute.py
[10.377s] -- Symlinking: /home/danivm/TR-Autonomy-0.5-Daniel-Ticau/install/turtlesim/local/lib/python3.10/dist-packages/turtlesim/action/_rotate_absolute_s.c
[10.379s] -- Symlinking: /home/danivm/TR-Autonomy-0.5-Daniel-Ticau/install/turtlesim/local/lib/python3.10/dist-packages/turtlesim/libturtlesim__rosidl_generator_py.so
[10.381s] -- Symlinking: /home/danivm/TR-Autonomy-0.5-Daniel-Ticau/install/turtlesim/local/lib/python3.10/dist-packages/turtlesim/msg/__init__.py
[10.384s] -- Symlinking: /home/danivm/TR-Autonomy-0.5-Daniel-Ticau/install/turtlesim/local/lib/python3.10/dist-packages/turtlesim/msg/_color.py
[10.386s] -- Symlinking: /home/danivm/TR-Autonomy-0.5-Daniel-Ticau/install/turtlesim/local/lib/python3.10/dist-packages/turtlesim/msg/_color_s.c
[10.389s] -- Symlinking: /home/danivm/TR-Autonomy-0.5-Daniel-Ticau/install/turtlesim/local/lib/python3.10/dist-packages/turtlesim/msg/_pose.py
[10.391s] -- Symlinking: /home/danivm/TR-Autonomy-0.5-Daniel-Ticau/install/turtlesim/local/lib/python3.10/dist-packages/turtlesim/msg/_pose_s.c
[10.393s] -- Symlinking: /home/danivm/TR-Autonomy-0.5-Daniel-Ticau/install/turtlesim/local/lib/python3.10/dist-packages/turtlesim/srv/__init__.py
[10.395s] -- Symlinking: /home/danivm/TR-Autonomy-0.5-Daniel-Ticau/install/turtlesim/local/lib/python3.10/dist-packages/turtlesim/srv/_kill.py
[10.398s] -- Symlinking: /home/danivm/TR-Autonomy-0.5-Daniel-Ticau/install/turtlesim/local/lib/python3.10/dist-packages/turtlesim/srv/_kill_s.c
[10.400s] -- Symlinking: /home/danivm/TR-Autonomy-0.5-Daniel-Ticau/install/turtlesim/local/lib/python3.10/dist-packages/turtlesim/srv/_set_pen.py
[10.402s] -- Symlinking: /home/danivm/TR-Autonomy-0.5-Daniel-Ticau/install/turtlesim/local/lib/python3.10/dist-packages/turtlesim/srv/_set_pen_s.c
[10.404s] -- Symlinking: /home/danivm/TR-Autonomy-0.5-Daniel-Ticau/install/turtlesim/local/lib/python3.10/dist-packages/turtlesim/srv/_spawn.py
[10.407s] -- Symlinking: /home/danivm/TR-Autonomy-0.5-Daniel-Ticau/install/turtlesim/local/lib/python3.10/dist-packages/turtlesim/srv/_spawn_s.c
[10.409s] -- Symlinking: /home/danivm/TR-Autonomy-0.5-Daniel-Ticau/install/turtlesim/local/lib/python3.10/dist-packages/turtlesim/srv/_teleport_absolute.py
[10.411s] -- Symlinking: /home/danivm/TR-Autonomy-0.5-Daniel-Ticau/install/turtlesim/local/lib/python3.10/dist-packages/turtlesim/srv/_teleport_absolute_s.c
[10.413s] -- Symlinking: /home/danivm/TR-Autonomy-0.5-Daniel-Ticau/install/turtlesim/local/lib/python3.10/dist-packages/turtlesim/srv/_teleport_relative.py
[10.415s] -- Symlinking: /home/danivm/TR-Autonomy-0.5-Daniel-Ticau/install/turtlesim/local/lib/python3.10/dist-packages/turtlesim/srv/_teleport_relative_s.c
[10.417s] -- Symlinking: /home/danivm/TR-Autonomy-0.5-Daniel-Ticau/install/turtlesim/local/lib/python3.10/dist-packages/turtlesim/turtlesim_s__rosidl_typesupport_c.cpython-310-aarch64-linux-gnu.so
[10.419s] -- Symlinking: /home/danivm/TR-Autonomy-0.5-Daniel-Ticau/install/turtlesim/local/lib/python3.10/dist-packages/turtlesim/turtlesim_s__rosidl_typesupport_fastrtps_c.cpython-310-aarch64-linux-gnu.so
[10.422s] -- Symlinking: /home/danivm/TR-Autonomy-0.5-Daniel-Ticau/install/turtlesim/local/lib/python3.10/dist-packages/turtlesim/turtlesim_s__rosidl_typesupport_introspection_c.cpython-310-aarch64-linux-gnu.so
[10.424s] -- Up-to-date symlink: /home/danivm/TR-Autonomy-0.5-Daniel-Ticau/install/turtlesim/local/lib/python3.10/dist-packages/turtlesim/turtlesim_s__rosidl_typesupport_fastrtps_c.cpython-310-aarch64-linux-gnu.so
[10.424s] -- Up-to-date symlink: /home/danivm/TR-Autonomy-0.5-Daniel-Ticau/install/turtlesim/local/lib/python3.10/dist-packages/turtlesim/turtlesim_s__rosidl_typesupport_introspection_c.cpython-310-aarch64-linux-gnu.so
[10.424s] -- Up-to-date symlink: /home/danivm/TR-Autonomy-0.5-Daniel-Ticau/install/turtlesim/local/lib/python3.10/dist-packages/turtlesim/turtlesim_s__rosidl_typesupport_c.cpython-310-aarch64-linux-gnu.so
[10.425s] -- Symlinking: /home/danivm/TR-Autonomy-0.5-Daniel-Ticau/install/turtlesim/share/ament_index/resource_index/rust_packages/turtlesim
[10.427s] -- Symlinking: /home/danivm/TR-Autonomy-0.5-Daniel-Ticau/install/turtlesim/share/turtlesim/rust/Cargo.toml
[10.430s] -- Symlinking: /home/danivm/TR-Autonomy-0.5-Daniel-Ticau/install/turtlesim/share/turtlesim/rust/build.rs
[10.432s] -- Symlinking: /home/danivm/TR-Autonomy-0.5-Daniel-Ticau/install/turtlesim/share/turtlesim/rust/src/action.rs
[10.434s] -- Symlinking: /home/danivm/TR-Autonomy-0.5-Daniel-Ticau/install/turtlesim/share/turtlesim/rust/src/action/rmw.rs
[10.436s] -- Symlinking: /home/danivm/TR-Autonomy-0.5-Daniel-Ticau/install/turtlesim/share/turtlesim/rust/src/lib.rs
[10.439s] -- Symlinking: /home/danivm/TR-Autonomy-0.5-Daniel-Ticau/install/turtlesim/share/turtlesim/rust/src/msg.rs
[10.441s] -- Symlinking: /home/danivm/TR-Autonomy-0.5-Daniel-Ticau/install/turtlesim/share/turtlesim/rust/src/msg/rmw.rs
[10.443s] -- Symlinking: /home/danivm/TR-Autonomy-0.5-Daniel-Ticau/install/turtlesim/share/turtlesim/rust/src/srv.rs
[10.446s] -- Symlinking: /home/danivm/TR-Autonomy-0.5-Daniel-Ticau/install/turtlesim/share/turtlesim/rust/src/srv/rmw.rs
[10.448s] -- Symlinking: /home/danivm/TR-Autonomy-0.5-Daniel-Ticau/install/turtlesim/share/turtlesim/action/RotateAbsolute.idl
[10.450s] -- Symlinking: /home/danivm/TR-Autonomy-0.5-Daniel-Ticau/install/turtlesim/share/turtlesim/msg/Color.idl
[10.453s] -- Symlinking: /home/danivm/TR-Autonomy-0.5-Daniel-Ticau/install/turtlesim/share/turtlesim/msg/Pose.idl
[10.455s] -- Symlinking: /home/danivm/TR-Autonomy-0.5-Daniel-Ticau/install/turtlesim/share/turtlesim/srv/Kill.idl
[10.460s] -- Symlinking: /home/danivm/TR-Autonomy-0.5-Daniel-Ticau/install/turtlesim/share/turtlesim/srv/SetPen.idl
[10.467s] -- Symlinking: /home/danivm/TR-Autonomy-0.5-Daniel-Ticau/install/turtlesim/share/turtlesim/srv/Spawn.idl
[10.470s] -- Symlinking: /home/danivm/TR-Autonomy-0.5-Daniel-Ticau/install/turtlesim/share/turtlesim/srv/TeleportAbsolute.idl
[10.472s] -- Symlinking: /home/danivm/TR-Autonomy-0.5-Daniel-Ticau/install/turtlesim/share/turtlesim/srv/TeleportRelative.idl
[10.474s] -- Symlinking: /home/danivm/TR-Autonomy-0.5-Daniel-Ticau/install/turtlesim/share/turtlesim/action/RotateAbsolute.action
[10.476s] -- Symlinking: /home/danivm/TR-Autonomy-0.5-Daniel-Ticau/install/turtlesim/share/turtlesim/msg/Color.msg
[10.479s] -- Symlinking: /home/danivm/TR-Autonomy-0.5-Daniel-Ticau/install/turtlesim/share/turtlesim/msg/Pose.msg
[10.482s] -- Symlinking: /home/danivm/TR-Autonomy-0.5-Daniel-Ticau/install/turtlesim/share/turtlesim/srv/Kill.srv
[10.484s] -- Symlinking: /home/danivm/TR-Autonomy-0.5-Daniel-Ticau/install/turtlesim/share/turtlesim/srv/Kill_Request.msg
[10.486s] -- Symlinking: /home/danivm/TR-Autonomy-0.5-Daniel-Ticau/install/turtlesim/share/turtlesim/srv/Kill_Response.msg
[10.488s] -- Symlinking: /home/danivm/TR-Autonomy-0.5-Daniel-Ticau/install/turtlesim/share/turtlesim/srv/SetPen.srv
[10.491s] -- Symlinking: /home/danivm/TR-Autonomy-0.5-Daniel-Ticau/install/turtlesim/share/turtlesim/srv/SetPen_Request.msg
[10.493s] -- Symlinking: /home/danivm/TR-Autonomy-0.5-Daniel-Ticau/install/turtlesim/share/turtlesim/srv/SetPen_Response.msg
[10.495s] -- Symlinking: /home/danivm/TR-Autonomy-0.5-Daniel-Ticau/install/turtlesim/share/turtlesim/srv/Spawn.srv
[10.497s] -- Symlinking: /home/danivm/TR-Autonomy-0.5-Daniel-Ticau/install/turtlesim/share/turtlesim/srv/Spawn_Request.msg
[10.499s] -- Symlinking: /home/danivm/TR-Autonomy-0.5-Daniel-Ticau/install/turtlesim/share/turtlesim/srv/Spawn_Response.msg
[10.502s] -- Symlinking: /home/danivm/TR-Autonomy-0.5-Daniel-Ticau/install/turtlesim/share/turtlesim/srv/TeleportAbsolute.srv
[10.504s] -- Symlinking: /home/danivm/TR-Autonomy-0.5-Daniel-Ticau/install/turtlesim/share/turtlesim/srv/TeleportAbsolute_Request.msg
[10.506s] -- Symlinking: /home/danivm/TR-Autonomy-0.5-Daniel-Ticau/install/turtlesim/share/turtlesim/srv/TeleportAbsolute_Response.msg
[10.508s] -- Symlinking: /home/danivm/TR-Autonomy-0.5-Daniel-Ticau/install/turtlesim/share/turtlesim/srv/TeleportRelative.srv
[10.511s] -- Symlinking: /home/danivm/TR-Autonomy-0.5-Daniel-Ticau/install/turtlesim/share/turtlesim/srv/TeleportRelative_Request.msg
[10.513s] -- Symlinking: /home/danivm/TR-Autonomy-0.5-Daniel-Ticau/install/turtlesim/share/turtlesim/srv/TeleportRelative_Response.msg
[10.515s] -- Symlinking: /home/danivm/TR-Autonomy-0.5-Daniel-Ticau/install/turtlesim/lib/turtlesim/turtlesim_node
[10.517s] -- Symlinking: /home/danivm/TR-Autonomy-0.5-Daniel-Ticau/install/turtlesim/lib/turtlesim/turtle_teleop_key
[10.520s] -- Symlinking: /home/danivm/TR-Autonomy-0.5-Daniel-Ticau/install/turtlesim/lib/turtlesim/draw_square
[10.522s] -- Symlinking: /home/danivm/TR-Autonomy-0.5-Daniel-Ticau/install/turtlesim/lib/turtlesim/mimic
[10.524s] -- Symlinking: /home/danivm/TR-Autonomy-0.5-Daniel-Ticau/install/turtlesim/share/turtlesim/launch/multisim.launch.py
[10.527s] -- Symlinking: /home/danivm/TR-Autonomy-0.5-Daniel-Ticau/install/turtlesim/share/ament_index/resource_index/package_run_dependencies/turtlesim
[10.529s] -- Symlinking: /home/danivm/TR-Autonomy-0.5-Daniel-Ticau/install/turtlesim/share/ament_index/resource_index/parent_prefix_path/turtlesim
[10.536s] -- Symlinking: /home/danivm/TR-Autonomy-0.5-Daniel-Ticau/install/turtlesim/share/turtlesim/environment/ament_prefix_path.sh
[10.538s] -- Symlinking: /home/danivm/TR-Autonomy-0.5-Daniel-Ticau/install/turtlesim/share/turtlesim/environment/ament_prefix_path.dsv
[10.540s] -- Symlinking: /home/danivm/TR-Autonomy-0.5-Daniel-Ticau/install/turtlesim/share/turtlesim/environment/path.sh
[10.543s] -- Symlinking: /home/danivm/TR-Autonomy-0.5-Daniel-Ticau/install/turtlesim/share/turtlesim/environment/path.dsv
[10.545s] -- Symlinking: /home/danivm/TR-Autonomy-0.5-Daniel-Ticau/install/turtlesim/share/turtlesim/local_setup.bash
[10.547s] -- Symlinking: /home/danivm/TR-Autonomy-0.5-Daniel-Ticau/install/turtlesim/share/turtlesim/local_setup.sh
[10.549s] -- Symlinking: /home/danivm/TR-Autonomy-0.5-Daniel-Ticau/install/turtlesim/share/turtlesim/local_setup.zsh
[10.552s] -- Symlinking: /home/danivm/TR-Autonomy-0.5-Daniel-Ticau/install/turtlesim/share/turtlesim/local_setup.dsv
[10.554s] -- Symlinking: /home/danivm/TR-Autonomy-0.5-Daniel-Ticau/install/turtlesim/share/turtlesim/package.dsv
[10.556s] -- Symlinking: /home/danivm/TR-Autonomy-0.5-Daniel-Ticau/install/turtlesim/share/ament_index/resource_index/packages/turtlesim
[10.559s] -- Symlinking: /home/danivm/TR-Autonomy-0.5-Daniel-Ticau/install/turtlesim/share/turtlesim/cmake/rosidl_cmake-extras.cmake
[10.562s] -- Symlinking: /home/danivm/TR-Autonomy-0.5-Daniel-Ticau/install/turtlesim/share/turtlesim/cmake/ament_cmake_export_dependencies-extras.cmake
[10.565s] -- Symlinking: /home/danivm/TR-Autonomy-0.5-Daniel-Ticau/install/turtlesim/share/turtlesim/cmake/ament_cmake_export_include_directories-extras.cmake
[10.571s] -- Symlinking: /home/danivm/TR-Autonomy-0.5-Daniel-Ticau/install/turtlesim/share/turtlesim/cmake/ament_cmake_export_libraries-extras.cmake
[10.574s] -- Symlinking: /home/danivm/TR-Autonomy-0.5-Daniel-Ticau/install/turtlesim/share/turtlesim/cmake/ament_cmake_export_targets-extras.cmake
[10.576s] -- Symlinking: /home/danivm/TR-Autonomy-0.5-Daniel-Ticau/install/turtlesim/share/turtlesim/cmake/rosidl_cmake_export_typesupport_targets-extras.cmake
[10.579s] -- Symlinking: /home/danivm/TR-Autonomy-0.5-Daniel-Ticau/install/turtlesim/share/turtlesim/cmake/rosidl_cmake_export_typesupport_libraries-extras.cmake
[10.581s] -- Symlinking: /home/danivm/TR-Autonomy-0.5-Daniel-Ticau/install/turtlesim/share/turtlesim/cmake/rosidl_cmake_aggregate_target-extras.cmake
[10.583s] -- Symlinking: /home/danivm/TR-Autonomy-0.5-Daniel-Ticau/install/turtlesim/share/turtlesim/cmake/turtlesimConfig.cmake
[10.586s] -- Symlinking: /home/danivm/TR-Autonomy-0.5-Daniel-Ticau/install/turtlesim/share/turtlesim/cmake/turtlesimConfig-version.cmake
[10.588s] -- Symlinking: /home/danivm/TR-Autonomy-0.5-Daniel-Ticau/install/turtlesim/share/turtlesim/package.xml
[10.592s] -- Installing: /home/danivm/TR-Autonomy-0.5-Daniel-Ticau/install/turtlesim/lib/libturtlesim__rosidl_generator_c.so
[10.592s] -- Set runtime path of "/home/danivm/TR-Autonomy-0.5-Daniel-Ticau/install/turtlesim/lib/libturtlesim__rosidl_generator_c.so" to ""
[10.592s] -- Installing: /home/danivm/TR-Autonomy-0.5-Daniel-Ticau/install/turtlesim/lib/libturtlesim__rosidl_typesupport_fastrtps_c.so
[10.593s] -- Set runtime path of "/home/danivm/TR-Autonomy-0.5-Daniel-Ticau/install/turtlesim/lib/libturtlesim__rosidl_typesupport_fastrtps_c.so" to ""
[10.593s] -- Installing: /home/danivm/TR-Autonomy-0.5-Daniel-Ticau/install/turtlesim/lib/libturtlesim__rosidl_typesupport_fastrtps_cpp.so
[10.593s] -- Set runtime path of "/home/danivm/TR-Autonomy-0.5-Daniel-Ticau/install/turtlesim/lib/libturtlesim__rosidl_typesupport_fastrtps_cpp.so" to ""
[10.594s] -- Installing: /home/danivm/TR-Autonomy-0.5-Daniel-Ticau/install/turtlesim/lib/libturtlesim__rosidl_typesupport_introspection_c.so
[10.594s] -- Set runtime path of "/home/danivm/TR-Autonomy-0.5-Daniel-Ticau/install/turtlesim/lib/libturtlesim__rosidl_typesupport_introspection_c.so" to ""
[10.594s] -- Installing: /home/danivm/TR-Autonomy-0.5-Daniel-Ticau/install/turtlesim/lib/libturtlesim__rosidl_typesupport_c.so
[10.594s] -- Set runtime path of "/home/danivm/TR-Autonomy-0.5-Daniel-Ticau/install/turtlesim/lib/libturtlesim__rosidl_typesupport_c.so" to ""
[10.594s] -- Installing: /home/danivm/TR-Autonomy-0.5-Daniel-Ticau/install/turtlesim/lib/libturtlesim__rosidl_typesupport_introspection_cpp.so
[10.595s] -- Set runtime path of "/home/danivm/TR-Autonomy-0.5-Daniel-Ticau/install/turtlesim/lib/libturtlesim__rosidl_typesupport_introspection_cpp.so" to ""
[10.595s] -- Installing: /home/danivm/TR-Autonomy-0.5-Daniel-Ticau/install/turtlesim/lib/libturtlesim__rosidl_typesupport_cpp.so
[10.595s] -- Set runtime path of "/home/danivm/TR-Autonomy-0.5-Daniel-Ticau/install/turtlesim/lib/libturtlesim__rosidl_typesupport_cpp.so" to ""
[10.633s] Listing '/home/danivm/TR-Autonomy-0.5-Daniel-Ticau/install/turtlesim/local/lib/python3.10/dist-packages/turtlesim'...
[10.633s] Compiling '/home/danivm/TR-Autonomy-0.5-Daniel-Ticau/install/turtlesim/local/lib/python3.10/dist-packages/turtlesim/__init__.py'...
[10.633s] Listing '/home/danivm/TR-Autonomy-0.5-Daniel-Ticau/install/turtlesim/local/lib/python3.10/dist-packages/turtlesim/action'...
[10.633s] Compiling '/home/danivm/TR-Autonomy-0.5-Daniel-Ticau/install/turtlesim/local/lib/python3.10/dist-packages/turtlesim/action/__init__.py'...
[10.633s] Compiling '/home/danivm/TR-Autonomy-0.5-Daniel-Ticau/install/turtlesim/local/lib/python3.10/dist-packages/turtlesim/action/_rotate_absolute.py'...
[10.633s] Listing '/home/danivm/TR-Autonomy-0.5-Daniel-Ticau/install/turtlesim/local/lib/python3.10/dist-packages/turtlesim/msg'...
[10.634s] Compiling '/home/danivm/TR-Autonomy-0.5-Daniel-Ticau/install/turtlesim/local/lib/python3.10/dist-packages/turtlesim/msg/__init__.py'...
[10.634s] Compiling '/home/danivm/TR-Autonomy-0.5-Daniel-Ticau/install/turtlesim/local/lib/python3.10/dist-packages/turtlesim/msg/_color.py'...
[10.634s] Compiling '/home/danivm/TR-Autonomy-0.5-Daniel-Ticau/install/turtlesim/local/lib/python3.10/dist-packages/turtlesim/msg/_pose.py'...
[10.634s] Listing '/home/danivm/TR-Autonomy-0.5-Daniel-Ticau/install/turtlesim/local/lib/python3.10/dist-packages/turtlesim/srv'...
[10.634s] Compiling '/home/danivm/TR-Autonomy-0.5-Daniel-Ticau/install/turtlesim/local/lib/python3.10/dist-packages/turtlesim/srv/__init__.py'...
[10.634s] Compiling '/home/danivm/TR-Autonomy-0.5-Daniel-Ticau/install/turtlesim/local/lib/python3.10/dist-packages/turtlesim/srv/_kill.py'...
[10.634s] Compiling '/home/danivm/TR-Autonomy-0.5-Daniel-Ticau/install/turtlesim/local/lib/python3.10/dist-packages/turtlesim/srv/_set_pen.py'...
[10.634s] Compiling '/home/danivm/TR-Autonomy-0.5-Daniel-Ticau/install/turtlesim/local/lib/python3.10/dist-packages/turtlesim/srv/_spawn.py'...
[10.634s] Compiling '/home/danivm/TR-Autonomy-0.5-Daniel-Ticau/install/turtlesim/local/lib/python3.10/dist-packages/turtlesim/srv/_teleport_absolute.py'...
[10.634s] Compiling '/home/danivm/TR-Autonomy-0.5-Daniel-Ticau/install/turtlesim/local/lib/python3.10/dist-packages/turtlesim/srv/_teleport_relative.py'...
[10.635s] -- Installing: /home/danivm/TR-Autonomy-0.5-Daniel-Ticau/install/turtlesim/lib/libturtlesim__rosidl_generator_py.so
[10.636s] -- Set runtime path of "/home/danivm/TR-Autonomy-0.5-Daniel-Ticau/install/turtlesim/lib/libturtlesim__rosidl_generator_py.so" to ""
[10.636s] -- Installing: /home/danivm/TR-Autonomy-0.5-Daniel-Ticau/install/turtlesim/share/turtlesim/images
[10.636s] -- Installing: /home/danivm/TR-Autonomy-0.5-Daniel-Ticau/install/turtlesim/share/turtlesim/images/eloquent.png
[10.636s] -- Installing: /home/danivm/TR-Autonomy-0.5-Daniel-Ticau/install/turtlesim/share/turtlesim/images/ardent.png
[10.636s] -- Installing: /home/danivm/TR-Autonomy-0.5-Daniel-Ticau/install/turtlesim/share/turtlesim/images/dashing.png
[10.637s] -- Installing: /home/danivm/TR-Autonomy-0.5-Daniel-Ticau/install/turtlesim/share/turtlesim/images/humble.png
[10.637s] -- Installing: /home/danivm/TR-Autonomy-0.5-Daniel-Ticau/install/turtlesim/share/turtlesim/images/bouncy.png
[10.637s] -- Installing: /home/danivm/TR-Autonomy-0.5-Daniel-Ticau/install/turtlesim/share/turtlesim/images/crystal.png
[10.637s] -- Installing: /home/danivm/TR-Autonomy-0.5-Daniel-Ticau/install/turtlesim/share/turtlesim/images/galactic.png
[10.637s] -- Installing: /home/danivm/TR-Autonomy-0.5-Daniel-Ticau/install/turtlesim/share/turtlesim/images/foxy.png
[10.637s] -- Installing: /home/danivm/TR-Autonomy-0.5-Daniel-Ticau/install/turtlesim/share/turtlesim/images/rolling.png
[10.638s] -- Installing: /home/danivm/TR-Autonomy-0.5-Daniel-Ticau/install/turtlesim/share/turtlesim/cmake/export_turtlesim__rosidl_generator_cExport.cmake
[10.638s] -- Installing: /home/danivm/TR-Autonomy-0.5-Daniel-Ticau/install/turtlesim/share/turtlesim/cmake/export_turtlesim__rosidl_generator_cExport-noconfig.cmake
[10.638s] -- Installing: /home/danivm/TR-Autonomy-0.5-Daniel-Ticau/install/turtlesim/share/turtlesim/cmake/export_turtlesim__rosidl_typesupport_fastrtps_cExport.cmake
[10.638s] -- Installing: /home/danivm/TR-Autonomy-0.5-Daniel-Ticau/install/turtlesim/share/turtlesim/cmake/export_turtlesim__rosidl_typesupport_fastrtps_cExport-noconfig.cmake
[10.638s] -- Installing: /home/danivm/TR-Autonomy-0.5-Daniel-Ticau/install/turtlesim/share/turtlesim/cmake/export_turtlesim__rosidl_generator_cppExport.cmake
[10.639s] -- Installing: /home/danivm/TR-Autonomy-0.5-Daniel-Ticau/install/turtlesim/share/turtlesim/cmake/export_turtlesim__rosidl_typesupport_fastrtps_cppExport.cmake
[10.639s] -- Installing: /home/danivm/TR-Autonomy-0.5-Daniel-Ticau/install/turtlesim/share/turtlesim/cmake/export_turtlesim__rosidl_typesupport_fastrtps_cppExport-noconfig.cmake
[10.639s] -- Installing: /home/danivm/TR-Autonomy-0.5-Daniel-Ticau/install/turtlesim/share/turtlesim/cmake/turtlesim__rosidl_typesupport_introspection_cExport.cmake
[10.639s] -- Installing: /home/danivm/TR-Autonomy-0.5-Daniel-Ticau/install/turtlesim/share/turtlesim/cmake/turtlesim__rosidl_typesupport_introspection_cExport-noconfig.cmake
[10.639s] -- Installing: /home/danivm/TR-Autonomy-0.5-Daniel-Ticau/install/turtlesim/share/turtlesim/cmake/turtlesim__rosidl_typesupport_cExport.cmake
[10.639s] -- Installing: /home/danivm/TR-Autonomy-0.5-Daniel-Ticau/install/turtlesim/share/turtlesim/cmake/turtlesim__rosidl_typesupport_cExport-noconfig.cmake
[10.640s] -- Installing: /home/danivm/TR-Autonomy-0.5-Daniel-Ticau/install/turtlesim/share/turtlesim/cmake/turtlesim__rosidl_typesupport_introspection_cppExport.cmake
[10.640s] -- Installing: /home/danivm/TR-Autonomy-0.5-Daniel-Ticau/install/turtlesim/share/turtlesim/cmake/turtlesim__rosidl_typesupport_introspection_cppExport-noconfig.cmake
[10.640s] -- Installing: /home/danivm/TR-Autonomy-0.5-Daniel-Ticau/install/turtlesim/share/turtlesim/cmake/turtlesim__rosidl_typesupport_cppExport.cmake
[10.640s] -- Installing: /home/danivm/TR-Autonomy-0.5-Daniel-Ticau/install/turtlesim/share/turtlesim/cmake/turtlesim__rosidl_typesupport_cppExport-noconfig.cmake
[10.640s] -- Installing: /home/danivm/TR-Autonomy-0.5-Daniel-Ticau/install/turtlesim/share/turtlesim/cmake/export_turtlesim__rosidl_generator_pyExport.cmake
[10.640s] -- Installing: /home/danivm/TR-Autonomy-0.5-Daniel-Ticau/install/turtlesim/share/turtlesim/cmake/export_turtlesim__rosidl_generator_pyExport-noconfig.cmake
[10.642s] Invoked command in '/home/danivm/TR-Autonomy-0.5-Daniel-Ticau/build/turtlesim' returned '0': CMAKE_PREFIX_PATH=${CMAKE_PREFIX_PATH}:/opt/ros/humble /usr/bin/cmake --install /home/danivm/TR-Autonomy-0.5-Daniel-Ticau/build/turtlesim
