[0.059s] DEBUG:colcon:Command line arguments: ['/usr/bin/colcon', 'build', '--allow-overriding', 'turtlesim']
[0.059s] DEBUG:colcon:Parsed command line arguments: Namespace(log_base=None, log_level=None, verb_name='build', build_base='build', install_base='install', merge_install=False, symlink_install=False, test_result_base=None, continue_on_error=False, executor='parallel', parallel_workers=5, event_handlers=None, ignore_user_meta=False, metas=['./colcon.meta'], base_paths=['.'], packages_ignore=None, packages_ignore_regex=None, paths=None, packages_up_to=None, packages_up_to_regex=None, packages_above=None, packages_above_and_dependencies=None, packages_above_depth=None, packages_select_by_dep=None, packages_skip_by_dep=None, packages_skip_up_to=None, packages_select_build_failed=False, packages_skip_build_finished=False, packages_select_test_failures=False, packages_skip_test_passed=False, packages_select=None, packages_skip=None, packages_select_regex=None, packages_skip_regex=None, packages_start=None, packages_end=None, allow_overriding=['turtlesim'], cmake_args=None, cmake_target=None, cmake_target_skip_unavailable=False, cmake_clean_cache=False, cmake_clean_first=False, cmake_force_configure=False, ament_cmake_args=None, catkin_cmake_args=None, catkin_skip_building_tests=False, mixin_files=None, mixin=None, verb_parser=<colcon_mixin.mixin.mixin_argument.MixinArgumentDecorator object at 0xffffb2ed5cf0>, verb_extension=<colcon_core.verb.build.BuildVerb object at 0xffffb2ed56f0>, main=<bound method BuildVerb.main of <colcon_core.verb.build.BuildVerb object at 0xffffb2ed56f0>>, mixin_verb=('build',))
[0.138s] Level 1:colcon.colcon_core.package_discovery:discover_packages(colcon_meta) check parameters
[0.138s] Level 1:colcon.colcon_core.package_discovery:discover_packages(recursive) check parameters
[0.138s] Level 1:colcon.colcon_core.package_discovery:discover_packages(ignore) check parameters
[0.138s] Level 1:colcon.colcon_core.package_discovery:discover_packages(path) check parameters
[0.138s] Level 1:colcon.colcon_core.package_discovery:discover_packages(colcon_meta) discover
[0.138s] Level 1:colcon.colcon_core.package_discovery:discover_packages(recursive) discover
[0.138s] INFO:colcon.colcon_core.package_discovery:Crawling recursively for packages in '/home/danivm/TR-Autonomy-0.5-Daniel-Ticau'
[0.138s] Level 1:colcon.colcon_core.package_identification:_identify(.) by extensions ['ignore', 'ignore_ament_install']
[0.138s] Level 1:colcon.colcon_core.package_identification:_identify(.) by extension 'ignore'
[0.138s] Level 1:colcon.colcon_core.package_identification:_identify(.) by extension 'ignore_ament_install'
[0.138s] Level 1:colcon.colcon_core.package_identification:_identify(.) by extensions ['colcon_pkg']
[0.139s] Level 1:colcon.colcon_core.package_identification:_identify(.) by extension 'colcon_pkg'
[0.139s] Level 1:colcon.colcon_core.package_identification:_identify(.) by extensions ['colcon_meta']
[0.139s] Level 1:colcon.colcon_core.package_identification:_identify(.) by extension 'colcon_meta'
[0.139s] Level 1:colcon.colcon_core.package_identification:_identify(.) by extensions ['ros']
[0.139s] Level 1:colcon.colcon_core.package_identification:_identify(.) by extension 'ros'
[0.144s] Level 1:colcon.colcon_core.package_identification:_identify(.) by extensions ['cmake', 'python']
[0.144s] Level 1:colcon.colcon_core.package_identification:_identify(.) by extension 'cmake'
[0.144s] Level 1:colcon.colcon_core.package_identification:_identify(.) by extension 'python'
[0.144s] Level 1:colcon.colcon_core.package_identification:_identify(.) by extensions ['python_setup_py']
[0.144s] Level 1:colcon.colcon_core.package_identification:_identify(.) by extension 'python_setup_py'
[0.144s] Level 1:colcon.colcon_core.package_identification:_identify(build) by extensions ['ignore', 'ignore_ament_install']
[0.144s] Level 1:colcon.colcon_core.package_identification:_identify(build) by extension 'ignore'
[0.144s] Level 1:colcon.colcon_core.package_identification:_identify(build) ignored
[0.144s] Level 1:colcon.colcon_core.package_identification:_identify(images) by extensions ['ignore', 'ignore_ament_install']
[0.144s] Level 1:colcon.colcon_core.package_identification:_identify(images) by extension 'ignore'
[0.144s] Level 1:colcon.colcon_core.package_identification:_identify(images) by extension 'ignore_ament_install'
[0.144s] Level 1:colcon.colcon_core.package_identification:_identify(images) by extensions ['colcon_pkg']
[0.144s] Level 1:colcon.colcon_core.package_identification:_identify(images) by extension 'colcon_pkg'
[0.144s] Level 1:colcon.colcon_core.package_identification:_identify(images) by extensions ['colcon_meta']
[0.144s] Level 1:colcon.colcon_core.package_identification:_identify(images) by extension 'colcon_meta'
[0.144s] Level 1:colcon.colcon_core.package_identification:_identify(images) by extensions ['ros']
[0.144s] Level 1:colcon.colcon_core.package_identification:_identify(images) by extension 'ros'
[0.144s] Level 1:colcon.colcon_core.package_identification:_identify(images) by extensions ['cmake', 'python']
[0.144s] Level 1:colcon.colcon_core.package_identification:_identify(images) by extension 'cmake'
[0.144s] Level 1:colcon.colcon_core.package_identification:_identify(images) by extension 'python'
[0.144s] Level 1:colcon.colcon_core.package_identification:_identify(images) by extensions ['python_setup_py']
[0.144s] Level 1:colcon.colcon_core.package_identification:_identify(images) by extension 'python_setup_py'
[0.144s] Level 1:colcon.colcon_core.package_identification:_identify(install) by extensions ['ignore', 'ignore_ament_install']
[0.144s] Level 1:colcon.colcon_core.package_identification:_identify(install) by extension 'ignore'
[0.144s] Level 1:colcon.colcon_core.package_identification:_identify(install) ignored
[0.144s] Level 1:colcon.colcon_core.package_identification:_identify(log) by extensions ['ignore', 'ignore_ament_install']
[0.144s] Level 1:colcon.colcon_core.package_identification:_identify(log) by extension 'ignore'
[0.144s] Level 1:colcon.colcon_core.package_identification:_identify(log) ignored
[0.144s] Level 1:colcon.colcon_core.package_identification:_identify(ros_tutorials) by extensions ['ignore', 'ignore_ament_install']
[0.144s] Level 1:colcon.colcon_core.package_identification:_identify(ros_tutorials) by extension 'ignore'
[0.144s] Level 1:colcon.colcon_core.package_identification:_identify(ros_tutorials) by extension 'ignore_ament_install'
[0.144s] Level 1:colcon.colcon_core.package_identification:_identify(ros_tutorials) by extensions ['colcon_pkg']
[0.144s] Level 1:colcon.colcon_core.package_identification:_identify(ros_tutorials) by extension 'colcon_pkg'
[0.144s] Level 1:colcon.colcon_core.package_identification:_identify(ros_tutorials) by extensions ['colcon_meta']
[0.144s] Level 1:colcon.colcon_core.package_identification:_identify(ros_tutorials) by extension 'colcon_meta'
[0.144s] Level 1:colcon.colcon_core.package_identification:_identify(ros_tutorials) by extensions ['ros']
[0.144s] Level 1:colcon.colcon_core.package_identification:_identify(ros_tutorials) by extension 'ros'
[0.144s] Level 1:colcon.colcon_core.package_identification:_identify(ros_tutorials) by extensions ['cmake', 'python']
[0.144s] Level 1:colcon.colcon_core.package_identification:_identify(ros_tutorials) by extension 'cmake'
[0.144s] Level 1:colcon.colcon_core.package_identification:_identify(ros_tutorials) by extension 'python'
[0.144s] Level 1:colcon.colcon_core.package_identification:_identify(ros_tutorials) by extensions ['python_setup_py']
[0.144s] Level 1:colcon.colcon_core.package_identification:_identify(ros_tutorials) by extension 'python_setup_py'
[0.144s] Level 1:colcon.colcon_core.package_identification:_identify(ros_tutorials/ros_tutorials) by extensions ['ignore', 'ignore_ament_install']
[0.144s] Level 1:colcon.colcon_core.package_identification:_identify(ros_tutorials/ros_tutorials) by extension 'ignore'
[0.144s] Level 1:colcon.colcon_core.package_identification:_identify(ros_tutorials/ros_tutorials) ignored
[0.145s] Level 1:colcon.colcon_core.package_identification:_identify(ros_tutorials/roscpp_tutorials) by extensions ['ignore', 'ignore_ament_install']
[0.145s] Level 1:colcon.colcon_core.package_identification:_identify(ros_tutorials/roscpp_tutorials) by extension 'ignore'
[0.145s] Level 1:colcon.colcon_core.package_identification:_identify(ros_tutorials/roscpp_tutorials) ignored
[0.145s] Level 1:colcon.colcon_core.package_identification:_identify(ros_tutorials/rospy_tutorials) by extensions ['ignore', 'ignore_ament_install']
[0.145s] Level 1:colcon.colcon_core.package_identification:_identify(ros_tutorials/rospy_tutorials) by extension 'ignore'
[0.145s] Level 1:colcon.colcon_core.package_identification:_identify(ros_tutorials/rospy_tutorials) ignored
[0.145s] Level 1:colcon.colcon_core.package_identification:_identify(ros_tutorials/turtlesim) by extensions ['ignore', 'ignore_ament_install']
[0.145s] Level 1:colcon.colcon_core.package_identification:_identify(ros_tutorials/turtlesim) by extension 'ignore'
[0.145s] Level 1:colcon.colcon_core.package_identification:_identify(ros_tutorials/turtlesim) by extension 'ignore_ament_install'
[0.145s] Level 1:colcon.colcon_core.package_identification:_identify(ros_tutorials/turtlesim) by extensions ['colcon_pkg']
[0.145s] Level 1:colcon.colcon_core.package_identification:_identify(ros_tutorials/turtlesim) by extension 'colcon_pkg'
[0.145s] Level 1:colcon.colcon_core.package_identification:_identify(ros_tutorials/turtlesim) by extensions ['colcon_meta']
[0.145s] Level 1:colcon.colcon_core.package_identification:_identify(ros_tutorials/turtlesim) by extension 'colcon_meta'
[0.145s] Level 1:colcon.colcon_core.package_identification:_identify(ros_tutorials/turtlesim) by extensions ['ros']
[0.145s] Level 1:colcon.colcon_core.package_identification:_identify(ros_tutorials/turtlesim) by extension 'ros'
[0.146s] DEBUG:colcon.colcon_core.package_identification:Package 'ros_tutorials/turtlesim' with type 'ros.ament_cmake' and name 'turtlesim'
[0.146s] Level 1:colcon.colcon_core.package_discovery:discover_packages(recursive) using defaults
[0.146s] Level 1:colcon.colcon_core.package_discovery:discover_packages(ignore) discover
[0.146s] Level 1:colcon.colcon_core.package_discovery:discover_packages(ignore) using defaults
[0.146s] Level 1:colcon.colcon_core.package_discovery:discover_packages(path) discover
[0.146s] Level 1:colcon.colcon_core.package_discovery:discover_packages(path) using defaults
[0.159s] Level 1:colcon.colcon_core.package_discovery:discover_packages(prefix_path) check parameters
[0.159s] Level 1:colcon.colcon_core.package_discovery:discover_packages(prefix_path) discover
[0.160s] DEBUG:colcon.colcon_installed_package_information.package_discovery:Found 273 installed packages in /opt/ros/humble
[0.160s] Level 1:colcon.colcon_core.package_discovery:discover_packages(prefix_path) using defaults
[0.202s] Level 5:colcon.colcon_core.verb:set package 'turtlesim' build argument 'cmake_args' from command line to 'None'
[0.202s] Level 5:colcon.colcon_core.verb:set package 'turtlesim' build argument 'cmake_target' from command line to 'None'
[0.202s] Level 5:colcon.colcon_core.verb:set package 'turtlesim' build argument 'cmake_target_skip_unavailable' from command line to 'False'
[0.202s] Level 5:colcon.colcon_core.verb:set package 'turtlesim' build argument 'cmake_clean_cache' from command line to 'False'
[0.202s] Level 5:colcon.colcon_core.verb:set package 'turtlesim' build argument 'cmake_clean_first' from command line to 'False'
[0.202s] Level 5:colcon.colcon_core.verb:set package 'turtlesim' build argument 'cmake_force_configure' from command line to 'False'
[0.202s] Level 5:colcon.colcon_core.verb:set package 'turtlesim' build argument 'ament_cmake_args' from command line to 'None'
[0.202s] Level 5:colcon.colcon_core.verb:set package 'turtlesim' build argument 'catkin_cmake_args' from command line to 'None'
[0.203s] Level 5:colcon.colcon_core.verb:set package 'turtlesim' build argument 'catkin_skip_building_tests' from command line to 'False'
[0.203s] DEBUG:colcon.colcon_core.verb:Building package 'turtlesim' with the following arguments: {'ament_cmake_args': None, 'build_base': '/home/danivm/TR-Autonomy-0.5-Daniel-Ticau/build/turtlesim', 'catkin_cmake_args': None, 'catkin_skip_building_tests': False, 'cmake_args': None, 'cmake_clean_cache': False, 'cmake_clean_first': False, 'cmake_force_configure': False, 'cmake_target': None, 'cmake_target_skip_unavailable': False, 'install_base': '/home/danivm/TR-Autonomy-0.5-Daniel-Ticau/install/turtlesim', 'merge_install': False, 'path': '/home/danivm/TR-Autonomy-0.5-Daniel-Ticau/ros_tutorials/turtlesim', 'symlink_install': False, 'test_result_base': None}
[0.203s] INFO:colcon.colcon_core.executor:Executing jobs using 'parallel' executor
[0.203s] DEBUG:colcon.colcon_parallel_executor.executor.parallel:run_until_complete
[0.203s] INFO:colcon.colcon_ros.task.ament_cmake.build:Building ROS package in '/home/danivm/TR-Autonomy-0.5-Daniel-Ticau/ros_tutorials/turtlesim' with build type 'ament_cmake'
[0.203s] INFO:colcon.colcon_cmake.task.cmake.build:Building CMake package in '/home/danivm/TR-Autonomy-0.5-Daniel-Ticau/ros_tutorials/turtlesim'
[0.204s] INFO:colcon.colcon_core.plugin_system:Skipping extension 'colcon_core.shell.bat': Not used on non-Windows systems
[0.204s] INFO:colcon.colcon_core.shell:Skip shell extension 'powershell' for command environment: Not usable outside of PowerShell
[0.204s] DEBUG:colcon.colcon_core.shell:Skip shell extension 'dsv' for command environment
[0.208s] DEBUG:colcon.colcon_core.event_handler.log_command:Invoking command in '/home/danivm/TR-Autonomy-0.5-Daniel-Ticau/build/turtlesim': CMAKE_PREFIX_PATH=/opt/ros/humble /usr/bin/cmake --build /home/danivm/TR-Autonomy-0.5-Daniel-Ticau/build/turtlesim -- -j5 -l5
[0.350s] DEBUG:colcon.colcon_core.event_handler.log_command:Invoked command in '/home/danivm/TR-Autonomy-0.5-Daniel-Ticau/build/turtlesim' returned '0': CMAKE_PREFIX_PATH=/opt/ros/humble /usr/bin/cmake --build /home/danivm/TR-Autonomy-0.5-Daniel-Ticau/build/turtlesim -- -j5 -l5
[0.353s] DEBUG:colcon.colcon_core.event_handler.log_command:Invoking command in '/home/danivm/TR-Autonomy-0.5-Daniel-Ticau/build/turtlesim': CMAKE_PREFIX_PATH=/opt/ros/humble /usr/bin/cmake --install /home/danivm/TR-Autonomy-0.5-Daniel-Ticau/build/turtlesim
[0.377s] Level 1:colcon.colcon_core.environment:create_environment_scripts_only(turtlesim)
[0.378s] DEBUG:colcon.colcon_core.event_handler.log_command:Invoked command in '/home/danivm/TR-Autonomy-0.5-Daniel-Ticau/build/turtlesim' returned '0': CMAKE_PREFIX_PATH=/opt/ros/humble /usr/bin/cmake --install /home/danivm/TR-Autonomy-0.5-Daniel-Ticau/build/turtlesim
[0.378s] Level 1:colcon.colcon_core.environment:checking '/home/danivm/TR-Autonomy-0.5-Daniel-Ticau/install/turtlesim' for CMake module files
[0.379s] Level 1:colcon.colcon_core.environment:checking '/home/danivm/TR-Autonomy-0.5-Daniel-Ticau/install/turtlesim' for CMake config files
[0.379s] Level 1:colcon.colcon_core.shell:create_environment_hook('turtlesim', 'cmake_prefix_path')
[0.379s] INFO:colcon.colcon_core.shell:Creating environment hook '/home/danivm/TR-Autonomy-0.5-Daniel-Ticau/install/turtlesim/share/turtlesim/hook/cmake_prefix_path.ps1'
[0.379s] INFO:colcon.colcon_core.shell:Creating environment descriptor '/home/danivm/TR-Autonomy-0.5-Daniel-Ticau/install/turtlesim/share/turtlesim/hook/cmake_prefix_path.dsv'
[0.380s] INFO:colcon.colcon_core.shell:Creating environment hook '/home/danivm/TR-Autonomy-0.5-Daniel-Ticau/install/turtlesim/share/turtlesim/hook/cmake_prefix_path.sh'
[0.380s] Level 1:colcon.colcon_core.environment:checking '/home/danivm/TR-Autonomy-0.5-Daniel-Ticau/install/turtlesim/lib'
[0.380s] Level 1:colcon.colcon_core.shell:create_environment_hook('turtlesim', 'ld_library_path_lib')
[0.380s] INFO:colcon.colcon_core.shell:Creating environment hook '/home/danivm/TR-Autonomy-0.5-Daniel-Ticau/install/turtlesim/share/turtlesim/hook/ld_library_path_lib.ps1'
[0.380s] INFO:colcon.colcon_core.shell:Creating environment descriptor '/home/danivm/TR-Autonomy-0.5-Daniel-Ticau/install/turtlesim/share/turtlesim/hook/ld_library_path_lib.dsv'
[0.380s] INFO:colcon.colcon_core.shell:Creating environment hook '/home/danivm/TR-Autonomy-0.5-Daniel-Ticau/install/turtlesim/share/turtlesim/hook/ld_library_path_lib.sh'
[0.381s] Level 1:colcon.colcon_core.environment:checking '/home/danivm/TR-Autonomy-0.5-Daniel-Ticau/install/turtlesim/bin'
[0.381s] Level 1:colcon.colcon_core.environment:checking '/home/danivm/TR-Autonomy-0.5-Daniel-Ticau/install/turtlesim/lib/pkgconfig/turtlesim.pc'
[0.381s] Level 1:colcon.colcon_core.environment:checking '/home/danivm/TR-Autonomy-0.5-Daniel-Ticau/install/turtlesim/lib/python3.10/site-packages'
[0.381s] Level 1:colcon.colcon_core.environment:checking '/home/danivm/TR-Autonomy-0.5-Daniel-Ticau/install/turtlesim/bin'
[0.381s] INFO:colcon.colcon_core.shell:Creating package script '/home/danivm/TR-Autonomy-0.5-Daniel-Ticau/install/turtlesim/share/turtlesim/package.ps1'
[0.382s] INFO:colcon.colcon_core.shell:Creating package descriptor '/home/danivm/TR-Autonomy-0.5-Daniel-Ticau/install/turtlesim/share/turtlesim/package.dsv'
[0.382s] INFO:colcon.colcon_core.shell:Creating package script '/home/danivm/TR-Autonomy-0.5-Daniel-Ticau/install/turtlesim/share/turtlesim/package.sh'
[0.382s] INFO:colcon.colcon_core.shell:Creating package script '/home/danivm/TR-Autonomy-0.5-Daniel-Ticau/install/turtlesim/share/turtlesim/package.bash'
[0.383s] INFO:colcon.colcon_core.shell:Creating package script '/home/danivm/TR-Autonomy-0.5-Daniel-Ticau/install/turtlesim/share/turtlesim/package.zsh'
[0.383s] Level 1:colcon.colcon_core.environment:create_file_with_runtime_dependencies(/home/danivm/TR-Autonomy-0.5-Daniel-Ticau/install/turtlesim/share/colcon-core/packages/turtlesim)
[0.383s] Level 1:colcon.colcon_core.environment:create_environment_scripts_only(turtlesim)
[0.383s] Level 1:colcon.colcon_core.environment:checking '/home/danivm/TR-Autonomy-0.5-Daniel-Ticau/install/turtlesim' for CMake module files
[0.383s] Level 1:colcon.colcon_core.environment:checking '/home/danivm/TR-Autonomy-0.5-Daniel-Ticau/install/turtlesim' for CMake config files
[0.384s] Level 1:colcon.colcon_core.shell:create_environment_hook('turtlesim', 'cmake_prefix_path')
[0.384s] INFO:colcon.colcon_core.shell:Creating environment hook '/home/danivm/TR-Autonomy-0.5-Daniel-Ticau/install/turtlesim/share/turtlesim/hook/cmake_prefix_path.ps1'
[0.384s] INFO:colcon.colcon_core.shell:Creating environment descriptor '/home/danivm/TR-Autonomy-0.5-Daniel-Ticau/install/turtlesim/share/turtlesim/hook/cmake_prefix_path.dsv'
[0.384s] INFO:colcon.colcon_core.shell:Creating environment hook '/home/danivm/TR-Autonomy-0.5-Daniel-Ticau/install/turtlesim/share/turtlesim/hook/cmake_prefix_path.sh'
[0.384s] Level 1:colcon.colcon_core.environment:checking '/home/danivm/TR-Autonomy-0.5-Daniel-Ticau/install/turtlesim/lib'
[0.384s] Level 1:colcon.colcon_core.shell:create_environment_hook('turtlesim', 'ld_library_path_lib')
[0.384s] INFO:colcon.colcon_core.shell:Creating environment hook '/home/danivm/TR-Autonomy-0.5-Daniel-Ticau/install/turtlesim/share/turtlesim/hook/ld_library_path_lib.ps1'
[0.385s] INFO:colcon.colcon_core.shell:Creating environment descriptor '/home/danivm/TR-Autonomy-0.5-Daniel-Ticau/install/turtlesim/share/turtlesim/hook/ld_library_path_lib.dsv'
[0.385s] INFO:colcon.colcon_core.shell:Creating environment hook '/home/danivm/TR-Autonomy-0.5-Daniel-Ticau/install/turtlesim/share/turtlesim/hook/ld_library_path_lib.sh'
[0.385s] Level 1:colcon.colcon_core.environment:checking '/home/danivm/TR-Autonomy-0.5-Daniel-Ticau/install/turtlesim/bin'
[0.385s] Level 1:colcon.colcon_core.environment:checking '/home/danivm/TR-Autonomy-0.5-Daniel-Ticau/install/turtlesim/lib/pkgconfig/turtlesim.pc'
[0.385s] Level 1:colcon.colcon_core.environment:checking '/home/danivm/TR-Autonomy-0.5-Daniel-Ticau/install/turtlesim/lib/python3.10/site-packages'
[0.385s] Level 1:colcon.colcon_core.environment:checking '/home/danivm/TR-Autonomy-0.5-Daniel-Ticau/install/turtlesim/bin'
[0.385s] INFO:colcon.colcon_core.shell:Creating package script '/home/danivm/TR-Autonomy-0.5-Daniel-Ticau/install/turtlesim/share/turtlesim/package.ps1'
[0.386s] INFO:colcon.colcon_core.shell:Creating package descriptor '/home/danivm/TR-Autonomy-0.5-Daniel-Ticau/install/turtlesim/share/turtlesim/package.dsv'
[0.386s] INFO:colcon.colcon_core.shell:Creating package script '/home/danivm/TR-Autonomy-0.5-Daniel-Ticau/install/turtlesim/share/turtlesim/package.sh'
[0.386s] INFO:colcon.colcon_core.shell:Creating package script '/home/danivm/TR-Autonomy-0.5-Daniel-Ticau/install/turtlesim/share/turtlesim/package.bash'
[0.386s] INFO:colcon.colcon_core.shell:Creating package script '/home/danivm/TR-Autonomy-0.5-Daniel-Ticau/install/turtlesim/share/turtlesim/package.zsh'
[0.386s] Level 1:colcon.colcon_core.environment:create_file_with_runtime_dependencies(/home/danivm/TR-Autonomy-0.5-Daniel-Ticau/install/turtlesim/share/colcon-core/packages/turtlesim)
[0.387s] DEBUG:colcon.colcon_parallel_executor.executor.parallel:closing loop
[0.387s] DEBUG:colcon.colcon_parallel_executor.executor.parallel:loop closed
[0.387s] DEBUG:colcon.colcon_parallel_executor.executor.parallel:run_until_complete finished with '0'
[0.387s] DEBUG:colcon.colcon_core.event_reactor:joining thread
[0.387s] DEBUG:colcon.colcon_core.event_reactor:joined thread
[0.387s] INFO:colcon.colcon_core.shell:Creating prefix script '/home/danivm/TR-Autonomy-0.5-Daniel-Ticau/install/local_setup.ps1'
[0.388s] INFO:colcon.colcon_core.shell:Creating prefix util module '/home/danivm/TR-Autonomy-0.5-Daniel-Ticau/install/_local_setup_util_ps1.py'
[0.388s] INFO:colcon.colcon_core.shell:Creating prefix chain script '/home/danivm/TR-Autonomy-0.5-Daniel-Ticau/install/setup.ps1'
[0.389s] INFO:colcon.colcon_core.shell:Creating prefix script '/home/danivm/TR-Autonomy-0.5-Daniel-Ticau/install/local_setup.sh'
[0.389s] INFO:colcon.colcon_core.shell:Creating prefix util module '/home/danivm/TR-Autonomy-0.5-Daniel-Ticau/install/_local_setup_util_sh.py'
[0.389s] INFO:colcon.colcon_core.shell:Creating prefix chain script '/home/danivm/TR-Autonomy-0.5-Daniel-Ticau/install/setup.sh'
[0.390s] INFO:colcon.colcon_core.shell:Creating prefix script '/home/danivm/TR-Autonomy-0.5-Daniel-Ticau/install/local_setup.bash'
[0.390s] INFO:colcon.colcon_core.shell:Creating prefix chain script '/home/danivm/TR-Autonomy-0.5-Daniel-Ticau/install/setup.bash'
[0.390s] INFO:colcon.colcon_core.shell:Creating prefix script '/home/danivm/TR-Autonomy-0.5-Daniel-Ticau/install/local_setup.zsh'
[0.390s] INFO:colcon.colcon_core.shell:Creating prefix chain script '/home/danivm/TR-Autonomy-0.5-Daniel-Ticau/install/setup.zsh'
