[0.006s] Invoking command in '/home/danivm/TR-Autonomy-0.5-Daniel-Ticau/build/turtlesim': CMAKE_PREFIX_PATH=/opt/ros/humble /usr/bin/cmake /home/danivm/TR-Autonomy-0.5-Daniel-Ticau/ros_tutorials/turtlesim -DCMAKE_INSTALL_PREFIX=/home/danivm/TR-Autonomy-0.5-Daniel-Ticau/install/turtlesim
[0.018s] -- Found ament_cmake: 1.3.14 (/opt/ros/humble/share/ament_cmake/cmake)
[0.081s] -- Override CMake install command with custom implementation using symlinks instead of copying resources
[0.096s] -- Found ament_index_cpp: 1.4.1 (/opt/ros/humble/share/ament_index_cpp/cmake)
[0.097s] -- Found geometry_msgs: 4.9.2 (/opt/ros/humble/share/geometry_msgs/cmake)
[0.117s] -- Found rosidl_generator_c: 3.1.9 (/opt/ros/humble/share/rosidl_generator_c/cmake)
[0.120s] -- Found rosidl_adapter: 3.1.9 (/opt/ros/humble/share/rosidl_adapter/cmake)
[0.125s] -- Found rosidl_generator_cpp: 3.1.9 (/opt/ros/humble/share/rosidl_generator_cpp/cmake)
[0.132s] -- Using all available rosidl_typesupport_c: rosidl_typesupport_fastrtps_c;rosidl_typesupport_introspection_c
[0.140s] -- Using all available rosidl_typesupport_cpp: rosidl_typesupport_fastrtps_cpp;rosidl_typesupport_introspection_cpp
[0.172s] -- Found rclcpp: 16.0.19 (/opt/ros/humble/share/rclcpp/cmake)
[0.191s] -- Found rmw_implementation_cmake: 6.1.3 (/opt/ros/humble/share/rmw_implementation_cmake/cmake)
[0.193s] -- Found rmw_fastrtps_cpp: 6.2.10 (/opt/ros/humble/share/rmw_fastrtps_cpp/cmake)
[0.244s] -- Using RMW implementation 'rmw_fastrtps_cpp' as default
[0.273s] -- Found rclcpp_action: 16.0.19 (/opt/ros/humble/share/rclcpp_action/cmake)
[0.296s] -- Found rosidl_default_generators: 1.2.1 (/opt/ros/humble/share/rosidl_default_generators/cmake)
[0.303s] -- Found std_srvs: 4.9.2 (/opt/ros/humble/share/std_srvs/cmake)
[0.431s] -- Found ament_cmake_ros: 0.10.0 (/opt/ros/humble/share/ament_cmake_ros/cmake)
[0.548s] -- Using all available rosidl_typesupport_c: rosidl_typesupport_fastrtps_c;rosidl_typesupport_introspection_c
[0.592s] -- Using all available rosidl_typesupport_cpp: rosidl_typesupport_fastrtps_cpp;rosidl_typesupport_introspection_cpp
[0.601s] -- Found python_cmake_module: 0.10.0 (/opt/ros/humble/share/python_cmake_module/cmake)
[0.610s] -- Using PYTHON_EXECUTABLE: /usr/bin/python3
[0.610s] -- Using PYTHON_INCLUDE_DIRS: /usr/include/python3.10
[0.610s] -- Using PYTHON_LIBRARIES: /usr/lib/aarch64-linux-gnu/libpython3.10.so
[0.654s] -- Configuring done
[0.705s] -- Generating done
[0.716s] -- Build files have been written to: /home/danivm/TR-Autonomy-0.5-Daniel-Ticau/build/turtlesim
[0.722s] Invoked command in '/home/danivm/TR-Autonomy-0.5-Daniel-Ticau/build/turtlesim' returned '0': CMAKE_PREFIX_PATH=/opt/ros/humble /usr/bin/cmake /home/danivm/TR-Autonomy-0.5-Daniel-Ticau/ros_tutorials/turtlesim -DCMAKE_INSTALL_PREFIX=/home/danivm/TR-Autonomy-0.5-Daniel-Ticau/install/turtlesim
[0.722s] Invoking command in '/home/danivm/TR-Autonomy-0.5-Daniel-Ticau/build/turtlesim': CMAKE_PREFIX_PATH=/opt/ros/humble /usr/bin/cmake --build /home/danivm/TR-Autonomy-0.5-Daniel-Ticau/build/turtlesim -- -j5 -l5
[0.740s] [35m[1mConsolidate compiler generated dependencies of target turtlesim__rosidl_generator_c[0m
[0.742s] [  1%] Built target turtlesim__rs
[0.742s] [  2%] Built target turtlesim__cpp
[0.743s] [  2%] Built target ament_cmake_python_symlink_turtlesim
[0.747s] [ 12%] Built target turtlesim__rosidl_generator_c
[0.748s] [35m[1mConsolidate compiler generated dependencies of target turtlesim__rosidl_typesupport_fastrtps_cpp[0m
[0.750s] [35m[1mConsolidate compiler generated dependencies of target turtlesim__rosidl_typesupport_cpp[0m
[0.753s] [35m[1mConsolidate compiler generated dependencies of target turtlesim__rosidl_typesupport_introspection_cpp[0m
[0.757s] [35m[1mConsolidate compiler generated dependencies of target turtlesim__rosidl_typesupport_fastrtps_c[0m
[0.760s] [ 22%] Built target turtlesim__rosidl_typesupport_introspection_cpp
[0.766s] [ 32%] Built target turtlesim__rosidl_typesupport_cpp
[0.768s] [ 42%] Built target turtlesim__rosidl_typesupport_fastrtps_c
[0.772s] [35m[1mConsolidate compiler generated dependencies of target turtlesim__rosidl_typesupport_c[0m
[0.774s] [35m[1mConsolidate compiler generated dependencies of target turtlesim_node[0m
[0.774s] [ 52%] Built target turtlesim__rosidl_typesupport_fastrtps_cpp
[0.777s] [35m[1mConsolidate compiler generated dependencies of target turtlesim__rosidl_typesupport_introspection_c[0m
[0.777s] [ 62%] Built target turtlesim__rosidl_typesupport_c
[0.781s] [35m[1mConsolidate compiler generated dependencies of target draw_square[0m
[0.783s] [ 72%] Built target turtlesim__rosidl_typesupport_introspection_c
[0.786s] [ 78%] Built target turtlesim_node
[0.787s] [35m[1mConsolidate compiler generated dependencies of target mimic[0m
[0.790s] [35m[1mConsolidate compiler generated dependencies of target turtle_teleop_key[0m
[0.794s] [ 80%] Built target mimic
[0.797s] [ 82%] Built target turtle_teleop_key
[0.797s] [ 84%] Built target draw_square
[0.804s] [ 84%] Built target turtlesim
[0.810s] [ 85%] Built target turtlesim__py
[0.815s] [35m[1mConsolidate compiler generated dependencies of target turtlesim__rosidl_generator_py[0m
[0.822s] [ 94%] Built target turtlesim__rosidl_generator_py
[0.825s] [35m[1mConsolidate compiler generated dependencies of target turtlesim__rosidl_typesupport_fastrtps_c__pyext[0m
[0.826s] [35m[1mConsolidate compiler generated dependencies of target turtlesim__rosidl_typesupport_c__pyext[0m
[0.827s] [35m[1mConsolidate compiler generated dependencies of target turtlesim__rosidl_typesupport_introspection_c__pyext[0m
[0.831s] [ 96%] Built target turtlesim__rosidl_typesupport_c__pyext
[0.831s] [ 98%] Built target turtlesim__rosidl_typesupport_fastrtps_c__pyext
[0.834s] running egg_info
[0.834s] writing turtlesim.egg-info/PKG-INFO
[0.834s] writing dependency_links to turtlesim.egg-info/dependency_links.txt
[0.835s] writing top-level names to turtlesim.egg-info/top_level.txt
[0.836s] [100%] Built target turtlesim__rosidl_typesupport_introspection_c__pyext
[0.836s] reading manifest file 'turtlesim.egg-info/SOURCES.txt'
[0.837s] writing manifest file 'turtlesim.egg-info/SOURCES.txt'
[0.847s] [100%] Built target ament_cmake_python_build_turtlesim_egg
[0.851s] Invoked command in '/home/danivm/TR-Autonomy-0.5-Daniel-Ticau/build/turtlesim' returned '0': CMAKE_PREFIX_PATH=/opt/ros/humble /usr/bin/cmake --build /home/danivm/TR-Autonomy-0.5-Daniel-Ticau/build/turtlesim -- -j5 -l5
[0.852s] Invoking command in '/home/danivm/TR-Autonomy-0.5-Daniel-Ticau/build/turtlesim': CMAKE_PREFIX_PATH=/opt/ros/humble /usr/bin/cmake --install /home/danivm/TR-Autonomy-0.5-Daniel-Ticau/build/turtlesim
[0.854s] -- Install configuration: ""
[0.855s] -- Execute custom install script
[0.855s] -- Up-to-date symlink: /home/danivm/TR-Autonomy-0.5-Daniel-Ticau/install/turtlesim/share/ament_index/resource_index/rosidl_interfaces/turtlesim
[0.856s] -- Up-to-date symlink: /home/danivm/TR-Autonomy-0.5-Daniel-Ticau/install/turtlesim/include/turtlesim/turtlesim/action/detail/rotate_absolute__functions.h
[0.856s] -- Up-to-date symlink: /home/danivm/TR-Autonomy-0.5-Daniel-Ticau/install/turtlesim/include/turtlesim/turtlesim/action/detail/rotate_absolute__struct.h
[0.856s] -- Up-to-date symlink: /home/danivm/TR-Autonomy-0.5-Daniel-Ticau/install/turtlesim/include/turtlesim/turtlesim/action/detail/rotate_absolute__type_support.h
[0.856s] -- Up-to-date symlink: /home/danivm/TR-Autonomy-0.5-Daniel-Ticau/install/turtlesim/include/turtlesim/turtlesim/action/rotate_absolute.h
[0.856s] -- Up-to-date symlink: /home/danivm/TR-Autonomy-0.5-Daniel-Ticau/install/turtlesim/include/turtlesim/turtlesim/msg/color.h
[0.856s] -- Up-to-date symlink: /home/danivm/TR-Autonomy-0.5-Daniel-Ticau/install/turtlesim/include/turtlesim/turtlesim/msg/detail/color__functions.h
[0.856s] -- Up-to-date symlink: /home/danivm/TR-Autonomy-0.5-Daniel-Ticau/install/turtlesim/include/turtlesim/turtlesim/msg/detail/color__struct.h
[0.856s] -- Up-to-date symlink: /home/danivm/TR-Autonomy-0.5-Daniel-Ticau/install/turtlesim/include/turtlesim/turtlesim/msg/detail/color__type_support.h
[0.856s] -- Up-to-date symlink: /home/danivm/TR-Autonomy-0.5-Daniel-Ticau/install/turtlesim/include/turtlesim/turtlesim/msg/detail/pose__functions.h
[0.856s] -- Up-to-date symlink: /home/danivm/TR-Autonomy-0.5-Daniel-Ticau/install/turtlesim/include/turtlesim/turtlesim/msg/detail/pose__struct.h
[0.856s] -- Up-to-date symlink: /home/danivm/TR-Autonomy-0.5-Daniel-Ticau/install/turtlesim/include/turtlesim/turtlesim/msg/detail/pose__type_support.h
[0.856s] -- Up-to-date symlink: /home/danivm/TR-Autonomy-0.5-Daniel-Ticau/install/turtlesim/include/turtlesim/turtlesim/msg/pose.h
[0.856s] -- Up-to-date symlink: /home/danivm/TR-Autonomy-0.5-Daniel-Ticau/install/turtlesim/include/turtlesim/turtlesim/msg/rosidl_generator_c__visibility_control.h
[0.856s] -- Up-to-date symlink: /home/danivm/TR-Autonomy-0.5-Daniel-Ticau/install/turtlesim/include/turtlesim/turtlesim/srv/detail/kill__functions.h
[0.856s] -- Up-to-date symlink: /home/danivm/TR-Autonomy-0.5-Daniel-Ticau/install/turtlesim/include/turtlesim/turtlesim/srv/detail/kill__struct.h
[0.856s] -- Up-to-date symlink: /home/danivm/TR-Autonomy-0.5-Daniel-Ticau/install/turtlesim/include/turtlesim/turtlesim/srv/detail/kill__type_support.h
[0.856s] -- Up-to-date symlink: /home/danivm/TR-Autonomy-0.5-Daniel-Ticau/install/turtlesim/include/turtlesim/turtlesim/srv/detail/set_pen__functions.h
[0.857s] -- Up-to-date symlink: /home/danivm/TR-Autonomy-0.5-Daniel-Ticau/install/turtlesim/include/turtlesim/turtlesim/srv/detail/set_pen__struct.h
[0.857s] -- Up-to-date symlink: /home/danivm/TR-Autonomy-0.5-Daniel-Ticau/install/turtlesim/include/turtlesim/turtlesim/srv/detail/set_pen__type_support.h
[0.857s] -- Up-to-date symlink: /home/danivm/TR-Autonomy-0.5-Daniel-Ticau/install/turtlesim/include/turtlesim/turtlesim/srv/detail/spawn__functions.h
[0.857s] -- Up-to-date symlink: /home/danivm/TR-Autonomy-0.5-Daniel-Ticau/install/turtlesim/include/turtlesim/turtlesim/srv/detail/spawn__struct.h
[0.857s] -- Up-to-date symlink: /home/danivm/TR-Autonomy-0.5-Daniel-Ticau/install/turtlesim/include/turtlesim/turtlesim/srv/detail/spawn__type_support.h
[0.857s] -- Up-to-date symlink: /home/danivm/TR-Autonomy-0.5-Daniel-Ticau/install/turtlesim/include/turtlesim/turtlesim/srv/detail/teleport_absolute__functions.h
[0.857s] -- Up-to-date symlink: /home/danivm/TR-Autonomy-0.5-Daniel-Ticau/install/turtlesim/include/turtlesim/turtlesim/srv/detail/teleport_absolute__struct.h
[0.857s] -- Up-to-date symlink: /home/danivm/TR-Autonomy-0.5-Daniel-Ticau/install/turtlesim/include/turtlesim/turtlesim/srv/detail/teleport_absolute__type_support.h
[0.857s] -- Up-to-date symlink: /home/danivm/TR-Autonomy-0.5-Daniel-Ticau/install/turtlesim/include/turtlesim/turtlesim/srv/detail/teleport_relative__functions.h
[0.857s] -- Up-to-date symlink: /home/danivm/TR-Autonomy-0.5-Daniel-Ticau/install/turtlesim/include/turtlesim/turtlesim/srv/detail/teleport_relative__struct.h
[0.857s] -- Up-to-date symlink: /home/danivm/TR-Autonomy-0.5-Daniel-Ticau/install/turtlesim/include/turtlesim/turtlesim/srv/detail/teleport_relative__type_support.h
[0.857s] -- Up-to-date symlink: /home/danivm/TR-Autonomy-0.5-Daniel-Ticau/install/turtlesim/include/turtlesim/turtlesim/srv/kill.h
[0.857s] -- Up-to-date symlink: /home/danivm/TR-Autonomy-0.5-Daniel-Ticau/install/turtlesim/include/turtlesim/turtlesim/srv/set_pen.h
[0.857s] -- Up-to-date symlink: /home/danivm/TR-Autonomy-0.5-Daniel-Ticau/install/turtlesim/include/turtlesim/turtlesim/srv/spawn.h
[0.857s] -- Up-to-date symlink: /home/danivm/TR-Autonomy-0.5-Daniel-Ticau/install/turtlesim/include/turtlesim/turtlesim/srv/teleport_absolute.h
[0.857s] -- Up-to-date symlink: /home/danivm/TR-Autonomy-0.5-Daniel-Ticau/install/turtlesim/include/turtlesim/turtlesim/srv/teleport_relative.h
[0.857s] -- Up-to-date symlink: /home/danivm/TR-Autonomy-0.5-Daniel-Ticau/install/turtlesim/share/turtlesim/environment/library_path.sh
[0.857s] -- Up-to-date symlink: /home/danivm/TR-Autonomy-0.5-Daniel-Ticau/install/turtlesim/share/turtlesim/environment/library_path.dsv
[0.858s] -- Up-to-date symlink: /home/danivm/TR-Autonomy-0.5-Daniel-Ticau/install/turtlesim/include/turtlesim/turtlesim/action/detail/rotate_absolute__rosidl_typesupport_fastrtps_c.h
[0.858s] -- Up-to-date symlink: /home/danivm/TR-Autonomy-0.5-Daniel-Ticau/install/turtlesim/include/turtlesim/turtlesim/msg/detail/color__rosidl_typesupport_fastrtps_c.h
[0.858s] -- Up-to-date symlink: /home/danivm/TR-Autonomy-0.5-Daniel-Ticau/install/turtlesim/include/turtlesim/turtlesim/msg/detail/pose__rosidl_typesupport_fastrtps_c.h
[0.858s] -- Up-to-date symlink: /home/danivm/TR-Autonomy-0.5-Daniel-Ticau/install/turtlesim/include/turtlesim/turtlesim/msg/rosidl_typesupport_fastrtps_c__visibility_control.h
[0.858s] -- Up-to-date symlink: /home/danivm/TR-Autonomy-0.5-Daniel-Ticau/install/turtlesim/include/turtlesim/turtlesim/srv/detail/kill__rosidl_typesupport_fastrtps_c.h
[0.858s] -- Up-to-date symlink: /home/danivm/TR-Autonomy-0.5-Daniel-Ticau/install/turtlesim/include/turtlesim/turtlesim/srv/detail/set_pen__rosidl_typesupport_fastrtps_c.h
[0.858s] -- Up-to-date symlink: /home/danivm/TR-Autonomy-0.5-Daniel-Ticau/install/turtlesim/include/turtlesim/turtlesim/srv/detail/spawn__rosidl_typesupport_fastrtps_c.h
[0.858s] -- Up-to-date symlink: /home/danivm/TR-Autonomy-0.5-Daniel-Ticau/install/turtlesim/include/turtlesim/turtlesim/srv/detail/teleport_absolute__rosidl_typesupport_fastrtps_c.h
[0.858s] -- Up-to-date symlink: /home/danivm/TR-Autonomy-0.5-Daniel-Ticau/install/turtlesim/include/turtlesim/turtlesim/srv/detail/teleport_relative__rosidl_typesupport_fastrtps_c.h
[0.858s] -- Up-to-date symlink: /home/danivm/TR-Autonomy-0.5-Daniel-Ticau/install/turtlesim/include/turtlesim/turtlesim/action/detail/rotate_absolute__builder.hpp
[0.858s] -- Up-to-date symlink: /home/danivm/TR-Autonomy-0.5-Daniel-Ticau/install/turtlesim/include/turtlesim/turtlesim/action/detail/rotate_absolute__struct.hpp
[0.859s] -- Up-to-date symlink: /home/danivm/TR-Autonomy-0.5-Daniel-Ticau/install/turtlesim/include/turtlesim/turtlesim/action/detail/rotate_absolute__traits.hpp
[0.859s] -- Up-to-date symlink: /home/danivm/TR-Autonomy-0.5-Daniel-Ticau/install/turtlesim/include/turtlesim/turtlesim/action/detail/rotate_absolute__type_support.hpp
[0.859s] -- Up-to-date symlink: /home/danivm/TR-Autonomy-0.5-Daniel-Ticau/install/turtlesim/include/turtlesim/turtlesim/action/rotate_absolute.hpp
[0.859s] -- Up-to-date symlink: /home/danivm/TR-Autonomy-0.5-Daniel-Ticau/install/turtlesim/include/turtlesim/turtlesim/msg/color.hpp
[0.859s] -- Up-to-date symlink: /home/danivm/TR-Autonomy-0.5-Daniel-Ticau/install/turtlesim/include/turtlesim/turtlesim/msg/detail/color__builder.hpp
[0.859s] -- Up-to-date symlink: /home/danivm/TR-Autonomy-0.5-Daniel-Ticau/install/turtlesim/include/turtlesim/turtlesim/msg/detail/color__struct.hpp
[0.859s] -- Up-to-date symlink: /home/danivm/TR-Autonomy-0.5-Daniel-Ticau/install/turtlesim/include/turtlesim/turtlesim/msg/detail/color__traits.hpp
[0.859s] -- Up-to-date symlink: /home/danivm/TR-Autonomy-0.5-Daniel-Ticau/install/turtlesim/include/turtlesim/turtlesim/msg/detail/color__type_support.hpp
[0.859s] -- Up-to-date symlink: /home/danivm/TR-Autonomy-0.5-Daniel-Ticau/install/turtlesim/include/turtlesim/turtlesim/msg/detail/pose__builder.hpp
[0.859s] -- Up-to-date symlink: /home/danivm/TR-Autonomy-0.5-Daniel-Ticau/install/turtlesim/include/turtlesim/turtlesim/msg/detail/pose__struct.hpp
[0.859s] -- Up-to-date symlink: /home/danivm/TR-Autonomy-0.5-Daniel-Ticau/install/turtlesim/include/turtlesim/turtlesim/msg/detail/pose__traits.hpp
[0.859s] -- Up-to-date symlink: /home/danivm/TR-Autonomy-0.5-Daniel-Ticau/install/turtlesim/include/turtlesim/turtlesim/msg/detail/pose__type_support.hpp
[0.859s] -- Up-to-date symlink: /home/danivm/TR-Autonomy-0.5-Daniel-Ticau/install/turtlesim/include/turtlesim/turtlesim/msg/pose.hpp
[0.859s] -- Up-to-date symlink: /home/danivm/TR-Autonomy-0.5-Daniel-Ticau/install/turtlesim/include/turtlesim/turtlesim/msg/rosidl_generator_cpp__visibility_control.hpp
[0.860s] -- Up-to-date symlink: /home/danivm/TR-Autonomy-0.5-Daniel-Ticau/install/turtlesim/include/turtlesim/turtlesim/srv/detail/kill__builder.hpp
[0.860s] -- Up-to-date symlink: /home/danivm/TR-Autonomy-0.5-Daniel-Ticau/install/turtlesim/include/turtlesim/turtlesim/srv/detail/kill__struct.hpp
[0.860s] -- Up-to-date symlink: /home/danivm/TR-Autonomy-0.5-Daniel-Ticau/install/turtlesim/include/turtlesim/turtlesim/srv/detail/kill__traits.hpp
[0.860s] -- Up-to-date symlink: /home/danivm/TR-Autonomy-0.5-Daniel-Ticau/install/turtlesim/include/turtlesim/turtlesim/srv/detail/kill__type_support.hpp
[0.860s] -- Up-to-date symlink: /home/danivm/TR-Autonomy-0.5-Daniel-Ticau/install/turtlesim/include/turtlesim/turtlesim/srv/detail/set_pen__builder.hpp
[0.860s] -- Up-to-date symlink: /home/danivm/TR-Autonomy-0.5-Daniel-Ticau/install/turtlesim/include/turtlesim/turtlesim/srv/detail/set_pen__struct.hpp
[0.860s] -- Up-to-date symlink: /home/danivm/TR-Autonomy-0.5-Daniel-Ticau/install/turtlesim/include/turtlesim/turtlesim/srv/detail/set_pen__traits.hpp
[0.860s] -- Up-to-date symlink: /home/danivm/TR-Autonomy-0.5-Daniel-Ticau/install/turtlesim/include/turtlesim/turtlesim/srv/detail/set_pen__type_support.hpp
[0.860s] -- Up-to-date symlink: /home/danivm/TR-Autonomy-0.5-Daniel-Ticau/install/turtlesim/include/turtlesim/turtlesim/srv/detail/spawn__builder.hpp
[0.860s] -- Up-to-date symlink: /home/danivm/TR-Autonomy-0.5-Daniel-Ticau/install/turtlesim/include/turtlesim/turtlesim/srv/detail/spawn__struct.hpp
[0.860s] -- Up-to-date symlink: /home/danivm/TR-Autonomy-0.5-Daniel-Ticau/install/turtlesim/include/turtlesim/turtlesim/srv/detail/spawn__traits.hpp
[0.860s] -- Up-to-date symlink: /home/danivm/TR-Autonomy-0.5-Daniel-Ticau/install/turtlesim/include/turtlesim/turtlesim/srv/detail/spawn__type_support.hpp
[0.860s] -- Up-to-date symlink: /home/danivm/TR-Autonomy-0.5-Daniel-Ticau/install/turtlesim/include/turtlesim/turtlesim/srv/detail/teleport_absolute__builder.hpp
[0.860s] -- Up-to-date symlink: /home/danivm/TR-Autonomy-0.5-Daniel-Ticau/install/turtlesim/include/turtlesim/turtlesim/srv/detail/teleport_absolute__struct.hpp
[0.860s] -- Up-to-date symlink: /home/danivm/TR-Autonomy-0.5-Daniel-Ticau/install/turtlesim/include/turtlesim/turtlesim/srv/detail/teleport_absolute__traits.hpp
[0.860s] -- Up-to-date symlink: /home/danivm/TR-Autonomy-0.5-Daniel-Ticau/install/turtlesim/include/turtlesim/turtlesim/srv/detail/teleport_absolute__type_support.hpp
[0.860s] -- Up-to-date symlink: /home/danivm/TR-Autonomy-0.5-Daniel-Ticau/install/turtlesim/include/turtlesim/turtlesim/srv/detail/teleport_relative__builder.hpp
[0.860s] -- Up-to-date symlink: /home/danivm/TR-Autonomy-0.5-Daniel-Ticau/install/turtlesim/include/turtlesim/turtlesim/srv/detail/teleport_relative__struct.hpp
[0.860s] -- Up-to-date symlink: /home/danivm/TR-Autonomy-0.5-Daniel-Ticau/install/turtlesim/include/turtlesim/turtlesim/srv/detail/teleport_relative__traits.hpp
[0.860s] -- Up-to-date symlink: /home/danivm/TR-Autonomy-0.5-Daniel-Ticau/install/turtlesim/include/turtlesim/turtlesim/srv/detail/teleport_relative__type_support.hpp
[0.860s] -- Up-to-date symlink: /home/danivm/TR-Autonomy-0.5-Daniel-Ticau/install/turtlesim/include/turtlesim/turtlesim/srv/kill.hpp
[0.861s] -- Up-to-date symlink: /home/danivm/TR-Autonomy-0.5-Daniel-Ticau/install/turtlesim/include/turtlesim/turtlesim/srv/set_pen.hpp
[0.861s] -- Up-to-date symlink: /home/danivm/TR-Autonomy-0.5-Daniel-Ticau/install/turtlesim/include/turtlesim/turtlesim/srv/spawn.hpp
[0.861s] -- Up-to-date symlink: /home/danivm/TR-Autonomy-0.5-Daniel-Ticau/install/turtlesim/include/turtlesim/turtlesim/srv/teleport_absolute.hpp
[0.861s] -- Up-to-date symlink: /home/danivm/TR-Autonomy-0.5-Daniel-Ticau/install/turtlesim/include/turtlesim/turtlesim/srv/teleport_relative.hpp
[0.861s] -- Up-to-date symlink: /home/danivm/TR-Autonomy-0.5-Daniel-Ticau/install/turtlesim/include/turtlesim/turtlesim/action/detail/rotate_absolute__rosidl_typesupport_fastrtps_cpp.hpp
[0.861s] -- Up-to-date symlink: /home/danivm/TR-Autonomy-0.5-Daniel-Ticau/install/turtlesim/include/turtlesim/turtlesim/msg/detail/color__rosidl_typesupport_fastrtps_cpp.hpp
[0.861s] -- Up-to-date symlink: /home/danivm/TR-Autonomy-0.5-Daniel-Ticau/install/turtlesim/include/turtlesim/turtlesim/msg/detail/pose__rosidl_typesupport_fastrtps_cpp.hpp
[0.861s] -- Up-to-date symlink: /home/danivm/TR-Autonomy-0.5-Daniel-Ticau/install/turtlesim/include/turtlesim/turtlesim/msg/rosidl_typesupport_fastrtps_cpp__visibility_control.h
[0.861s] -- Up-to-date symlink: /home/danivm/TR-Autonomy-0.5-Daniel-Ticau/install/turtlesim/include/turtlesim/turtlesim/srv/detail/kill__rosidl_typesupport_fastrtps_cpp.hpp
[0.861s] -- Up-to-date symlink: /home/danivm/TR-Autonomy-0.5-Daniel-Ticau/install/turtlesim/include/turtlesim/turtlesim/srv/detail/set_pen__rosidl_typesupport_fastrtps_cpp.hpp
[0.861s] -- Up-to-date symlink: /home/danivm/TR-Autonomy-0.5-Daniel-Ticau/install/turtlesim/include/turtlesim/turtlesim/srv/detail/spawn__rosidl_typesupport_fastrtps_cpp.hpp
[0.861s] -- Up-to-date symlink: /home/danivm/TR-Autonomy-0.5-Daniel-Ticau/install/turtlesim/include/turtlesim/turtlesim/srv/detail/teleport_absolute__rosidl_typesupport_fastrtps_cpp.hpp
[0.861s] -- Up-to-date symlink: /home/danivm/TR-Autonomy-0.5-Daniel-Ticau/install/turtlesim/include/turtlesim/turtlesim/srv/detail/teleport_relative__rosidl_typesupport_fastrtps_cpp.hpp
[0.861s] -- Up-to-date symlink: /home/danivm/TR-Autonomy-0.5-Daniel-Ticau/install/turtlesim/include/turtlesim/turtlesim/action/detail/rotate_absolute__rosidl_typesupport_introspection_c.h
[0.861s] -- Up-to-date symlink: /home/danivm/TR-Autonomy-0.5-Daniel-Ticau/install/turtlesim/include/turtlesim/turtlesim/msg/detail/color__rosidl_typesupport_introspection_c.h
[0.862s] -- Up-to-date symlink: /home/danivm/TR-Autonomy-0.5-Daniel-Ticau/install/turtlesim/include/turtlesim/turtlesim/msg/detail/pose__rosidl_typesupport_introspection_c.h
[0.862s] -- Up-to-date symlink: /home/danivm/TR-Autonomy-0.5-Daniel-Ticau/install/turtlesim/include/turtlesim/turtlesim/msg/rosidl_typesupport_introspection_c__visibility_control.h
[0.862s] -- Up-to-date symlink: /home/danivm/TR-Autonomy-0.5-Daniel-Ticau/install/turtlesim/include/turtlesim/turtlesim/srv/detail/kill__rosidl_typesupport_introspection_c.h
[0.862s] -- Up-to-date symlink: /home/danivm/TR-Autonomy-0.5-Daniel-Ticau/install/turtlesim/include/turtlesim/turtlesim/srv/detail/set_pen__rosidl_typesupport_introspection_c.h
[0.862s] -- Up-to-date symlink: /home/danivm/TR-Autonomy-0.5-Daniel-Ticau/install/turtlesim/include/turtlesim/turtlesim/srv/detail/spawn__rosidl_typesupport_introspection_c.h
[0.862s] -- Up-to-date symlink: /home/danivm/TR-Autonomy-0.5-Daniel-Ticau/install/turtlesim/include/turtlesim/turtlesim/srv/detail/teleport_absolute__rosidl_typesupport_introspection_c.h
[0.862s] -- Up-to-date symlink: /home/danivm/TR-Autonomy-0.5-Daniel-Ticau/install/turtlesim/include/turtlesim/turtlesim/srv/detail/teleport_relative__rosidl_typesupport_introspection_c.h
[0.862s] -- Up-to-date symlink: /home/danivm/TR-Autonomy-0.5-Daniel-Ticau/install/turtlesim/include/turtlesim/turtlesim/action/detail/rotate_absolute__rosidl_typesupport_introspection_cpp.hpp
[0.862s] -- Up-to-date symlink: /home/danivm/TR-Autonomy-0.5-Daniel-Ticau/install/turtlesim/include/turtlesim/turtlesim/msg/detail/color__rosidl_typesupport_introspection_cpp.hpp
[0.862s] -- Up-to-date symlink: /home/danivm/TR-Autonomy-0.5-Daniel-Ticau/install/turtlesim/include/turtlesim/turtlesim/msg/detail/pose__rosidl_typesupport_introspection_cpp.hpp
[0.862s] -- Up-to-date symlink: /home/danivm/TR-Autonomy-0.5-Daniel-Ticau/install/turtlesim/include/turtlesim/turtlesim/srv/detail/kill__rosidl_typesupport_introspection_cpp.hpp
[0.862s] -- Up-to-date symlink: /home/danivm/TR-Autonomy-0.5-Daniel-Ticau/install/turtlesim/include/turtlesim/turtlesim/srv/detail/set_pen__rosidl_typesupport_introspection_cpp.hpp
[0.862s] -- Up-to-date symlink: /home/danivm/TR-Autonomy-0.5-Daniel-Ticau/install/turtlesim/include/turtlesim/turtlesim/srv/detail/spawn__rosidl_typesupport_introspection_cpp.hpp
[0.862s] -- Up-to-date symlink: /home/danivm/TR-Autonomy-0.5-Daniel-Ticau/install/turtlesim/include/turtlesim/turtlesim/srv/detail/teleport_absolute__rosidl_typesupport_introspection_cpp.hpp
[0.863s] -- Up-to-date symlink: /home/danivm/TR-Autonomy-0.5-Daniel-Ticau/install/turtlesim/include/turtlesim/turtlesim/srv/detail/teleport_relative__rosidl_typesupport_introspection_cpp.hpp
[0.863s] -- Up-to-date symlink: /home/danivm/TR-Autonomy-0.5-Daniel-Ticau/install/turtlesim/share/turtlesim/environment/pythonpath.sh
[0.863s] -- Up-to-date symlink: /home/danivm/TR-Autonomy-0.5-Daniel-Ticau/install/turtlesim/share/turtlesim/environment/pythonpath.dsv
[0.863s] -- Up-to-date symlink: /home/danivm/TR-Autonomy-0.5-Daniel-Ticau/install/turtlesim/local/lib/python3.10/dist-packages/turtlesim-1.4.3-py3.10.egg-info/PKG-INFO
[0.863s] -- Up-to-date symlink: /home/danivm/TR-Autonomy-0.5-Daniel-Ticau/install/turtlesim/local/lib/python3.10/dist-packages/turtlesim-1.4.3-py3.10.egg-info/SOURCES.txt
[0.863s] -- Up-to-date symlink: /home/danivm/TR-Autonomy-0.5-Daniel-Ticau/install/turtlesim/local/lib/python3.10/dist-packages/turtlesim-1.4.3-py3.10.egg-info/dependency_links.txt
[0.863s] -- Up-to-date symlink: /home/danivm/TR-Autonomy-0.5-Daniel-Ticau/install/turtlesim/local/lib/python3.10/dist-packages/turtlesim-1.4.3-py3.10.egg-info/top_level.txt
[0.863s] -- Up-to-date symlink: /home/danivm/TR-Autonomy-0.5-Daniel-Ticau/install/turtlesim/local/lib/python3.10/dist-packages/turtlesim/__init__.py
[0.863s] -- Up-to-date symlink: /home/danivm/TR-Autonomy-0.5-Daniel-Ticau/install/turtlesim/local/lib/python3.10/dist-packages/turtlesim/_turtlesim_s.ep.rosidl_typesupport_c.c
[0.863s] -- Up-to-date symlink: /home/danivm/TR-Autonomy-0.5-Daniel-Ticau/install/turtlesim/local/lib/python3.10/dist-packages/turtlesim/_turtlesim_s.ep.rosidl_typesupport_fastrtps_c.c
[0.863s] -- Up-to-date symlink: /home/danivm/TR-Autonomy-0.5-Daniel-Ticau/install/turtlesim/local/lib/python3.10/dist-packages/turtlesim/_turtlesim_s.ep.rosidl_typesupport_introspection_c.c
[0.863s] -- Up-to-date symlink: /home/danivm/TR-Autonomy-0.5-Daniel-Ticau/install/turtlesim/local/lib/python3.10/dist-packages/turtlesim/action/__init__.py
[0.863s] -- Up-to-date symlink: /home/danivm/TR-Autonomy-0.5-Daniel-Ticau/install/turtlesim/local/lib/python3.10/dist-packages/turtlesim/action/_rotate_absolute.py
[0.864s] -- Up-to-date symlink: /home/danivm/TR-Autonomy-0.5-Daniel-Ticau/install/turtlesim/local/lib/python3.10/dist-packages/turtlesim/action/_rotate_absolute_s.c
[0.864s] -- Up-to-date symlink: /home/danivm/TR-Autonomy-0.5-Daniel-Ticau/install/turtlesim/local/lib/python3.10/dist-packages/turtlesim/libturtlesim__rosidl_generator_py.so
[0.864s] -- Up-to-date symlink: /home/danivm/TR-Autonomy-0.5-Daniel-Ticau/install/turtlesim/local/lib/python3.10/dist-packages/turtlesim/msg/__init__.py
[0.864s] -- Up-to-date symlink: /home/danivm/TR-Autonomy-0.5-Daniel-Ticau/install/turtlesim/local/lib/python3.10/dist-packages/turtlesim/msg/_color.py
[0.864s] -- Up-to-date symlink: /home/danivm/TR-Autonomy-0.5-Daniel-Ticau/install/turtlesim/local/lib/python3.10/dist-packages/turtlesim/msg/_color_s.c
[0.864s] -- Up-to-date symlink: /home/danivm/TR-Autonomy-0.5-Daniel-Ticau/install/turtlesim/local/lib/python3.10/dist-packages/turtlesim/msg/_pose.py
[0.864s] -- Up-to-date symlink: /home/danivm/TR-Autonomy-0.5-Daniel-Ticau/install/turtlesim/local/lib/python3.10/dist-packages/turtlesim/msg/_pose_s.c
[0.864s] -- Up-to-date symlink: /home/danivm/TR-Autonomy-0.5-Daniel-Ticau/install/turtlesim/local/lib/python3.10/dist-packages/turtlesim/srv/__init__.py
[0.864s] -- Up-to-date symlink: /home/danivm/TR-Autonomy-0.5-Daniel-Ticau/install/turtlesim/local/lib/python3.10/dist-packages/turtlesim/srv/_kill.py
[0.864s] -- Up-to-date symlink: /home/danivm/TR-Autonomy-0.5-Daniel-Ticau/install/turtlesim/local/lib/python3.10/dist-packages/turtlesim/srv/_kill_s.c
[0.864s] -- Up-to-date symlink: /home/danivm/TR-Autonomy-0.5-Daniel-Ticau/install/turtlesim/local/lib/python3.10/dist-packages/turtlesim/srv/_set_pen.py
[0.864s] -- Up-to-date symlink: /home/danivm/TR-Autonomy-0.5-Daniel-Ticau/install/turtlesim/local/lib/python3.10/dist-packages/turtlesim/srv/_set_pen_s.c
[0.864s] -- Up-to-date symlink: /home/danivm/TR-Autonomy-0.5-Daniel-Ticau/install/turtlesim/local/lib/python3.10/dist-packages/turtlesim/srv/_spawn.py
[0.864s] -- Up-to-date symlink: /home/danivm/TR-Autonomy-0.5-Daniel-Ticau/install/turtlesim/local/lib/python3.10/dist-packages/turtlesim/srv/_spawn_s.c
[0.864s] -- Up-to-date symlink: /home/danivm/TR-Autonomy-0.5-Daniel-Ticau/install/turtlesim/local/lib/python3.10/dist-packages/turtlesim/srv/_teleport_absolute.py
[0.864s] -- Up-to-date symlink: /home/danivm/TR-Autonomy-0.5-Daniel-Ticau/install/turtlesim/local/lib/python3.10/dist-packages/turtlesim/srv/_teleport_absolute_s.c
[0.864s] -- Up-to-date symlink: /home/danivm/TR-Autonomy-0.5-Daniel-Ticau/install/turtlesim/local/lib/python3.10/dist-packages/turtlesim/srv/_teleport_relative.py
[0.864s] -- Up-to-date symlink: /home/danivm/TR-Autonomy-0.5-Daniel-Ticau/install/turtlesim/local/lib/python3.10/dist-packages/turtlesim/srv/_teleport_relative_s.c
[0.864s] -- Up-to-date symlink: /home/danivm/TR-Autonomy-0.5-Daniel-Ticau/install/turtlesim/local/lib/python3.10/dist-packages/turtlesim/turtlesim_s__rosidl_typesupport_c.cpython-310-aarch64-linux-gnu.so
[0.865s] -- Up-to-date symlink: /home/danivm/TR-Autonomy-0.5-Daniel-Ticau/install/turtlesim/local/lib/python3.10/dist-packages/turtlesim/turtlesim_s__rosidl_typesupport_fastrtps_c.cpython-310-aarch64-linux-gnu.so
[0.865s] -- Up-to-date symlink: /home/danivm/TR-Autonomy-0.5-Daniel-Ticau/install/turtlesim/local/lib/python3.10/dist-packages/turtlesim/turtlesim_s__rosidl_typesupport_introspection_c.cpython-310-aarch64-linux-gnu.so
[0.865s] -- Up-to-date symlink: /home/danivm/TR-Autonomy-0.5-Daniel-Ticau/install/turtlesim/local/lib/python3.10/dist-packages/turtlesim/turtlesim_s__rosidl_typesupport_fastrtps_c.cpython-310-aarch64-linux-gnu.so
[0.865s] -- Up-to-date symlink: /home/danivm/TR-Autonomy-0.5-Daniel-Ticau/install/turtlesim/local/lib/python3.10/dist-packages/turtlesim/turtlesim_s__rosidl_typesupport_introspection_c.cpython-310-aarch64-linux-gnu.so
[0.865s] -- Up-to-date symlink: /home/danivm/TR-Autonomy-0.5-Daniel-Ticau/install/turtlesim/local/lib/python3.10/dist-packages/turtlesim/turtlesim_s__rosidl_typesupport_c.cpython-310-aarch64-linux-gnu.so
[0.865s] -- Up-to-date symlink: /home/danivm/TR-Autonomy-0.5-Daniel-Ticau/install/turtlesim/share/ament_index/resource_index/rust_packages/turtlesim
[0.865s] -- Up-to-date symlink: /home/danivm/TR-Autonomy-0.5-Daniel-Ticau/install/turtlesim/share/turtlesim/rust/Cargo.toml
[0.865s] -- Up-to-date symlink: /home/danivm/TR-Autonomy-0.5-Daniel-Ticau/install/turtlesim/share/turtlesim/rust/build.rs
[0.865s] -- Up-to-date symlink: /home/danivm/TR-Autonomy-0.5-Daniel-Ticau/install/turtlesim/share/turtlesim/rust/src/action.rs
[0.865s] -- Up-to-date symlink: /home/danivm/TR-Autonomy-0.5-Daniel-Ticau/install/turtlesim/share/turtlesim/rust/src/action/rmw.rs
[0.865s] -- Up-to-date symlink: /home/danivm/TR-Autonomy-0.5-Daniel-Ticau/install/turtlesim/share/turtlesim/rust/src/lib.rs
[0.865s] -- Up-to-date symlink: /home/danivm/TR-Autonomy-0.5-Daniel-Ticau/install/turtlesim/share/turtlesim/rust/src/msg.rs
[0.865s] -- Up-to-date symlink: /home/danivm/TR-Autonomy-0.5-Daniel-Ticau/install/turtlesim/share/turtlesim/rust/src/msg/rmw.rs
[0.865s] -- Up-to-date symlink: /home/danivm/TR-Autonomy-0.5-Daniel-Ticau/install/turtlesim/share/turtlesim/rust/src/srv.rs
[0.865s] -- Up-to-date symlink: /home/danivm/TR-Autonomy-0.5-Daniel-Ticau/install/turtlesim/share/turtlesim/rust/src/srv/rmw.rs
[0.865s] -- Up-to-date symlink: /home/danivm/TR-Autonomy-0.5-Daniel-Ticau/install/turtlesim/share/turtlesim/action/RotateAbsolute.idl
[0.865s] -- Up-to-date symlink: /home/danivm/TR-Autonomy-0.5-Daniel-Ticau/install/turtlesim/share/turtlesim/msg/Color.idl
[0.865s] -- Up-to-date symlink: /home/danivm/TR-Autonomy-0.5-Daniel-Ticau/install/turtlesim/share/turtlesim/msg/Pose.idl
[0.865s] -- Up-to-date symlink: /home/danivm/TR-Autonomy-0.5-Daniel-Ticau/install/turtlesim/share/turtlesim/srv/Kill.idl
[0.865s] -- Up-to-date symlink: /home/danivm/TR-Autonomy-0.5-Daniel-Ticau/install/turtlesim/share/turtlesim/srv/SetPen.idl
[0.866s] -- Up-to-date symlink: /home/danivm/TR-Autonomy-0.5-Daniel-Ticau/install/turtlesim/share/turtlesim/srv/Spawn.idl
[0.866s] -- Up-to-date symlink: /home/danivm/TR-Autonomy-0.5-Daniel-Ticau/install/turtlesim/share/turtlesim/srv/TeleportAbsolute.idl
[0.866s] -- Up-to-date symlink: /home/danivm/TR-Autonomy-0.5-Daniel-Ticau/install/turtlesim/share/turtlesim/srv/TeleportRelative.idl
[0.866s] -- Up-to-date symlink: /home/danivm/TR-Autonomy-0.5-Daniel-Ticau/install/turtlesim/share/turtlesim/action/RotateAbsolute.action
[0.866s] -- Up-to-date symlink: /home/danivm/TR-Autonomy-0.5-Daniel-Ticau/install/turtlesim/share/turtlesim/msg/Color.msg
[0.866s] -- Up-to-date symlink: /home/danivm/TR-Autonomy-0.5-Daniel-Ticau/install/turtlesim/share/turtlesim/msg/Pose.msg
[0.866s] -- Up-to-date symlink: /home/danivm/TR-Autonomy-0.5-Daniel-Ticau/install/turtlesim/share/turtlesim/srv/Kill.srv
[0.866s] -- Up-to-date symlink: /home/danivm/TR-Autonomy-0.5-Daniel-Ticau/install/turtlesim/share/turtlesim/srv/Kill_Request.msg
[0.866s] -- Up-to-date symlink: /home/danivm/TR-Autonomy-0.5-Daniel-Ticau/install/turtlesim/share/turtlesim/srv/Kill_Response.msg
[0.866s] -- Up-to-date symlink: /home/danivm/TR-Autonomy-0.5-Daniel-Ticau/install/turtlesim/share/turtlesim/srv/SetPen.srv
[0.866s] -- Up-to-date symlink: /home/danivm/TR-Autonomy-0.5-Daniel-Ticau/install/turtlesim/share/turtlesim/srv/SetPen_Request.msg
[0.866s] -- Up-to-date symlink: /home/danivm/TR-Autonomy-0.5-Daniel-Ticau/install/turtlesim/share/turtlesim/srv/SetPen_Response.msg
[0.866s] -- Up-to-date symlink: /home/danivm/TR-Autonomy-0.5-Daniel-Ticau/install/turtlesim/share/turtlesim/srv/Spawn.srv
[0.866s] -- Up-to-date symlink: /home/danivm/TR-Autonomy-0.5-Daniel-Ticau/install/turtlesim/share/turtlesim/srv/Spawn_Request.msg
[0.866s] -- Up-to-date symlink: /home/danivm/TR-Autonomy-0.5-Daniel-Ticau/install/turtlesim/share/turtlesim/srv/Spawn_Response.msg
[0.867s] -- Up-to-date symlink: /home/danivm/TR-Autonomy-0.5-Daniel-Ticau/install/turtlesim/share/turtlesim/srv/TeleportAbsolute.srv
[0.867s] -- Up-to-date symlink: /home/danivm/TR-Autonomy-0.5-Daniel-Ticau/install/turtlesim/share/turtlesim/srv/TeleportAbsolute_Request.msg
[0.867s] -- Up-to-date symlink: /home/danivm/TR-Autonomy-0.5-Daniel-Ticau/install/turtlesim/share/turtlesim/srv/TeleportAbsolute_Response.msg
[0.867s] -- Up-to-date symlink: /home/danivm/TR-Autonomy-0.5-Daniel-Ticau/install/turtlesim/share/turtlesim/srv/TeleportRelative.srv
[0.867s] -- Up-to-date symlink: /home/danivm/TR-Autonomy-0.5-Daniel-Ticau/install/turtlesim/share/turtlesim/srv/TeleportRelative_Request.msg
[0.867s] -- Up-to-date symlink: /home/danivm/TR-Autonomy-0.5-Daniel-Ticau/install/turtlesim/share/turtlesim/srv/TeleportRelative_Response.msg
[0.867s] -- Up-to-date symlink: /home/danivm/TR-Autonomy-0.5-Daniel-Ticau/install/turtlesim/lib/turtlesim/turtlesim_node
[0.867s] -- Up-to-date symlink: /home/danivm/TR-Autonomy-0.5-Daniel-Ticau/install/turtlesim/lib/turtlesim/turtle_teleop_key
[0.867s] -- Up-to-date symlink: /home/danivm/TR-Autonomy-0.5-Daniel-Ticau/install/turtlesim/lib/turtlesim/draw_square
[0.867s] -- Up-to-date symlink: /home/danivm/TR-Autonomy-0.5-Daniel-Ticau/install/turtlesim/lib/turtlesim/mimic
[0.867s] -- Up-to-date symlink: /home/danivm/TR-Autonomy-0.5-Daniel-Ticau/install/turtlesim/share/turtlesim/launch/multisim.launch.py
[0.867s] -- Up-to-date symlink: /home/danivm/TR-Autonomy-0.5-Daniel-Ticau/install/turtlesim/share/ament_index/resource_index/package_run_dependencies/turtlesim
[0.867s] -- Up-to-date symlink: /home/danivm/TR-Autonomy-0.5-Daniel-Ticau/install/turtlesim/share/ament_index/resource_index/parent_prefix_path/turtlesim
[0.868s] -- Up-to-date symlink: /home/danivm/TR-Autonomy-0.5-Daniel-Ticau/install/turtlesim/share/turtlesim/environment/ament_prefix_path.sh
[0.868s] -- Up-to-date symlink: /home/danivm/TR-Autonomy-0.5-Daniel-Ticau/install/turtlesim/share/turtlesim/environment/ament_prefix_path.dsv
[0.868s] -- Up-to-date symlink: /home/danivm/TR-Autonomy-0.5-Daniel-Ticau/install/turtlesim/share/turtlesim/environment/path.sh
[0.868s] -- Up-to-date symlink: /home/danivm/TR-Autonomy-0.5-Daniel-Ticau/install/turtlesim/share/turtlesim/environment/path.dsv
[0.868s] -- Up-to-date symlink: /home/danivm/TR-Autonomy-0.5-Daniel-Ticau/install/turtlesim/share/turtlesim/local_setup.bash
[0.868s] -- Up-to-date symlink: /home/danivm/TR-Autonomy-0.5-Daniel-Ticau/install/turtlesim/share/turtlesim/local_setup.sh
[0.868s] -- Up-to-date symlink: /home/danivm/TR-Autonomy-0.5-Daniel-Ticau/install/turtlesim/share/turtlesim/local_setup.zsh
[0.868s] -- Up-to-date symlink: /home/danivm/TR-Autonomy-0.5-Daniel-Ticau/install/turtlesim/share/turtlesim/local_setup.dsv
[0.868s] -- Symlinking: /home/danivm/TR-Autonomy-0.5-Daniel-Ticau/install/turtlesim/share/turtlesim/package.dsv
[0.871s] -- Up-to-date symlink: /home/danivm/TR-Autonomy-0.5-Daniel-Ticau/install/turtlesim/share/ament_index/resource_index/packages/turtlesim
[0.871s] -- Up-to-date symlink: /home/danivm/TR-Autonomy-0.5-Daniel-Ticau/install/turtlesim/share/turtlesim/cmake/rosidl_cmake-extras.cmake
[0.871s] -- Up-to-date symlink: /home/danivm/TR-Autonomy-0.5-Daniel-Ticau/install/turtlesim/share/turtlesim/cmake/ament_cmake_export_dependencies-extras.cmake
[0.871s] -- Up-to-date symlink: /home/danivm/TR-Autonomy-0.5-Daniel-Ticau/install/turtlesim/share/turtlesim/cmake/ament_cmake_export_include_directories-extras.cmake
[0.871s] -- Up-to-date symlink: /home/danivm/TR-Autonomy-0.5-Daniel-Ticau/install/turtlesim/share/turtlesim/cmake/ament_cmake_export_libraries-extras.cmake
[0.871s] -- Up-to-date symlink: /home/danivm/TR-Autonomy-0.5-Daniel-Ticau/install/turtlesim/share/turtlesim/cmake/ament_cmake_export_targets-extras.cmake
[0.871s] -- Up-to-date symlink: /home/danivm/TR-Autonomy-0.5-Daniel-Ticau/install/turtlesim/share/turtlesim/cmake/rosidl_cmake_export_typesupport_targets-extras.cmake
[0.871s] -- Up-to-date symlink: /home/danivm/TR-Autonomy-0.5-Daniel-Ticau/install/turtlesim/share/turtlesim/cmake/rosidl_cmake_export_typesupport_libraries-extras.cmake
[0.871s] -- Up-to-date symlink: /home/danivm/TR-Autonomy-0.5-Daniel-Ticau/install/turtlesim/share/turtlesim/cmake/rosidl_cmake_aggregate_target-extras.cmake
[0.871s] -- Up-to-date symlink: /home/danivm/TR-Autonomy-0.5-Daniel-Ticau/install/turtlesim/share/turtlesim/cmake/turtlesimConfig.cmake
[0.871s] -- Up-to-date symlink: /home/danivm/TR-Autonomy-0.5-Daniel-Ticau/install/turtlesim/share/turtlesim/cmake/turtlesimConfig-version.cmake
[0.871s] -- Up-to-date symlink: /home/danivm/TR-Autonomy-0.5-Daniel-Ticau/install/turtlesim/share/turtlesim/package.xml
[0.872s] -- Up-to-date: /home/danivm/TR-Autonomy-0.5-Daniel-Ticau/install/turtlesim/lib/libturtlesim__rosidl_generator_c.so
[0.872s] -- Up-to-date: /home/danivm/TR-Autonomy-0.5-Daniel-Ticau/install/turtlesim/lib/libturtlesim__rosidl_typesupport_fastrtps_c.so
[0.872s] -- Up-to-date: /home/danivm/TR-Autonomy-0.5-Daniel-Ticau/install/turtlesim/lib/libturtlesim__rosidl_typesupport_fastrtps_cpp.so
[0.872s] -- Up-to-date: /home/danivm/TR-Autonomy-0.5-Daniel-Ticau/install/turtlesim/lib/libturtlesim__rosidl_typesupport_introspection_c.so
[0.872s] -- Up-to-date: /home/danivm/TR-Autonomy-0.5-Daniel-Ticau/install/turtlesim/lib/libturtlesim__rosidl_typesupport_c.so
[0.872s] -- Up-to-date: /home/danivm/TR-Autonomy-0.5-Daniel-Ticau/install/turtlesim/lib/libturtlesim__rosidl_typesupport_introspection_cpp.so
[0.873s] -- Up-to-date: /home/danivm/TR-Autonomy-0.5-Daniel-Ticau/install/turtlesim/lib/libturtlesim__rosidl_typesupport_cpp.so
[0.884s] Listing '/home/danivm/TR-Autonomy-0.5-Daniel-Ticau/install/turtlesim/local/lib/python3.10/dist-packages/turtlesim'...
[0.884s] Compiling '/home/danivm/TR-Autonomy-0.5-Daniel-Ticau/install/turtlesim/local/lib/python3.10/dist-packages/turtlesim/__init__.py'...
[0.884s] Listing '/home/danivm/TR-Autonomy-0.5-Daniel-Ticau/install/turtlesim/local/lib/python3.10/dist-packages/turtlesim/action'...
[0.884s] Listing '/home/danivm/TR-Autonomy-0.5-Daniel-Ticau/install/turtlesim/local/lib/python3.10/dist-packages/turtlesim/msg'...
[0.884s] Listing '/home/danivm/TR-Autonomy-0.5-Daniel-Ticau/install/turtlesim/local/lib/python3.10/dist-packages/turtlesim/srv'...
[0.886s] -- Up-to-date: /home/danivm/TR-Autonomy-0.5-Daniel-Ticau/install/turtlesim/lib/libturtlesim__rosidl_generator_py.so
[0.886s] -- Up-to-date: /home/danivm/TR-Autonomy-0.5-Daniel-Ticau/install/turtlesim/share/turtlesim/images
[0.886s] -- Up-to-date: /home/danivm/TR-Autonomy-0.5-Daniel-Ticau/install/turtlesim/share/turtlesim/images/eloquent.png
[0.886s] -- Up-to-date: /home/danivm/TR-Autonomy-0.5-Daniel-Ticau/install/turtlesim/share/turtlesim/images/ardent.png
[0.886s] -- Up-to-date: /home/danivm/TR-Autonomy-0.5-Daniel-Ticau/install/turtlesim/share/turtlesim/images/dashing.png
[0.886s] -- Up-to-date: /home/danivm/TR-Autonomy-0.5-Daniel-Ticau/install/turtlesim/share/turtlesim/images/humble.png
[0.886s] -- Up-to-date: /home/danivm/TR-Autonomy-0.5-Daniel-Ticau/install/turtlesim/share/turtlesim/images/bouncy.png
[0.886s] -- Up-to-date: /home/danivm/TR-Autonomy-0.5-Daniel-Ticau/install/turtlesim/share/turtlesim/images/crystal.png
[0.886s] -- Up-to-date: /home/danivm/TR-Autonomy-0.5-Daniel-Ticau/install/turtlesim/share/turtlesim/images/galactic.png
[0.886s] -- Up-to-date: /home/danivm/TR-Autonomy-0.5-Daniel-Ticau/install/turtlesim/share/turtlesim/images/foxy.png
[0.886s] -- Up-to-date: /home/danivm/TR-Autonomy-0.5-Daniel-Ticau/install/turtlesim/share/turtlesim/images/rolling.png
[0.886s] -- Up-to-date: /home/danivm/TR-Autonomy-0.5-Daniel-Ticau/install/turtlesim/share/turtlesim/cmake/export_turtlesim__rosidl_generator_cExport.cmake
[0.886s] -- Up-to-date: /home/danivm/TR-Autonomy-0.5-Daniel-Ticau/install/turtlesim/share/turtlesim/cmake/export_turtlesim__rosidl_generator_cExport-noconfig.cmake
[0.886s] -- Up-to-date: /home/danivm/TR-Autonomy-0.5-Daniel-Ticau/install/turtlesim/share/turtlesim/cmake/export_turtlesim__rosidl_typesupport_fastrtps_cExport.cmake
[0.886s] -- Up-to-date: /home/danivm/TR-Autonomy-0.5-Daniel-Ticau/install/turtlesim/share/turtlesim/cmake/export_turtlesim__rosidl_typesupport_fastrtps_cExport-noconfig.cmake
[0.886s] -- Up-to-date: /home/danivm/TR-Autonomy-0.5-Daniel-Ticau/install/turtlesim/share/turtlesim/cmake/export_turtlesim__rosidl_generator_cppExport.cmake
[0.886s] -- Up-to-date: /home/danivm/TR-Autonomy-0.5-Daniel-Ticau/install/turtlesim/share/turtlesim/cmake/export_turtlesim__rosidl_typesupport_fastrtps_cppExport.cmake
[0.886s] -- Up-to-date: /home/danivm/TR-Autonomy-0.5-Daniel-Ticau/install/turtlesim/share/turtlesim/cmake/export_turtlesim__rosidl_typesupport_fastrtps_cppExport-noconfig.cmake
[0.886s] -- Up-to-date: /home/danivm/TR-Autonomy-0.5-Daniel-Ticau/install/turtlesim/share/turtlesim/cmake/turtlesim__rosidl_typesupport_introspection_cExport.cmake
[0.886s] -- Up-to-date: /home/danivm/TR-Autonomy-0.5-Daniel-Ticau/install/turtlesim/share/turtlesim/cmake/turtlesim__rosidl_typesupport_introspection_cExport-noconfig.cmake
[0.886s] -- Up-to-date: /home/danivm/TR-Autonomy-0.5-Daniel-Ticau/install/turtlesim/share/turtlesim/cmake/turtlesim__rosidl_typesupport_cExport.cmake
[0.886s] -- Up-to-date: /home/danivm/TR-Autonomy-0.5-Daniel-Ticau/install/turtlesim/share/turtlesim/cmake/turtlesim__rosidl_typesupport_cExport-noconfig.cmake
[0.886s] -- Up-to-date: /home/danivm/TR-Autonomy-0.5-Daniel-Ticau/install/turtlesim/share/turtlesim/cmake/turtlesim__rosidl_typesupport_introspection_cppExport.cmake
[0.886s] -- Up-to-date: /home/danivm/TR-Autonomy-0.5-Daniel-Ticau/install/turtlesim/share/turtlesim/cmake/turtlesim__rosidl_typesupport_introspection_cppExport-noconfig.cmake
[0.886s] -- Up-to-date: /home/danivm/TR-Autonomy-0.5-Daniel-Ticau/install/turtlesim/share/turtlesim/cmake/turtlesim__rosidl_typesupport_cppExport.cmake
[0.886s] -- Up-to-date: /home/danivm/TR-Autonomy-0.5-Daniel-Ticau/install/turtlesim/share/turtlesim/cmake/turtlesim__rosidl_typesupport_cppExport-noconfig.cmake
[0.887s] -- Up-to-date: /home/danivm/TR-Autonomy-0.5-Daniel-Ticau/install/turtlesim/share/turtlesim/cmake/export_turtlesim__rosidl_generator_pyExport.cmake
[0.887s] -- Up-to-date: /home/danivm/TR-Autonomy-0.5-Daniel-Ticau/install/turtlesim/share/turtlesim/cmake/export_turtlesim__rosidl_generator_pyExport-noconfig.cmake
[0.888s] Invoked command in '/home/danivm/TR-Autonomy-0.5-Daniel-Ticau/build/turtlesim' returned '0': CMAKE_PREFIX_PATH=/opt/ros/humble /usr/bin/cmake --install /home/danivm/TR-Autonomy-0.5-Daniel-Ticau/build/turtlesim
